Calibrated sigma = 0.8118 for eps=20.0
Verification: sigma=0.8118 -> eps=20.0004
!!!!!!!!!!!!!!!client model!!!!!!!!!!!!!!!!!!
<class 'transformers.models.bert.modeling_bert.BertModel'>
!!!!!!!!!!!!!!!client model!!!!!!!!!!!!!!!!!!
<class 'transformers.models.bert.modeling_bert.BertModel'>
!!!!!!!!!!!!!!!client model!!!!!!!!!!!!!!!!!!
<class 'transformers.models.bert.modeling_bert.BertModel'>
!!!!!!!!!!!!!!!client model!!!!!!!!!!!!!!!!!!
<class 'transformers.models.bert.modeling_bert.BertModel'>
!!!!!!!!!!!!!!!client model!!!!!!!!!!!!!!!!!!
<class 'transformers.models.bert.modeling_bert.BertModel'>
[DP-FedRAG eps=20.0] Starting training...
<class 'transformers.models.bert.modeling_bert.BertModel'>
[DP-Client 0] step 0/11, C=0.9905, σ=0.8118092727661133, ‖∇‖=1051.6603
[DP-Client 0] step 2/11, C=0.9905, σ=0.8118092727661133, ‖∇‖=1051.7017
[DP-Client 0] step 4/11, C=0.9905, σ=0.8118092727661133, ‖∇‖=1051.7277
[DP-Client 0] step 6/11, C=0.9905, σ=0.8118092727661133, ‖∇‖=1051.7809
[DP-Client 0] step 8/11, C=0.9905, σ=0.8118092727661133, ‖∇‖=1051.6927
[DP-Client 0] step 10/11, C=0.9905, σ=0.8118092727661133, ‖∇‖=1051.6588
[DP-Client 1] step 0/16, C=1.1226, σ=0.8118092727661133, ‖∇‖=1191.9044
[DP-Client 1] step 3/16, C=1.1226, σ=0.8118092727661133, ‖∇‖=1192.0642
[DP-Client 1] step 6/16, C=1.1226, σ=0.8118092727661133, ‖∇‖=1192.0332
[DP-Client 1] step 9/16, C=1.1226, σ=0.8118092727661133, ‖∇‖=1191.9966
[DP-Client 1] step 12/16, C=1.1226, σ=0.8118092727661133, ‖∇‖=1192.0665
[DP-Client 1] step 15/16, C=1.1226, σ=0.8118092727661133, ‖∇‖=1191.9348
[DP-Client 2] step 0/22, C=0.9970, σ=0.8118092727661133, ‖∇‖=1058.6403
[DP-Client 2] step 4/22, C=0.9970, σ=0.8118092727661133, ‖∇‖=1058.5997
[DP-Client 2] step 8/22, C=0.9970, σ=0.8118092727661133, ‖∇‖=1058.5771
[DP-Client 2] step 12/22, C=0.9970, σ=0.8118092727661133, ‖∇‖=1058.6342
[DP-Client 2] step 16/22, C=0.9970, σ=0.8118092727661133, ‖∇‖=1058.6473
[DP-Client 2] step 20/22, C=0.9970, σ=0.8118092727661133, ‖∇‖=1058.7140
[DP-Client 3] step 0/16, C=1.0732, σ=0.8118092727661133, ‖∇‖=1139.6039
[DP-Client 3] step 3/16, C=1.0732, σ=0.8118092727661133, ‖∇‖=1139.6891
[DP-Client 3] step 6/16, C=1.0732, σ=0.8118092727661133, ‖∇‖=1139.6888
[DP-Client 3] step 9/16, C=1.0732, σ=0.8118092727661133, ‖∇‖=1139.5877
[DP-Client 3] step 12/16, C=1.0732, σ=0.8118092727661133, ‖∇‖=1139.5398
[DP-Client 3] step 15/16, C=1.0732, σ=0.8118092727661133, ‖∇‖=1139.5722
[DP-Client 4] step 0/50, C=1.0495, σ=0.8118092727661133, ‖∇‖=1114.3073
[DP-Client 4] step 10/50, C=1.0495, σ=0.8118092727661133, ‖∇‖=1114.3218
[DP-Client 4] step 20/50, C=1.0495, σ=0.8118092727661133, ‖∇‖=1114.2605
[DP-Client 4] step 30/50, C=1.0495, σ=0.8118092727661133, ‖∇‖=1114.3255
[DP-Client 4] step 40/50, C=1.0495, σ=0.8118092727661133, ‖∇‖=1114.3546
[DP-Client 0] step 0/11, C=1.8683, σ=0.8118092727661133, ‖∇‖=1983.5253
[DP-Client 0] step 2/11, C=1.8683, σ=0.8118092727661133, ‖∇‖=1983.8352
[DP-Client 0] step 4/11, C=1.8683, σ=0.8118092727661133, ‖∇‖=1983.7789
[DP-Client 0] step 6/11, C=1.8683, σ=0.8118092727661133, ‖∇‖=1983.5246
[DP-Client 0] step 8/11, C=1.8683, σ=0.8118092727661133, ‖∇‖=1983.8135
[DP-Client 0] step 10/11, C=1.8683, σ=0.8118092727661133, ‖∇‖=1983.7944
[DP-Client 1] step 0/16, C=1.3693, σ=0.8118092727661133, ‖∇‖=1454.0322
[DP-Client 1] step 3/16, C=1.3693, σ=0.8118092727661133, ‖∇‖=1454.0491
[DP-Client 1] step 6/16, C=1.3693, σ=0.8118092727661133, ‖∇‖=1453.9866
[DP-Client 1] step 9/16, C=1.3693, σ=0.8118092727661133, ‖∇‖=1453.8853
[DP-Client 1] step 12/16, C=1.3693, σ=0.8118092727661133, ‖∇‖=1453.7320
[DP-Client 1] step 15/16, C=1.3693, σ=0.8118092727661133, ‖∇‖=1453.9071
[DP-Client 2] step 0/22, C=1.6803, σ=0.8118092727661133, ‖∇‖=1784.1842
[DP-Client 2] step 4/22, C=1.6803, σ=0.8118092727661133, ‖∇‖=1784.0136
[DP-Client 2] step 8/22, C=1.6803, σ=0.8118092727661133, ‖∇‖=1783.9974
[DP-Client 2] step 12/22, C=1.6803, σ=0.8118092727661133, ‖∇‖=1784.1045
[DP-Client 2] step 16/22, C=1.6803, σ=0.8118092727661133, ‖∇‖=1784.1693
[DP-Client 2] step 20/22, C=1.6803, σ=0.8118092727661133, ‖∇‖=1784.2290
[DP-Client 3] step 0/16, C=1.4974, σ=0.8118092727661133, ‖∇‖=1589.8509
[DP-Client 3] step 3/16, C=1.4974, σ=0.8118092727661133, ‖∇‖=1590.0034
[DP-Client 3] step 6/16, C=1.4974, σ=0.8118092727661133, ‖∇‖=1590.0402
[DP-Client 3] step 9/16, C=1.4974, σ=0.8118092727661133, ‖∇‖=1589.9809
[DP-Client 3] step 12/16, C=1.4974, σ=0.8118092727661133, ‖∇‖=1590.1154
[DP-Client 3] step 15/16, C=1.4974, σ=0.8118092727661133, ‖∇‖=1589.8225
[DP-Client 4] step 0/50, C=1.6753, σ=0.8118092727661133, ‖∇‖=1778.8024
[DP-Client 4] step 10/50, C=1.6753, σ=0.8118092727661133, ‖∇‖=1778.9780
[DP-Client 4] step 20/50, C=1.6753, σ=0.8118092727661133, ‖∇‖=1778.6828
[DP-Client 4] step 30/50, C=1.6753, σ=0.8118092727661133, ‖∇‖=1778.6546
[DP-Client 4] step 40/50, C=1.6753, σ=0.8118092727661133, ‖∇‖=1778.9871
[DP-Client 0] step 0/11, C=1.7802, σ=0.8118092727661133, ‖∇‖=1890.2154
[DP-Client 0] step 2/11, C=1.7802, σ=0.8118092727661133, ‖∇‖=1890.2872
[DP-Client 0] step 4/11, C=1.7802, σ=0.8118092727661133, ‖∇‖=1890.0067
[DP-Client 0] step 6/11, C=1.7802, σ=0.8118092727661133, ‖∇‖=1890.0912
[DP-Client 0] step 8/11, C=1.7802, σ=0.8118092727661133, ‖∇‖=1890.1819
[DP-Client 0] step 10/11, C=1.7802, σ=0.8118092727661133, ‖∇‖=1890.2514
[DP-Client 1] step 0/16, C=1.7961, σ=0.8118092727661133, ‖∇‖=1907.0171
[DP-Client 1] step 3/16, C=1.7961, σ=0.8118092727661133, ‖∇‖=1906.9863
[DP-Client 1] step 6/16, C=1.7961, σ=0.8118092727661133, ‖∇‖=1907.2426
[DP-Client 1] step 9/16, C=1.7961, σ=0.8118092727661133, ‖∇‖=1906.8802
[DP-Client 1] step 12/16, C=1.7961, σ=0.8118092727661133, ‖∇‖=1906.9187
[DP-Client 1] step 15/16, C=1.7961, σ=0.8118092727661133, ‖∇‖=1907.1322
[DP-Client 2] step 0/22, C=2.3168, σ=0.8118092727661133, ‖∇‖=2459.7219
[DP-Client 2] step 4/22, C=2.3168, σ=0.8118092727661133, ‖∇‖=2459.9017
[DP-Client 2] step 8/22, C=2.3168, σ=0.8118092727661133, ‖∇‖=2459.9343
[DP-Client 2] step 12/22, C=2.3168, σ=0.8118092727661133, ‖∇‖=2459.8496
[DP-Client 2] step 16/22, C=2.3168, σ=0.8118092727661133, ‖∇‖=2459.8085
[DP-Client 2] step 20/22, C=2.3168, σ=0.8118092727661133, ‖∇‖=2459.8161
[DP-Client 3] step 0/16, C=1.6599, σ=0.8118092727661133, ‖∇‖=1762.3364
[DP-Client 3] step 3/16, C=1.6599, σ=0.8118092727661133, ‖∇‖=1762.3985
[DP-Client 3] step 6/16, C=1.6599, σ=0.8118092727661133, ‖∇‖=1762.6787
[DP-Client 3] step 9/16, C=1.6599, σ=0.8118092727661133, ‖∇‖=1762.6647
[DP-Client 3] step 12/16, C=1.6599, σ=0.8118092727661133, ‖∇‖=1762.3638
[DP-Client 3] step 15/16, C=1.6599, σ=0.8118092727661133, ‖∇‖=1762.4372
[DP-Client 4] step 0/50, C=1.5299, σ=0.8118092727661133, ‖∇‖=1624.3567
[DP-Client 4] step 10/50, C=1.5299, σ=0.8118092727661133, ‖∇‖=1624.5449
[DP-Client 4] step 20/50, C=1.5299, σ=0.8118092727661133, ‖∇‖=1624.3598
[DP-Client 4] step 30/50, C=1.5299, σ=0.8118092727661133, ‖∇‖=1624.6037
[DP-Client 4] step 40/50, C=1.5299, σ=0.8118092727661133, ‖∇‖=1624.5473
[DP-Client 0] step 0/11, C=1.6675, σ=0.8118092727661133, ‖∇‖=1770.4920
[DP-Client 0] step 2/11, C=1.6675, σ=0.8118092727661133, ‖∇‖=1770.5541
[DP-Client 0] step 4/11, C=1.6675, σ=0.8118092727661133, ‖∇‖=1770.6867
[DP-Client 0] step 6/11, C=1.6675, σ=0.8118092727661133, ‖∇‖=1770.6880
[DP-Client 0] step 8/11, C=1.6675, σ=0.8118092727661133, ‖∇‖=1770.5842
[DP-Client 0] step 10/11, C=1.6675, σ=0.8118092727661133, ‖∇‖=1770.2567
[DP-Client 1] step 0/16, C=1.3165, σ=0.8118092727661133, ‖∇‖=1397.7848
[DP-Client 1] step 3/16, C=1.3165, σ=0.8118092727661133, ‖∇‖=1397.6690
[DP-Client 1] step 6/16, C=1.3165, σ=0.8118092727661133, ‖∇‖=1398.0283
[DP-Client 1] step 9/16, C=1.3165, σ=0.8118092727661133, ‖∇‖=1397.9499
[DP-Client 1] step 12/16, C=1.3165, σ=0.8118092727661133, ‖∇‖=1397.9777
[DP-Client 1] step 15/16, C=1.3165, σ=0.8118092727661133, ‖∇‖=1397.7170
[DP-Client 2] step 0/22, C=2.3952, σ=0.8118092727661133, ‖∇‖=2543.2211
[DP-Client 2] step 4/22, C=2.3952, σ=0.8118092727661133, ‖∇‖=2543.4886
[DP-Client 2] step 8/22, C=2.3952, σ=0.8118092727661133, ‖∇‖=2542.9862
[DP-Client 2] step 12/22, C=2.3952, σ=0.8118092727661133, ‖∇‖=2543.4114
[DP-Client 2] step 16/22, C=2.3952, σ=0.8118092727661133, ‖∇‖=2543.1439
[DP-Client 2] step 20/22, C=2.3952, σ=0.8118092727661133, ‖∇‖=2542.8764
[DP-Client 3] step 0/16, C=1.7615, σ=0.8118092727661133, ‖∇‖=1870.4752
[DP-Client 3] step 3/16, C=1.7615, σ=0.8118092727661133, ‖∇‖=1870.3799
[DP-Client 3] step 6/16, C=1.7615, σ=0.8118092727661133, ‖∇‖=1870.2531
[DP-Client 3] step 9/16, C=1.7615, σ=0.8118092727661133, ‖∇‖=1870.4458
[DP-Client 3] step 12/16, C=1.7615, σ=0.8118092727661133, ‖∇‖=1870.3000
[DP-Client 3] step 15/16, C=1.7615, σ=0.8118092727661133, ‖∇‖=1870.2973
[DP-Client 4] step 0/50, C=2.0182, σ=0.8118092727661133, ‖∇‖=2143.1405
[DP-Client 4] step 10/50, C=2.0182, σ=0.8118092727661133, ‖∇‖=2142.8747
[DP-Client 4] step 20/50, C=2.0182, σ=0.8118092727661133, ‖∇‖=2142.8158
[DP-Client 4] step 30/50, C=2.0182, σ=0.8118092727661133, ‖∇‖=2142.8975
[DP-Client 4] step 40/50, C=2.0182, σ=0.8118092727661133, ‖∇‖=2143.0666
[DP-Client 0] step 0/11, C=1.6779, σ=0.8118092727661133, ‖∇‖=1781.4546
[DP-Client 0] step 2/11, C=1.6779, σ=0.8118092727661133, ‖∇‖=1781.5282
[DP-Client 0] step 4/11, C=1.6779, σ=0.8118092727661133, ‖∇‖=1781.7494
[DP-Client 0] step 6/11, C=1.6779, σ=0.8118092727661133, ‖∇‖=1781.8243
[DP-Client 0] step 8/11, C=1.6779, σ=0.8118092727661133, ‖∇‖=1781.4979
[DP-Client 0] step 10/11, C=1.6779, σ=0.8118092727661133, ‖∇‖=1781.5706
[DP-Client 1] step 0/16, C=1.6457, σ=0.8118092727661133, ‖∇‖=1747.3357
[DP-Client 1] step 3/16, C=1.6457, σ=0.8118092727661133, ‖∇‖=1747.3526
[DP-Client 1] step 6/16, C=1.6457, σ=0.8118092727661133, ‖∇‖=1747.1708
[DP-Client 1] step 9/16, C=1.6457, σ=0.8118092727661133, ‖∇‖=1747.4519
[DP-Client 1] step 12/16, C=1.6457, σ=0.8118092727661133, ‖∇‖=1747.2714
[DP-Client 1] step 15/16, C=1.6457, σ=0.8118092727661133, ‖∇‖=1747.3440
[DP-Client 2] step 0/22, C=1.4590, σ=0.8118092727661133, ‖∇‖=1549.1308
[DP-Client 2] step 4/22, C=1.4590, σ=0.8118092727661133, ‖∇‖=1549.3154
[DP-Client 2] step 8/22, C=1.4590, σ=0.8118092727661133, ‖∇‖=1549.3720
[DP-Client 2] step 12/22, C=1.4590, σ=0.8118092727661133, ‖∇‖=1549.2375
[DP-Client 2] step 16/22, C=1.4590, σ=0.8118092727661133, ‖∇‖=1549.1176
[DP-Client 2] step 20/22, C=1.4590, σ=0.8118092727661133, ‖∇‖=1549.1789
[DP-Client 3] step 0/16, C=2.1771, σ=0.8118092727661133, ‖∇‖=2311.8017
[DP-Client 3] step 3/16, C=2.1771, σ=0.8118092727661133, ‖∇‖=2311.3651
[DP-Client 3] step 6/16, C=2.1771, σ=0.8118092727661133, ‖∇‖=2311.4903
[DP-Client 3] step 9/16, C=2.1771, σ=0.8118092727661133, ‖∇‖=2311.7501
[DP-Client 3] step 12/16, C=2.1771, σ=0.8118092727661133, ‖∇‖=2311.6962
[DP-Client 3] step 15/16, C=2.1771, σ=0.8118092727661133, ‖∇‖=2311.5485
[DP-Client 4] step 0/50, C=1.8305, σ=0.8118092727661133, ‖∇‖=1943.6035
[DP-Client 4] step 10/50, C=1.8305, σ=0.8118092727661133, ‖∇‖=1943.5821
[DP-Client 4] step 20/50, C=1.8305, σ=0.8118092727661133, ‖∇‖=1943.6695
[DP-Client 4] step 30/50, C=1.8305, σ=0.8118092727661133, ‖∇‖=1943.5600
[DP-Client 4] step 40/50, C=1.8305, σ=0.8118092727661133, ‖∇‖=1943.6872
[DP-Client 0] step 0/11, C=1.6696, σ=0.8118092727661133, ‖∇‖=1772.8267
[DP-Client 0] step 2/11, C=1.6696, σ=0.8118092727661133, ‖∇‖=1772.7999
[DP-Client 0] step 4/11, C=1.6696, σ=0.8118092727661133, ‖∇‖=1772.7784
[DP-Client 0] step 6/11, C=1.6696, σ=0.8118092727661133, ‖∇‖=1772.8972
[DP-Client 0] step 8/11, C=1.6696, σ=0.8118092727661133, ‖∇‖=1772.6424
[DP-Client 0] step 10/11, C=1.6696, σ=0.8118092727661133, ‖∇‖=1772.5888
[DP-Client 1] step 0/16, C=1.4754, σ=0.8118092727661133, ‖∇‖=1566.3817
[DP-Client 1] step 3/16, C=1.4754, σ=0.8118092727661133, ‖∇‖=1566.2568
[DP-Client 1] step 6/16, C=1.4754, σ=0.8118092727661133, ‖∇‖=1566.4611
[DP-Client 1] step 9/16, C=1.4754, σ=0.8118092727661133, ‖∇‖=1566.4272
[DP-Client 1] step 12/16, C=1.4754, σ=0.8118092727661133, ‖∇‖=1566.6751
[DP-Client 1] step 15/16, C=1.4754, σ=0.8118092727661133, ‖∇‖=1566.4400
[DP-Client 2] step 0/22, C=2.6198, σ=0.8118092727661133, ‖∇‖=2781.9855
[DP-Client 2] step 4/22, C=2.6198, σ=0.8118092727661133, ‖∇‖=2782.1034
[DP-Client 2] step 8/22, C=2.6198, σ=0.8118092727661133, ‖∇‖=2781.6699
[DP-Client 2] step 12/22, C=2.6198, σ=0.8118092727661133, ‖∇‖=2781.5972
[DP-Client 2] step 16/22, C=2.6198, σ=0.8118092727661133, ‖∇‖=2781.5343
[DP-Client 2] step 20/22, C=2.6198, σ=0.8118092727661133, ‖∇‖=2781.6800
[DP-Client 3] step 0/16, C=1.9037, σ=0.8118092727661133, ‖∇‖=2021.4270
[DP-Client 3] step 3/16, C=1.9037, σ=0.8118092727661133, ‖∇‖=2021.2996
[DP-Client 3] step 6/16, C=1.9037, σ=0.8118092727661133, ‖∇‖=2021.4464
[DP-Client 3] step 9/16, C=1.9037, σ=0.8118092727661133, ‖∇‖=2021.2846
[DP-Client 3] step 12/16, C=1.9037, σ=0.8118092727661133, ‖∇‖=2021.1801
[DP-Client 3] step 15/16, C=1.9037, σ=0.8118092727661133, ‖∇‖=2021.5508
[DP-Client 4] step 0/50, C=1.8687, σ=0.8118092727661133, ‖∇‖=1984.1503
[DP-Client 4] step 10/50, C=1.8687, σ=0.8118092727661133, ‖∇‖=1983.9754
[DP-Client 4] step 20/50, C=1.8687, σ=0.8118092727661133, ‖∇‖=1984.1115
[DP-Client 4] step 30/50, C=1.8687, σ=0.8118092727661133, ‖∇‖=1984.0834
[DP-Client 4] step 40/50, C=1.8687, σ=0.8118092727661133, ‖∇‖=1983.8865
[DP-Client 0] step 0/11, C=1.5388, σ=0.8118092727661133, ‖∇‖=1633.6984
[DP-Client 0] step 2/11, C=1.5388, σ=0.8118092727661133, ‖∇‖=1634.0550
[DP-Client 0] step 4/11, C=1.5388, σ=0.8118092727661133, ‖∇‖=1633.8514
[DP-Client 0] step 6/11, C=1.5388, σ=0.8118092727661133, ‖∇‖=1633.9930
[DP-Client 0] step 8/11, C=1.5388, σ=0.8118092727661133, ‖∇‖=1634.0386
[DP-Client 0] step 10/11, C=1.5388, σ=0.8118092727661133, ‖∇‖=1633.8429
[DP-Client 1] step 0/16, C=1.4561, σ=0.8118092727661133, ‖∇‖=1546.0210
[DP-Client 1] step 3/16, C=1.4561, σ=0.8118092727661133, ‖∇‖=1545.9366
[DP-Client 1] step 6/16, C=1.4561, σ=0.8118092727661133, ‖∇‖=1545.9508
[DP-Client 1] step 9/16, C=1.4561, σ=0.8118092727661133, ‖∇‖=1545.9781
[DP-Client 1] step 12/16, C=1.4561, σ=0.8118092727661133, ‖∇‖=1546.2507
[DP-Client 1] step 15/16, C=1.4561, σ=0.8118092727661133, ‖∇‖=1546.1419
[DP-Client 2] step 0/22, C=1.3610, σ=0.8118092727661133, ‖∇‖=1445.1966
[DP-Client 2] step 4/22, C=1.3610, σ=0.8118092727661133, ‖∇‖=1445.0486
[DP-Client 2] step 8/22, C=1.3610, σ=0.8118092727661133, ‖∇‖=1445.2594
[DP-Client 2] step 12/22, C=1.3610, σ=0.8118092727661133, ‖∇‖=1444.9294
[DP-Client 2] step 16/22, C=1.3610, σ=0.8118092727661133, ‖∇‖=1445.1696
[DP-Client 2] step 20/22, C=1.3610, σ=0.8118092727661133, ‖∇‖=1445.2164
[DP-Client 3] step 0/16, C=1.4235, σ=0.8118092727661133, ‖∇‖=1511.4977
[DP-Client 3] step 3/16, C=1.4235, σ=0.8118092727661133, ‖∇‖=1511.2630
[DP-Client 3] step 6/16, C=1.4235, σ=0.8118092727661133, ‖∇‖=1511.5274
[DP-Client 3] step 9/16, C=1.4235, σ=0.8118092727661133, ‖∇‖=1511.5571
[DP-Client 3] step 12/16, C=1.4235, σ=0.8118092727661133, ‖∇‖=1511.4368
[DP-Client 3] step 15/16, C=1.4235, σ=0.8118092727661133, ‖∇‖=1511.3929
[DP-Client 4] step 0/50, C=1.7809, σ=0.8118092727661133, ‖∇‖=1890.9578
[DP-Client 4] step 10/50, C=1.7809, σ=0.8118092727661133, ‖∇‖=1890.9601
[DP-Client 4] step 20/50, C=1.7809, σ=0.8118092727661133, ‖∇‖=1890.9510
[DP-Client 4] step 30/50, C=1.7809, σ=0.8118092727661133, ‖∇‖=1890.8472
[DP-Client 4] step 40/50, C=1.7809, σ=0.8118092727661133, ‖∇‖=1890.8642
[DP-Client 0] step 0/11, C=1.3423, σ=0.8118092727661133, ‖∇‖=1425.4775
[DP-Client 0] step 2/11, C=1.3423, σ=0.8118092727661133, ‖∇‖=1425.2142
[DP-Client 0] step 4/11, C=1.3423, σ=0.8118092727661133, ‖∇‖=1425.3160
[DP-Client 0] step 6/11, C=1.3423, σ=0.8118092727661133, ‖∇‖=1425.3814
[DP-Client 0] step 8/11, C=1.3423, σ=0.8118092727661133, ‖∇‖=1425.2493
[DP-Client 0] step 10/11, C=1.3423, σ=0.8118092727661133, ‖∇‖=1425.1970
[DP-Client 1] step 0/16, C=1.6025, σ=0.8118092727661133, ‖∇‖=1701.5832
[DP-Client 1] step 3/16, C=1.6025, σ=0.8118092727661133, ‖∇‖=1701.3303
[DP-Client 1] step 6/16, C=1.6025, σ=0.8118092727661133, ‖∇‖=1701.5415
[DP-Client 1] step 9/16, C=1.6025, σ=0.8118092727661133, ‖∇‖=1701.5437
[DP-Client 1] step 12/16, C=1.6025, σ=0.8118092727661133, ‖∇‖=1701.3344
[DP-Client 1] step 15/16, C=1.6025, σ=0.8118092727661133, ‖∇‖=1701.7146
[DP-Client 2] step 0/22, C=1.2096, σ=0.8118092727661133, ‖∇‖=1284.5659
[DP-Client 2] step 4/22, C=1.2096, σ=0.8118092727661133, ‖∇‖=1284.4263
[DP-Client 2] step 8/22, C=1.2096, σ=0.8118092727661133, ‖∇‖=1284.3180
[DP-Client 2] step 12/22, C=1.2096, σ=0.8118092727661133, ‖∇‖=1284.4527
[DP-Client 2] step 16/22, C=1.2096, σ=0.8118092727661133, ‖∇‖=1284.4147
[DP-Client 2] step 20/22, C=1.2096, σ=0.8118092727661133, ‖∇‖=1284.2244
[DP-Client 3] step 0/16, C=1.8511, σ=0.8118092727661133, ‖∇‖=1965.4195
[DP-Client 3] step 3/16, C=1.8511, σ=0.8118092727661133, ‖∇‖=1965.1753
[DP-Client 3] step 6/16, C=1.8511, σ=0.8118092727661133, ‖∇‖=1965.6146
[DP-Client 3] step 9/16, C=1.8511, σ=0.8118092727661133, ‖∇‖=1965.4341
[DP-Client 3] step 12/16, C=1.8511, σ=0.8118092727661133, ‖∇‖=1965.4278
[DP-Client 3] step 15/16, C=1.8511, σ=0.8118092727661133, ‖∇‖=1965.2068
[DP-Client 4] step 0/50, C=1.7054, σ=0.8118092727661133, ‖∇‖=1810.6507
[DP-Client 4] step 10/50, C=1.7054, σ=0.8118092727661133, ‖∇‖=1810.9120
[DP-Client 4] step 20/50, C=1.7054, σ=0.8118092727661133, ‖∇‖=1810.5693
[DP-Client 4] step 30/50, C=1.7054, σ=0.8118092727661133, ‖∇‖=1810.8927
[DP-Client 4] step 40/50, C=1.7054, σ=0.8118092727661133, ‖∇‖=1810.7176
[DP-Client 0] step 0/11, C=1.8324, σ=0.8118092727661133, ‖∇‖=1945.5810
[DP-Client 0] step 2/11, C=1.8324, σ=0.8118092727661133, ‖∇‖=1945.6382
[DP-Client 0] step 4/11, C=1.8324, σ=0.8118092727661133, ‖∇‖=1945.8308
[DP-Client 0] step 6/11, C=1.8324, σ=0.8118092727661133, ‖∇‖=1945.2990
[DP-Client 0] step 8/11, C=1.8324, σ=0.8118092727661133, ‖∇‖=1945.7171
[DP-Client 0] step 10/11, C=1.8324, σ=0.8118092727661133, ‖∇‖=1945.3475
[DP-Client 1] step 0/16, C=1.3387, σ=0.8118092727661133, ‖∇‖=1421.4055
[DP-Client 1] step 3/16, C=1.3387, σ=0.8118092727661133, ‖∇‖=1421.2715
[DP-Client 1] step 6/16, C=1.3387, σ=0.8118092727661133, ‖∇‖=1421.3516
[DP-Client 1] step 9/16, C=1.3387, σ=0.8118092727661133, ‖∇‖=1421.2804
[DP-Client 1] step 12/16, C=1.3387, σ=0.8118092727661133, ‖∇‖=1421.1769
[DP-Client 1] step 15/16, C=1.3387, σ=0.8118092727661133, ‖∇‖=1421.3470
[DP-Client 2] step 0/22, C=1.7385, σ=0.8118092727661133, ‖∇‖=1845.9310
[DP-Client 2] step 4/22, C=1.7385, σ=0.8118092727661133, ‖∇‖=1845.8876
[DP-Client 2] step 8/22, C=1.7385, σ=0.8118092727661133, ‖∇‖=1846.1823
[DP-Client 2] step 12/22, C=1.7385, σ=0.8118092727661133, ‖∇‖=1846.0140
[DP-Client 2] step 16/22, C=1.7385, σ=0.8118092727661133, ‖∇‖=1845.7865
[DP-Client 2] step 20/22, C=1.7385, σ=0.8118092727661133, ‖∇‖=1845.8541
[DP-Client 3] step 0/16, C=1.5311, σ=0.8118092727661133, ‖∇‖=1625.8774
[DP-Client 3] step 3/16, C=1.5311, σ=0.8118092727661133, ‖∇‖=1625.6732
[DP-Client 3] step 6/16, C=1.5311, σ=0.8118092727661133, ‖∇‖=1625.6854
[DP-Client 3] step 9/16, C=1.5311, σ=0.8118092727661133, ‖∇‖=1625.8577
[DP-Client 3] step 12/16, C=1.5311, σ=0.8118092727661133, ‖∇‖=1625.6748
[DP-Client 3] step 15/16, C=1.5311, σ=0.8118092727661133, ‖∇‖=1625.5737
[DP-Client 4] step 0/50, C=1.4206, σ=0.8118092727661133, ‖∇‖=1508.2387
[DP-Client 4] step 10/50, C=1.4206, σ=0.8118092727661133, ‖∇‖=1508.4662
[DP-Client 4] step 20/50, C=1.4206, σ=0.8118092727661133, ‖∇‖=1508.3002
[DP-Client 4] step 30/50, C=1.4206, σ=0.8118092727661133, ‖∇‖=1508.2780
[DP-Client 4] step 40/50, C=1.4206, σ=0.8118092727661133, ‖∇‖=1508.3140
[DP-Client 0] step 0/11, C=2.0508, σ=0.8118092727661133, ‖∇‖=2177.4725
[DP-Client 0] step 2/11, C=2.0508, σ=0.8118092727661133, ‖∇‖=2177.5593
[DP-Client 0] step 4/11, C=2.0508, σ=0.8118092727661133, ‖∇‖=2177.6603
[DP-Client 0] step 6/11, C=2.0508, σ=0.8118092727661133, ‖∇‖=2177.3075
[DP-Client 0] step 8/11, C=2.0508, σ=0.8118092727661133, ‖∇‖=2177.4179
[DP-Client 0] step 10/11, C=2.0508, σ=0.8118092727661133, ‖∇‖=2177.4454
[DP-Client 1] step 0/16, C=1.4154, σ=0.8118092727661133, ‖∇‖=1502.7066
[DP-Client 1] step 3/16, C=1.4154, σ=0.8118092727661133, ‖∇‖=1502.9512
[DP-Client 1] step 6/16, C=1.4154, σ=0.8118092727661133, ‖∇‖=1502.8485
[DP-Client 1] step 9/16, C=1.4154, σ=0.8118092727661133, ‖∇‖=1502.8012
[DP-Client 1] step 12/16, C=1.4154, σ=0.8118092727661133, ‖∇‖=1502.8899
[DP-Client 1] step 15/16, C=1.4154, σ=0.8118092727661133, ‖∇‖=1502.9094
[DP-Client 2] step 0/22, C=1.4604, σ=0.8118092727661133, ‖∇‖=1550.6917
[DP-Client 2] step 4/22, C=1.4604, σ=0.8118092727661133, ‖∇‖=1550.6584
[DP-Client 2] step 8/22, C=1.4604, σ=0.8118092727661133, ‖∇‖=1550.6730
[DP-Client 2] step 12/22, C=1.4604, σ=0.8118092727661133, ‖∇‖=1550.5282
[DP-Client 2] step 16/22, C=1.4604, σ=0.8118092727661133, ‖∇‖=1550.5215
[DP-Client 2] step 20/22, C=1.4604, σ=0.8118092727661133, ‖∇‖=1550.7858
[DP-Client 3] step 0/16, C=1.2256, σ=0.8118092727661133, ‖∇‖=1301.2163
[DP-Client 3] step 3/16, C=1.2256, σ=0.8118092727661133, ‖∇‖=1301.4674
[DP-Client 3] step 6/16, C=1.2256, σ=0.8118092727661133, ‖∇‖=1301.4130
[DP-Client 3] step 9/16, C=1.2256, σ=0.8118092727661133, ‖∇‖=1301.3386
[DP-Client 3] step 12/16, C=1.2256, σ=0.8118092727661133, ‖∇‖=1301.3586
[DP-Client 3] step 15/16, C=1.2256, σ=0.8118092727661133, ‖∇‖=1301.1222
[DP-Client 4] step 0/50, C=1.4294, σ=0.8118092727661133, ‖∇‖=1517.7316
[DP-Client 4] step 10/50, C=1.4294, σ=0.8118092727661133, ‖∇‖=1517.5043
[DP-Client 4] step 20/50, C=1.4294, σ=0.8118092727661133, ‖∇‖=1517.7876
[DP-Client 4] step 30/50, C=1.4294, σ=0.8118092727661133, ‖∇‖=1517.6591
[DP-Client 4] step 40/50, C=1.4294, σ=0.8118092727661133, ‖∇‖=1517.6918
[DP-Client 0] step 0/11, C=3.4186, σ=0.8118092727661133, ‖∇‖=3629.6749
[DP-Client 0] step 2/11, C=3.4186, σ=0.8118092727661133, ‖∇‖=3630.0226
[DP-Client 0] step 4/11, C=3.4186, σ=0.8118092727661133, ‖∇‖=3630.3085
[DP-Client 0] step 6/11, C=3.4186, σ=0.8118092727661133, ‖∇‖=3629.8926
[DP-Client 0] step 8/11, C=3.4186, σ=0.8118092727661133, ‖∇‖=3629.5158
[DP-Client 0] step 10/11, C=3.4186, σ=0.8118092727661133, ‖∇‖=3629.7112
[DP-Client 1] step 0/16, C=2.9064, σ=0.8118092727661133, ‖∇‖=3086.0747
[DP-Client 1] step 3/16, C=2.9064, σ=0.8118092727661133, ‖∇‖=3086.2921
[DP-Client 1] step 6/16, C=2.9064, σ=0.8118092727661133, ‖∇‖=3085.8666
[DP-Client 1] step 9/16, C=2.9064, σ=0.8118092727661133, ‖∇‖=3085.9673
[DP-Client 1] step 12/16, C=2.9064, σ=0.8118092727661133, ‖∇‖=3085.8726
[DP-Client 1] step 15/16, C=2.9064, σ=0.8118092727661133, ‖∇‖=3085.6703
[DP-Client 2] step 0/22, C=2.8868, σ=0.8118092727661133, ‖∇‖=3064.8478
[DP-Client 2] step 4/22, C=2.8868, σ=0.8118092727661133, ‖∇‖=3064.9517
[DP-Client 2] step 8/22, C=2.8868, σ=0.8118092727661133, ‖∇‖=3065.0617
[DP-Client 2] step 12/22, C=2.8868, σ=0.8118092727661133, ‖∇‖=3064.9869
[DP-Client 2] step 16/22, C=2.8868, σ=0.8118092727661133, ‖∇‖=3065.0882
[DP-Client 2] step 20/22, C=2.8868, σ=0.8118092727661133, ‖∇‖=3065.3574
[DP-Client 3] step 0/16, C=2.4294, σ=0.8118092727661133, ‖∇‖=2579.3799
[DP-Client 3] step 3/16, C=2.4294, σ=0.8118092727661133, ‖∇‖=2579.5737
[DP-Client 3] step 6/16, C=2.4294, σ=0.8118092727661133, ‖∇‖=2579.6182
[DP-Client 3] step 9/16, C=2.4294, σ=0.8118092727661133, ‖∇‖=2579.1552
[DP-Client 3] step 12/16, C=2.4294, σ=0.8118092727661133, ‖∇‖=2579.6142
[DP-Client 3] step 15/16, C=2.4294, σ=0.8118092727661133, ‖∇‖=2579.3560
[DP-Client 4] step 0/50, C=2.0684, σ=0.8118092727661133, ‖∇‖=2196.3714
[DP-Client 4] step 10/50, C=2.0684, σ=0.8118092727661133, ‖∇‖=2196.0877
[DP-Client 4] step 20/50, C=2.0684, σ=0.8118092727661133, ‖∇‖=2196.1599
[DP-Client 4] step 30/50, C=2.0684, σ=0.8118092727661133, ‖∇‖=2196.3301
[DP-Client 4] step 40/50, C=2.0684, σ=0.8118092727661133, ‖∇‖=2196.3851
[DP-Client 0] step 0/11, C=5.5890, σ=0.8118092727661133, ‖∇‖=5934.4343
[DP-Client 0] step 2/11, C=5.5890, σ=0.8118092727661133, ‖∇‖=5934.3831
[DP-Client 0] step 4/11, C=5.5890, σ=0.8118092727661133, ‖∇‖=5934.2256
[DP-Client 0] step 6/11, C=5.5890, σ=0.8118092727661133, ‖∇‖=5934.2694
[DP-Client 0] step 8/11, C=5.5890, σ=0.8118092727661133, ‖∇‖=5933.6380
[DP-Client 0] step 10/11, C=5.5890, σ=0.8118092727661133, ‖∇‖=5934.0495
[DP-Client 1] step 0/16, C=4.4991, σ=0.8118092727661133, ‖∇‖=4776.8004
[DP-Client 1] step 3/16, C=4.4991, σ=0.8118092727661133, ‖∇‖=4776.9492
[DP-Client 1] step 6/16, C=4.4991, σ=0.8118092727661133, ‖∇‖=4776.9499
[DP-Client 1] step 9/16, C=4.4991, σ=0.8118092727661133, ‖∇‖=4777.5007
[DP-Client 1] step 12/16, C=4.4991, σ=0.8118092727661133, ‖∇‖=4777.0288
[DP-Client 1] step 15/16, C=4.4991, σ=0.8118092727661133, ‖∇‖=4776.9743
[DP-Client 2] step 0/22, C=4.3332, σ=0.8118092727661133, ‖∇‖=4601.0556
[DP-Client 2] step 4/22, C=4.3332, σ=0.8118092727661133, ‖∇‖=4601.2240
[DP-Client 2] step 8/22, C=4.3332, σ=0.8118092727661133, ‖∇‖=4600.8141
[DP-Client 2] step 12/22, C=4.3332, σ=0.8118092727661133, ‖∇‖=4600.8553
[DP-Client 2] step 16/22, C=4.3332, σ=0.8118092727661133, ‖∇‖=4600.9595
[DP-Client 2] step 20/22, C=4.3332, σ=0.8118092727661133, ‖∇‖=4600.9322
[DP-Client 3] step 0/16, C=3.4791, σ=0.8118092727661133, ‖∇‖=3693.9437
[DP-Client 3] step 3/16, C=3.4791, σ=0.8118092727661133, ‖∇‖=3693.5919
[DP-Client 3] step 6/16, C=3.4791, σ=0.8118092727661133, ‖∇‖=3693.8454
[DP-Client 3] step 9/16, C=3.4791, σ=0.8118092727661133, ‖∇‖=3693.7770
[DP-Client 3] step 12/16, C=3.4791, σ=0.8118092727661133, ‖∇‖=3694.2064
[DP-Client 3] step 15/16, C=3.4791, σ=0.8118092727661133, ‖∇‖=3693.6042
[DP-Client 4] step 0/50, C=4.1577, σ=0.8118092727661133, ‖∇‖=4414.6850
[DP-Client 4] step 10/50, C=4.1577, σ=0.8118092727661133, ‖∇‖=4414.4162
[DP-Client 4] step 20/50, C=4.1577, σ=0.8118092727661133, ‖∇‖=4415.0909
[DP-Client 4] step 30/50, C=4.1577, σ=0.8118092727661133, ‖∇‖=4414.5417
[DP-Client 4] step 40/50, C=4.1577, σ=0.8118092727661133, ‖∇‖=4415.0018
[DP-Client 0] step 0/11, C=4.2274, σ=0.8118092727661133, ‖∇‖=4489.0581
[DP-Client 0] step 2/11, C=4.2274, σ=0.8118092727661133, ‖∇‖=4488.6589
[DP-Client 0] step 4/11, C=4.2274, σ=0.8118092727661133, ‖∇‖=4488.6503
[DP-Client 0] step 6/11, C=4.2274, σ=0.8118092727661133, ‖∇‖=4488.1272
[DP-Client 0] step 8/11, C=4.2274, σ=0.8118092727661133, ‖∇‖=4488.9370
[DP-Client 0] step 10/11, C=4.2274, σ=0.8118092727661133, ‖∇‖=4488.7621
[DP-Client 1] step 0/16, C=4.3182, σ=0.8118092727661133, ‖∇‖=4584.7807
[DP-Client 1] step 3/16, C=4.3182, σ=0.8118092727661133, ‖∇‖=4584.7388
[DP-Client 1] step 6/16, C=4.3182, σ=0.8118092727661133, ‖∇‖=4585.1439
[DP-Client 1] step 9/16, C=4.3182, σ=0.8118092727661133, ‖∇‖=4585.1940
[DP-Client 1] step 12/16, C=4.3182, σ=0.8118092727661133, ‖∇‖=4585.1466
[DP-Client 1] step 15/16, C=4.3182, σ=0.8118092727661133, ‖∇‖=4585.0484
[DP-Client 2] step 0/22, C=4.5573, σ=0.8118092727661133, ‖∇‖=4838.2088
[DP-Client 2] step 4/22, C=4.5573, σ=0.8118092727661133, ‖∇‖=4838.7134
[DP-Client 2] step 8/22, C=4.5573, σ=0.8118092727661133, ‖∇‖=4838.3664
[DP-Client 2] step 12/22, C=4.5573, σ=0.8118092727661133, ‖∇‖=4838.9515
[DP-Client 2] step 16/22, C=4.5573, σ=0.8118092727661133, ‖∇‖=4839.2903
[DP-Client 2] step 20/22, C=4.5573, σ=0.8118092727661133, ‖∇‖=4838.6960
[DP-Client 3] step 0/16, C=5.4020, σ=0.8118092727661133, ‖∇‖=5735.7705
[DP-Client 3] step 3/16, C=5.4020, σ=0.8118092727661133, ‖∇‖=5735.4714
[DP-Client 3] step 6/16, C=5.4020, σ=0.8118092727661133, ‖∇‖=5734.8448
[DP-Client 3] step 9/16, C=5.4020, σ=0.8118092727661133, ‖∇‖=5735.3420
[DP-Client 3] step 12/16, C=5.4020, σ=0.8118092727661133, ‖∇‖=5735.2220
[DP-Client 3] step 15/16, C=5.4020, σ=0.8118092727661133, ‖∇‖=5735.6628
[DP-Client 4] step 0/50, C=3.5273, σ=0.8118092727661133, ‖∇‖=3745.0091
[DP-Client 4] step 10/50, C=3.5273, σ=0.8118092727661133, ‖∇‖=3745.3254
[DP-Client 4] step 20/50, C=3.5273, σ=0.8118092727661133, ‖∇‖=3745.4509
[DP-Client 4] step 30/50, C=3.5273, σ=0.8118092727661133, ‖∇‖=3744.9166
[DP-Client 4] step 40/50, C=3.5273, σ=0.8118092727661133, ‖∇‖=3745.1719
[DP-Client 0] step 0/11, C=8.9424, σ=0.8118092727661133, ‖∇‖=9494.1394
[DP-Client 0] step 2/11, C=8.9424, σ=0.8118092727661133, ‖∇‖=9494.0579
[DP-Client 0] step 4/11, C=8.9424, σ=0.8118092727661133, ‖∇‖=9494.8070
[DP-Client 0] step 6/11, C=8.9424, σ=0.8118092727661133, ‖∇‖=9495.1424
[DP-Client 0] step 8/11, C=8.9424, σ=0.8118092727661133, ‖∇‖=9494.9701
[DP-Client 0] step 10/11, C=8.9424, σ=0.8118092727661133, ‖∇‖=9494.4672
[DP-Client 1] step 0/16, C=8.9923, σ=0.8118092727661133, ‖∇‖=9547.6538
[DP-Client 1] step 3/16, C=8.9923, σ=0.8118092727661133, ‖∇‖=9547.1049
[DP-Client 1] step 6/16, C=8.9923, σ=0.8118092727661133, ‖∇‖=9547.2015
[DP-Client 1] step 9/16, C=8.9923, σ=0.8118092727661133, ‖∇‖=9547.3541
[DP-Client 1] step 12/16, C=8.9923, σ=0.8118092727661133, ‖∇‖=9549.2202
[DP-Client 1] step 15/16, C=8.9923, σ=0.8118092727661133, ‖∇‖=9548.3121
[DP-Client 2] step 0/22, C=8.1597, σ=0.8118092727661133, ‖∇‖=8663.1208
[DP-Client 2] step 4/22, C=8.1597, σ=0.8118092727661133, ‖∇‖=8662.4745
[DP-Client 2] step 8/22, C=8.1597, σ=0.8118092727661133, ‖∇‖=8663.4937
[DP-Client 2] step 12/22, C=8.1597, σ=0.8118092727661133, ‖∇‖=8664.1722
[DP-Client 2] step 16/22, C=8.1597, σ=0.8118092727661133, ‖∇‖=8664.0196
[DP-Client 2] step 20/22, C=8.1597, σ=0.8118092727661133, ‖∇‖=8663.9219
[DP-Client 3] step 0/16, C=13.5986, σ=0.8118092727661133, ‖∇‖=14437.5540
[DP-Client 3] step 3/16, C=13.5986, σ=0.8118092727661133, ‖∇‖=14438.6704
[DP-Client 3] step 6/16, C=13.5986, σ=0.8118092727661133, ‖∇‖=14438.6368
[DP-Client 3] step 9/16, C=13.5986, σ=0.8118092727661133, ‖∇‖=14436.9383
[DP-Client 3] step 12/16, C=13.5986, σ=0.8118092727661133, ‖∇‖=14437.3790
[DP-Client 3] step 15/16, C=13.5986, σ=0.8118092727661133, ‖∇‖=14438.9669
[DP-Client 4] step 0/50, C=13.7846, σ=0.8118092727661133, ‖∇‖=14634.4828
[DP-Client 4] step 10/50, C=13.7846, σ=0.8118092727661133, ‖∇‖=14635.0068
[DP-Client 4] step 20/50, C=13.7846, σ=0.8118092727661133, ‖∇‖=14636.2200
[DP-Client 4] step 30/50, C=13.7846, σ=0.8118092727661133, ‖∇‖=14638.2823
[DP-Client 4] step 40/50, C=13.7846, σ=0.8118092727661133, ‖∇‖=14635.2285
[DP-Client 0] step 0/11, C=12.0554, σ=0.8118092727661133, ‖∇‖=12799.9560
[DP-Client 0] step 2/11, C=12.0554, σ=0.8118092727661133, ‖∇‖=12799.2008
[DP-Client 0] step 4/11, C=12.0554, σ=0.8118092727661133, ‖∇‖=12799.7222
[DP-Client 0] step 6/11, C=12.0554, σ=0.8118092727661133, ‖∇‖=12800.8800
[DP-Client 0] step 8/11, C=12.0554, σ=0.8118092727661133, ‖∇‖=12799.1021
[DP-Client 0] step 10/11, C=12.0554, σ=0.8118092727661133, ‖∇‖=12801.1812
[DP-Client 1] step 0/16, C=13.9494, σ=0.8118092727661133, ‖∇‖=14810.4746
[DP-Client 1] step 3/16, C=13.9494, σ=0.8118092727661133, ‖∇‖=14808.9878
[DP-Client 1] step 6/16, C=13.9494, σ=0.8118092727661133, ‖∇‖=14811.4396
[DP-Client 1] step 9/16, C=13.9494, σ=0.8118092727661133, ‖∇‖=14810.6359
[DP-Client 1] step 12/16, C=13.9494, σ=0.8118092727661133, ‖∇‖=14812.1963
[DP-Client 1] step 15/16, C=13.9494, σ=0.8118092727661133, ‖∇‖=14812.0992
[DP-Client 2] step 0/22, C=13.7363, σ=0.8118092727661133, ‖∇‖=14584.7546
[DP-Client 2] step 4/22, C=13.7363, σ=0.8118092727661133, ‖∇‖=14586.6734
[DP-Client 2] step 8/22, C=13.7363, σ=0.8118092727661133, ‖∇‖=14583.9598
[DP-Client 2] step 12/22, C=13.7363, σ=0.8118092727661133, ‖∇‖=14584.6555
[DP-Client 2] step 16/22, C=13.7363, σ=0.8118092727661133, ‖∇‖=14582.9600
[DP-Client 2] step 20/22, C=13.7363, σ=0.8118092727661133, ‖∇‖=14585.5709
[DP-Client 3] step 0/16, C=15.8054, σ=0.8118092727661133, ‖∇‖=16781.2444
[DP-Client 3] step 3/16, C=15.8054, σ=0.8118092727661133, ‖∇‖=16782.8484
[DP-Client 3] step 6/16, C=15.8054, σ=0.8118092727661133, ‖∇‖=16781.6873
[DP-Client 3] step 9/16, C=15.8054, σ=0.8118092727661133, ‖∇‖=16782.1968
[DP-Client 3] step 12/16, C=15.8054, σ=0.8118092727661133, ‖∇‖=16783.9660
[DP-Client 3] step 15/16, C=15.8054, σ=0.8118092727661133, ‖∇‖=16780.8504
[DP-Client 4] step 0/50, C=18.3649, σ=0.8118092727661133, ‖∇‖=19501.5604
[DP-Client 4] step 10/50, C=18.3649, σ=0.8118092727661133, ‖∇‖=19500.0294
[DP-Client 4] step 20/50, C=18.3649, σ=0.8118092727661133, ‖∇‖=19499.6553
[DP-Client 4] step 30/50, C=18.3649, σ=0.8118092727661133, ‖∇‖=19499.8467
[DP-Client 4] step 40/50, C=18.3649, σ=0.8118092727661133, ‖∇‖=19501.9479
[DP-Client 0] step 0/11, C=13.4453, σ=0.8118092727661133, ‖∇‖=14276.5936
[DP-Client 0] step 2/11, C=13.4453, σ=0.8118092727661133, ‖∇‖=14277.1236
[DP-Client 0] step 4/11, C=13.4453, σ=0.8118092727661133, ‖∇‖=14276.4131
[DP-Client 0] step 6/11, C=13.4453, σ=0.8118092727661133, ‖∇‖=14275.5238
[DP-Client 0] step 8/11, C=13.4453, σ=0.8118092727661133, ‖∇‖=14276.8693
[DP-Client 0] step 10/11, C=13.4453, σ=0.8118092727661133, ‖∇‖=14276.0603
[DP-Client 1] step 0/16, C=10.7204, σ=0.8118092727661133, ‖∇‖=11382.3581
[DP-Client 1] step 3/16, C=10.7204, σ=0.8118092727661133, ‖∇‖=11383.1174
[DP-Client 1] step 6/16, C=10.7204, σ=0.8118092727661133, ‖∇‖=11382.5885
[DP-Client 1] step 9/16, C=10.7204, σ=0.8118092727661133, ‖∇‖=11382.4952
[DP-Client 1] step 12/16, C=10.7204, σ=0.8118092727661133, ‖∇‖=11381.7509
[DP-Client 1] step 15/16, C=10.7204, σ=0.8118092727661133, ‖∇‖=11383.0357
[DP-Client 2] step 0/22, C=12.4204, σ=0.8118092727661133, ‖∇‖=13188.5342
[DP-Client 2] step 4/22, C=12.4204, σ=0.8118092727661133, ‖∇‖=13189.2598
[DP-Client 2] step 8/22, C=12.4204, σ=0.8118092727661133, ‖∇‖=13189.1959
[DP-Client 2] step 12/22, C=12.4204, σ=0.8118092727661133, ‖∇‖=13188.2830
[DP-Client 2] step 16/22, C=12.4204, σ=0.8118092727661133, ‖∇‖=13186.5994
[DP-Client 2] step 20/22, C=12.4204, σ=0.8118092727661133, ‖∇‖=13189.4821
[DP-Client 3] step 0/16, C=12.8917, σ=0.8118092727661133, ‖∇‖=13688.5080
[DP-Client 3] step 3/16, C=12.8917, σ=0.8118092727661133, ‖∇‖=13688.7332
[DP-Client 3] step 6/16, C=12.8917, σ=0.8118092727661133, ‖∇‖=13689.1468
[DP-Client 3] step 9/16, C=12.8917, σ=0.8118092727661133, ‖∇‖=13686.5624
[DP-Client 3] step 12/16, C=12.8917, σ=0.8118092727661133, ‖∇‖=13687.3361
[DP-Client 3] step 15/16, C=12.8917, σ=0.8118092727661133, ‖∇‖=13689.4190
[DP-Client 4] step 0/50, C=10.0319, σ=0.8118092727661133, ‖∇‖=10651.5176
[DP-Client 4] step 10/50, C=10.0319, σ=0.8118092727661133, ‖∇‖=10651.4705
[DP-Client 4] step 20/50, C=10.0319, σ=0.8118092727661133, ‖∇‖=10652.0678
[DP-Client 4] step 30/50, C=10.0319, σ=0.8118092727661133, ‖∇‖=10651.9502
[DP-Client 4] step 40/50, C=10.0319, σ=0.8118092727661133, ‖∇‖=10651.6002
[DP-Client 0] step 0/11, C=5.3950, σ=0.8118092727661133, ‖∇‖=5728.4052
[DP-Client 0] step 2/11, C=5.3950, σ=0.8118092727661133, ‖∇‖=5728.3965
[DP-Client 0] step 4/11, C=5.3950, σ=0.8118092727661133, ‖∇‖=5728.7253
[DP-Client 0] step 6/11, C=5.3950, σ=0.8118092727661133, ‖∇‖=5728.5374
[DP-Client 0] step 8/11, C=5.3950, σ=0.8118092727661133, ‖∇‖=5728.7189
[DP-Client 0] step 10/11, C=5.3950, σ=0.8118092727661133, ‖∇‖=5728.1300
[DP-Client 1] step 0/16, C=5.6497, σ=0.8118092727661133, ‖∇‖=5998.5409
[DP-Client 1] step 3/16, C=5.6497, σ=0.8118092727661133, ‖∇‖=5999.7088
[DP-Client 1] step 6/16, C=5.6497, σ=0.8118092727661133, ‖∇‖=5999.2547
[DP-Client 1] step 9/16, C=5.6497, σ=0.8118092727661133, ‖∇‖=5999.4204
[DP-Client 1] step 12/16, C=5.6497, σ=0.8118092727661133, ‖∇‖=5997.6782
[DP-Client 1] step 15/16, C=5.6497, σ=0.8118092727661133, ‖∇‖=5999.1477
[DP-Client 2] step 0/22, C=4.5249, σ=0.8118092727661133, ‖∇‖=4804.0491
[DP-Client 2] step 4/22, C=4.5249, σ=0.8118092727661133, ‖∇‖=4804.0696
[DP-Client 2] step 8/22, C=4.5249, σ=0.8118092727661133, ‖∇‖=4804.6239
[DP-Client 2] step 12/22, C=4.5249, σ=0.8118092727661133, ‖∇‖=4805.1471
[DP-Client 2] step 16/22, C=4.5249, σ=0.8118092727661133, ‖∇‖=4804.5087
[DP-Client 2] step 20/22, C=4.5249, σ=0.8118092727661133, ‖∇‖=4804.5738
[DP-Client 3] step 0/16, C=5.0985, σ=0.8118092727661133, ‖∇‖=5413.4937
[DP-Client 3] step 3/16, C=5.0985, σ=0.8118092727661133, ‖∇‖=5413.4927
[DP-Client 3] step 6/16, C=5.0985, σ=0.8118092727661133, ‖∇‖=5413.1142
[DP-Client 3] step 9/16, C=5.0985, σ=0.8118092727661133, ‖∇‖=5413.7369
[DP-Client 3] step 12/16, C=5.0985, σ=0.8118092727661133, ‖∇‖=5414.2266
[DP-Client 3] step 15/16, C=5.0985, σ=0.8118092727661133, ‖∇‖=5413.5438
[DP-Client 4] step 0/50, C=4.9459, σ=0.8118092727661133, ‖∇‖=5251.3295
[DP-Client 4] step 10/50, C=4.9459, σ=0.8118092727661133, ‖∇‖=5251.2335
[DP-Client 4] step 20/50, C=4.9459, σ=0.8118092727661133, ‖∇‖=5251.1183
[DP-Client 4] step 30/50, C=4.9459, σ=0.8118092727661133, ‖∇‖=5251.5929
[DP-Client 4] step 40/50, C=4.9459, σ=0.8118092727661133, ‖∇‖=5250.9314
[DP-Client 0] step 0/11, C=3.2206, σ=0.8118092727661133, ‖∇‖=3419.3932
[DP-Client 0] step 2/11, C=3.2206, σ=0.8118092727661133, ‖∇‖=3419.4382
[DP-Client 0] step 4/11, C=3.2206, σ=0.8118092727661133, ‖∇‖=3419.8341
[DP-Client 0] step 6/11, C=3.2206, σ=0.8118092727661133, ‖∇‖=3419.5830
[DP-Client 0] step 8/11, C=3.2206, σ=0.8118092727661133, ‖∇‖=3419.8732
[DP-Client 0] step 10/11, C=3.2206, σ=0.8118092727661133, ‖∇‖=3419.7440
[DP-Client 1] step 0/16, C=3.4584, σ=0.8118092727661133, ‖∇‖=3672.2914
[DP-Client 1] step 3/16, C=3.4584, σ=0.8118092727661133, ‖∇‖=3671.9549
[DP-Client 1] step 6/16, C=3.4584, σ=0.8118092727661133, ‖∇‖=3671.9479
[DP-Client 1] step 9/16, C=3.4584, σ=0.8118092727661133, ‖∇‖=3671.6778
[DP-Client 1] step 12/16, C=3.4584, σ=0.8118092727661133, ‖∇‖=3671.8398
[DP-Client 1] step 15/16, C=3.4584, σ=0.8118092727661133, ‖∇‖=3672.1333
[DP-Client 2] step 0/22, C=2.5426, σ=0.8118092727661133, ‖∇‖=2699.5443
[DP-Client 2] step 4/22, C=2.5426, σ=0.8118092727661133, ‖∇‖=2699.9256
[DP-Client 2] step 8/22, C=2.5426, σ=0.8118092727661133, ‖∇‖=2700.0489
[DP-Client 2] step 12/22, C=2.5426, σ=0.8118092727661133, ‖∇‖=2699.7552
[DP-Client 2] step 16/22, C=2.5426, σ=0.8118092727661133, ‖∇‖=2699.5819
[DP-Client 2] step 20/22, C=2.5426, σ=0.8118092727661133, ‖∇‖=2699.6779
[DP-Client 3] step 0/16, C=2.6775, σ=0.8118092727661133, ‖∇‖=2842.4817
[DP-Client 3] step 3/16, C=2.6775, σ=0.8118092727661133, ‖∇‖=2842.6405
[DP-Client 3] step 6/16, C=2.6775, σ=0.8118092727661133, ‖∇‖=2843.0095
[DP-Client 3] step 9/16, C=2.6775, σ=0.8118092727661133, ‖∇‖=2842.9281
[DP-Client 3] step 12/16, C=2.6775, σ=0.8118092727661133, ‖∇‖=2842.9466
[DP-Client 3] step 15/16, C=2.6775, σ=0.8118092727661133, ‖∇‖=2843.1180
[DP-Client 4] step 0/50, C=2.7220, σ=0.8118092727661133, ‖∇‖=2890.1934
[DP-Client 4] step 10/50, C=2.7220, σ=0.8118092727661133, ‖∇‖=2890.0166
[DP-Client 4] step 20/50, C=2.7220, σ=0.8118092727661133, ‖∇‖=2890.1245
[DP-Client 4] step 30/50, C=2.7220, σ=0.8118092727661133, ‖∇‖=2889.9852
[DP-Client 4] step 40/50, C=2.7220, σ=0.8118092727661133, ‖∇‖=2890.2935
[DP-Client 0] step 0/11, C=2.5917, σ=0.8118092727661133, ‖∇‖=2751.7632
[DP-Client 0] step 2/11, C=2.5917, σ=0.8118092727661133, ‖∇‖=2751.8284
[DP-Client 0] step 4/11, C=2.5917, σ=0.8118092727661133, ‖∇‖=2752.1584
[DP-Client 0] step 6/11, C=2.5917, σ=0.8118092727661133, ‖∇‖=2752.1248
[DP-Client 0] step 8/11, C=2.5917, σ=0.8118092727661133, ‖∇‖=2751.8617
[DP-Client 0] step 10/11, C=2.5917, σ=0.8118092727661133, ‖∇‖=2751.7534
[DP-Client 1] step 0/16, C=2.0987, σ=0.8118092727661133, ‖∇‖=2228.4302
[DP-Client 1] step 3/16, C=2.0987, σ=0.8118092727661133, ‖∇‖=2228.2326
[DP-Client 1] step 6/16, C=2.0987, σ=0.8118092727661133, ‖∇‖=2228.3033
[DP-Client 1] step 9/16, C=2.0987, σ=0.8118092727661133, ‖∇‖=2228.4646
[DP-Client 1] step 12/16, C=2.0987, σ=0.8118092727661133, ‖∇‖=2228.5248
[DP-Client 1] step 15/16, C=2.0987, σ=0.8118092727661133, ‖∇‖=2228.3647
[DP-Client 2] step 0/22, C=2.3115, σ=0.8118092727661133, ‖∇‖=2454.4176
[DP-Client 2] step 4/22, C=2.3115, σ=0.8118092727661133, ‖∇‖=2454.1818
[DP-Client 2] step 8/22, C=2.3115, σ=0.8118092727661133, ‖∇‖=2454.3232
[DP-Client 2] step 12/22, C=2.3115, σ=0.8118092727661133, ‖∇‖=2454.3277
[DP-Client 2] step 16/22, C=2.3115, σ=0.8118092727661133, ‖∇‖=2454.1826
[DP-Client 2] step 20/22, C=2.3115, σ=0.8118092727661133, ‖∇‖=2454.1220
[DP-Client 3] step 0/16, C=2.4006, σ=0.8118092727661133, ‖∇‖=2548.7903
[DP-Client 3] step 3/16, C=2.4006, σ=0.8118092727661133, ‖∇‖=2549.0109
[DP-Client 3] step 6/16, C=2.4006, σ=0.8118092727661133, ‖∇‖=2548.9862
[DP-Client 3] step 9/16, C=2.4006, σ=0.8118092727661133, ‖∇‖=2549.0832
[DP-Client 3] step 12/16, C=2.4006, σ=0.8118092727661133, ‖∇‖=2549.5553
[DP-Client 3] step 15/16, C=2.4006, σ=0.8118092727661133, ‖∇‖=2549.0566
[DP-Client 4] step 0/50, C=2.2333, σ=0.8118092727661133, ‖∇‖=2371.1259
[DP-Client 4] step 10/50, C=2.2333, σ=0.8118092727661133, ‖∇‖=2371.2270
[DP-Client 4] step 20/50, C=2.2333, σ=0.8118092727661133, ‖∇‖=2371.4214
[DP-Client 4] step 30/50, C=2.2333, σ=0.8118092727661133, ‖∇‖=2371.1938
[DP-Client 4] step 40/50, C=2.2333, σ=0.8118092727661133, ‖∇‖=2371.0955
[DP-Client 0] step 0/11, C=2.1201, σ=0.8118092727661133, ‖∇‖=2251.2497
[DP-Client 0] step 2/11, C=2.1201, σ=0.8118092727661133, ‖∇‖=2251.0808
[DP-Client 0] step 4/11, C=2.1201, σ=0.8118092727661133, ‖∇‖=2251.0415
[DP-Client 0] step 6/11, C=2.1201, σ=0.8118092727661133, ‖∇‖=2251.0332
[DP-Client 0] step 8/11, C=2.1201, σ=0.8118092727661133, ‖∇‖=2250.9486
[DP-Client 0] step 10/11, C=2.1201, σ=0.8118092727661133, ‖∇‖=2250.9359
[DP-Client 1] step 0/16, C=2.4206, σ=0.8118092727661133, ‖∇‖=2570.2053
[DP-Client 1] step 3/16, C=2.4206, σ=0.8118092727661133, ‖∇‖=2569.9791
[DP-Client 1] step 6/16, C=2.4206, σ=0.8118092727661133, ‖∇‖=2570.3734
[DP-Client 1] step 9/16, C=2.4206, σ=0.8118092727661133, ‖∇‖=2570.5235
[DP-Client 1] step 12/16, C=2.4206, σ=0.8118092727661133, ‖∇‖=2570.1126
[DP-Client 1] step 15/16, C=2.4206, σ=0.8118092727661133, ‖∇‖=2570.2207
[DP-Client 2] step 0/22, C=2.4634, σ=0.8118092727661133, ‖∇‖=2615.6847
[DP-Client 2] step 4/22, C=2.4634, σ=0.8118092727661133, ‖∇‖=2615.8426
[DP-Client 2] step 8/22, C=2.4634, σ=0.8118092727661133, ‖∇‖=2615.8086
[DP-Client 2] step 12/22, C=2.4634, σ=0.8118092727661133, ‖∇‖=2615.4125
[DP-Client 2] step 16/22, C=2.4634, σ=0.8118092727661133, ‖∇‖=2615.7494
[DP-Client 2] step 20/22, C=2.4634, σ=0.8118092727661133, ‖∇‖=2615.6606
[DP-Client 3] step 0/16, C=2.1672, σ=0.8118092727661133, ‖∇‖=2300.8374
[DP-Client 3] step 3/16, C=2.1672, σ=0.8118092727661133, ‖∇‖=2301.3118
[DP-Client 3] step 6/16, C=2.1672, σ=0.8118092727661133, ‖∇‖=2301.1948
[DP-Client 3] step 9/16, C=2.1672, σ=0.8118092727661133, ‖∇‖=2301.2102
[DP-Client 3] step 12/16, C=2.1672, σ=0.8118092727661133, ‖∇‖=2301.0855
[DP-Client 3] step 15/16, C=2.1672, σ=0.8118092727661133, ‖∇‖=2301.2310
[DP-Client 4] step 0/50, C=1.9819, σ=0.8118092727661133, ‖∇‖=2103.9891
[DP-Client 4] step 10/50, C=1.9819, σ=0.8118092727661133, ‖∇‖=2104.4804
[DP-Client 4] step 20/50, C=1.9819, σ=0.8118092727661133, ‖∇‖=2104.2865
[DP-Client 4] step 30/50, C=1.9819, σ=0.8118092727661133, ‖∇‖=2104.3922
[DP-Client 4] step 40/50, C=1.9819, σ=0.8118092727661133, ‖∇‖=2104.4613
[DP-Client 0] step 0/11, C=2.1397, σ=0.8118092727661133, ‖∇‖=2271.6432
[DP-Client 0] step 2/11, C=2.1397, σ=0.8118092727661133, ‖∇‖=2271.8022
[DP-Client 0] step 4/11, C=2.1397, σ=0.8118092727661133, ‖∇‖=2272.1792
[DP-Client 0] step 6/11, C=2.1397, σ=0.8118092727661133, ‖∇‖=2271.9186
[DP-Client 0] step 8/11, C=2.1397, σ=0.8118092727661133, ‖∇‖=2271.7130
[DP-Client 0] step 10/11, C=2.1397, σ=0.8118092727661133, ‖∇‖=2271.9324
[DP-Client 1] step 0/16, C=2.3708, σ=0.8118092727661133, ‖∇‖=2517.1586
[DP-Client 1] step 3/16, C=2.3708, σ=0.8118092727661133, ‖∇‖=2517.5521
[DP-Client 1] step 6/16, C=2.3708, σ=0.8118092727661133, ‖∇‖=2517.3646
[DP-Client 1] step 9/16, C=2.3708, σ=0.8118092727661133, ‖∇‖=2517.2180
[DP-Client 1] step 12/16, C=2.3708, σ=0.8118092727661133, ‖∇‖=2517.3015
[DP-Client 1] step 15/16, C=2.3708, σ=0.8118092727661133, ‖∇‖=2517.4357
[DP-Client 2] step 0/22, C=2.6107, σ=0.8118092727661133, ‖∇‖=2772.1971
[DP-Client 2] step 4/22, C=2.6107, σ=0.8118092727661133, ‖∇‖=2771.8068
[DP-Client 2] step 8/22, C=2.6107, σ=0.8118092727661133, ‖∇‖=2771.7884
[DP-Client 2] step 12/22, C=2.6107, σ=0.8118092727661133, ‖∇‖=2771.9030
[DP-Client 2] step 16/22, C=2.6107, σ=0.8118092727661133, ‖∇‖=2771.9402
[DP-Client 2] step 20/22, C=2.6107, σ=0.8118092727661133, ‖∇‖=2772.3488
[DP-Client 3] step 0/16, C=1.8074, σ=0.8118092727661133, ‖∇‖=1918.8107
[DP-Client 3] step 3/16, C=1.8074, σ=0.8118092727661133, ‖∇‖=1919.0555
[DP-Client 3] step 6/16, C=1.8074, σ=0.8118092727661133, ‖∇‖=1919.0631
[DP-Client 3] step 9/16, C=1.8074, σ=0.8118092727661133, ‖∇‖=1918.8979
[DP-Client 3] step 12/16, C=1.8074, σ=0.8118092727661133, ‖∇‖=1919.1043
[DP-Client 3] step 15/16, C=1.8074, σ=0.8118092727661133, ‖∇‖=1918.9619
[DP-Client 4] step 0/50, C=1.9383, σ=0.8118092727661133, ‖∇‖=2058.3443
[DP-Client 4] step 10/50, C=1.9383, σ=0.8118092727661133, ‖∇‖=2058.0514
[DP-Client 4] step 20/50, C=1.9383, σ=0.8118092727661133, ‖∇‖=2058.0956
[DP-Client 4] step 30/50, C=1.9383, σ=0.8118092727661133, ‖∇‖=2058.2945
[DP-Client 4] step 40/50, C=1.9383, σ=0.8118092727661133, ‖∇‖=2057.8744
[DP-Client 0] step 0/11, C=1.5853, σ=0.8118092727661133, ‖∇‖=1683.3920
[DP-Client 0] step 2/11, C=1.5853, σ=0.8118092727661133, ‖∇‖=1683.6004
[DP-Client 0] step 4/11, C=1.5853, σ=0.8118092727661133, ‖∇‖=1683.0853
[DP-Client 0] step 6/11, C=1.5853, σ=0.8118092727661133, ‖∇‖=1683.3111
[DP-Client 0] step 8/11, C=1.5853, σ=0.8118092727661133, ‖∇‖=1683.0262
[DP-Client 0] step 10/11, C=1.5853, σ=0.8118092727661133, ‖∇‖=1683.0702
[DP-Client 1] step 0/16, C=1.9335, σ=0.8118092727661133, ‖∇‖=2053.1132
[DP-Client 1] step 3/16, C=1.9335, σ=0.8118092727661133, ‖∇‖=2052.8331
[DP-Client 1] step 6/16, C=1.9335, σ=0.8118092727661133, ‖∇‖=2052.9691
[DP-Client 1] step 9/16, C=1.9335, σ=0.8118092727661133, ‖∇‖=2052.9154
[DP-Client 1] step 12/16, C=1.9335, σ=0.8118092727661133, ‖∇‖=2053.1094
[DP-Client 1] step 15/16, C=1.9335, σ=0.8118092727661133, ‖∇‖=2053.0357
[DP-Client 2] step 0/22, C=2.2371, σ=0.8118092727661133, ‖∇‖=2375.2516
[DP-Client 2] step 4/22, C=2.2371, σ=0.8118092727661133, ‖∇‖=2375.3727
[DP-Client 2] step 8/22, C=2.2371, σ=0.8118092727661133, ‖∇‖=2375.2854
[DP-Client 2] step 12/22, C=2.2371, σ=0.8118092727661133, ‖∇‖=2375.4445
[DP-Client 2] step 16/22, C=2.2371, σ=0.8118092727661133, ‖∇‖=2375.5092
[DP-Client 2] step 20/22, C=2.2371, σ=0.8118092727661133, ‖∇‖=2375.3241
[DP-Client 3] step 0/16, C=2.3155, σ=0.8118092727661133, ‖∇‖=2458.2154
[DP-Client 3] step 3/16, C=2.3155, σ=0.8118092727661133, ‖∇‖=2458.4741
[DP-Client 3] step 6/16, C=2.3155, σ=0.8118092727661133, ‖∇‖=2458.6534
[DP-Client 3] step 9/16, C=2.3155, σ=0.8118092727661133, ‖∇‖=2458.7387
[DP-Client 3] step 12/16, C=2.3155, σ=0.8118092727661133, ‖∇‖=2458.5134
[DP-Client 3] step 15/16, C=2.3155, σ=0.8118092727661133, ‖∇‖=2458.3100
[DP-Client 4] step 0/50, C=1.7311, σ=0.8118092727661133, ‖∇‖=1837.9340
[DP-Client 4] step 10/50, C=1.7311, σ=0.8118092727661133, ‖∇‖=1837.8948
[DP-Client 4] step 20/50, C=1.7311, σ=0.8118092727661133, ‖∇‖=1837.9011
[DP-Client 4] step 30/50, C=1.7311, σ=0.8118092727661133, ‖∇‖=1837.9852
[DP-Client 4] step 40/50, C=1.7311, σ=0.8118092727661133, ‖∇‖=1838.2598
[DP-Client 0] step 0/11, C=2.4342, σ=0.8118092727661133, ‖∇‖=2584.4732
[DP-Client 0] step 2/11, C=2.4342, σ=0.8118092727661133, ‖∇‖=2584.7121
[DP-Client 0] step 4/11, C=2.4342, σ=0.8118092727661133, ‖∇‖=2584.7364
[DP-Client 0] step 6/11, C=2.4342, σ=0.8118092727661133, ‖∇‖=2584.3956
[DP-Client 0] step 8/11, C=2.4342, σ=0.8118092727661133, ‖∇‖=2584.7347
[DP-Client 0] step 10/11, C=2.4342, σ=0.8118092727661133, ‖∇‖=2584.5677
[DP-Client 1] step 0/16, C=2.7839, σ=0.8118092727661133, ‖∇‖=2955.6475
[DP-Client 1] step 3/16, C=2.7839, σ=0.8118092727661133, ‖∇‖=2955.6815
[DP-Client 1] step 6/16, C=2.7839, σ=0.8118092727661133, ‖∇‖=2955.9068
[DP-Client 1] step 9/16, C=2.7839, σ=0.8118092727661133, ‖∇‖=2955.6425
[DP-Client 1] step 12/16, C=2.7839, σ=0.8118092727661133, ‖∇‖=2955.7812
[DP-Client 1] step 15/16, C=2.7839, σ=0.8118092727661133, ‖∇‖=2955.7396
[DP-Client 2] step 0/22, C=2.8420, σ=0.8118092727661133, ‖∇‖=3017.6906
[DP-Client 2] step 4/22, C=2.8420, σ=0.8118092727661133, ‖∇‖=3017.5642
[DP-Client 2] step 8/22, C=2.8420, σ=0.8118092727661133, ‖∇‖=3017.6829
[DP-Client 2] step 12/22, C=2.8420, σ=0.8118092727661133, ‖∇‖=3017.7056
[DP-Client 2] step 16/22, C=2.8420, σ=0.8118092727661133, ‖∇‖=3017.7160
[DP-Client 2] step 20/22, C=2.8420, σ=0.8118092727661133, ‖∇‖=3017.8285
[DP-Client 3] step 0/16, C=4.0952, σ=0.8118092727661133, ‖∇‖=4348.2743
[DP-Client 3] step 3/16, C=4.0952, σ=0.8118092727661133, ‖∇‖=4347.8248
[DP-Client 3] step 6/16, C=4.0952, σ=0.8118092727661133, ‖∇‖=4348.0682
[DP-Client 3] step 9/16, C=4.0952, σ=0.8118092727661133, ‖∇‖=4347.9953
[DP-Client 3] step 12/16, C=4.0952, σ=0.8118092727661133, ‖∇‖=4348.7264
[DP-Client 3] step 15/16, C=4.0952, σ=0.8118092727661133, ‖∇‖=4348.8051
[DP-Client 4] step 0/50, C=3.2164, σ=0.8118092727661133, ‖∇‖=3414.8116
[DP-Client 4] step 10/50, C=3.2164, σ=0.8118092727661133, ‖∇‖=3415.4422
[DP-Client 4] step 20/50, C=3.2164, σ=0.8118092727661133, ‖∇‖=3415.4217
[DP-Client 4] step 30/50, C=3.2164, σ=0.8118092727661133, ‖∇‖=3415.5422
[DP-Client 4] step 40/50, C=3.2164, σ=0.8118092727661133, ‖∇‖=3415.2057
[DP-Client 0] step 0/11, C=1.6178, σ=0.8118092727661133, ‖∇‖=1717.6241
[DP-Client 0] step 2/11, C=1.6178, σ=0.8118092727661133, ‖∇‖=1717.6737
[DP-Client 0] step 4/11, C=1.6178, σ=0.8118092727661133, ‖∇‖=1717.8179
[DP-Client 0] step 6/11, C=1.6178, σ=0.8118092727661133, ‖∇‖=1717.8850
[DP-Client 0] step 8/11, C=1.6178, σ=0.8118092727661133, ‖∇‖=1717.8886
[DP-Client 0] step 10/11, C=1.6178, σ=0.8118092727661133, ‖∇‖=1717.8217
[DP-Client 1] step 0/16, C=2.1214, σ=0.8118092727661133, ‖∇‖=2252.3347
[DP-Client 1] step 3/16, C=2.1214, σ=0.8118092727661133, ‖∇‖=2252.5301
[DP-Client 1] step 6/16, C=2.1214, σ=0.8118092727661133, ‖∇‖=2252.1670
[DP-Client 1] step 9/16, C=2.1214, σ=0.8118092727661133, ‖∇‖=2252.6003
[DP-Client 1] step 12/16, C=2.1214, σ=0.8118092727661133, ‖∇‖=2252.4197
[DP-Client 1] step 15/16, C=2.1214, σ=0.8118092727661133, ‖∇‖=2252.4307
[DP-Client 2] step 0/22, C=1.8638, σ=0.8118092727661133, ‖∇‖=1978.8625
[DP-Client 2] step 4/22, C=1.8638, σ=0.8118092727661133, ‖∇‖=1978.9956
[DP-Client 2] step 8/22, C=1.8638, σ=0.8118092727661133, ‖∇‖=1978.9325
[DP-Client 2] step 12/22, C=1.8638, σ=0.8118092727661133, ‖∇‖=1978.9447
[DP-Client 2] step 16/22, C=1.8638, σ=0.8118092727661133, ‖∇‖=1978.8800
[DP-Client 2] step 20/22, C=1.8638, σ=0.8118092727661133, ‖∇‖=1978.9850
[DP-Client 3] step 0/16, C=2.6085, σ=0.8118092727661133, ‖∇‖=2769.5128
[DP-Client 3] step 3/16, C=2.6085, σ=0.8118092727661133, ‖∇‖=2769.5374
[DP-Client 3] step 6/16, C=2.6085, σ=0.8118092727661133, ‖∇‖=2769.8733
[DP-Client 3] step 9/16, C=2.6085, σ=0.8118092727661133, ‖∇‖=2769.8482
[DP-Client 3] step 12/16, C=2.6085, σ=0.8118092727661133, ‖∇‖=2769.2866
[DP-Client 3] step 15/16, C=2.6085, σ=0.8118092727661133, ‖∇‖=2769.6676
[DP-Client 4] step 0/50, C=2.3903, σ=0.8118092727661133, ‖∇‖=2538.2714
[DP-Client 4] step 10/50, C=2.3903, σ=0.8118092727661133, ‖∇‖=2538.1126
[DP-Client 4] step 20/50, C=2.3903, σ=0.8118092727661133, ‖∇‖=2538.0171
[DP-Client 4] step 30/50, C=2.3903, σ=0.8118092727661133, ‖∇‖=2538.0067
[DP-Client 4] step 40/50, C=2.3903, σ=0.8118092727661133, ‖∇‖=2538.2256
[DP-Client 0] step 0/11, C=2.1747, σ=0.8118092727661133, ‖∇‖=2308.9681
[DP-Client 0] step 2/11, C=2.1747, σ=0.8118092727661133, ‖∇‖=2308.8076
[DP-Client 0] step 4/11, C=2.1747, σ=0.8118092727661133, ‖∇‖=2309.3928
[DP-Client 0] step 6/11, C=2.1747, σ=0.8118092727661133, ‖∇‖=2309.1375
[DP-Client 0] step 8/11, C=2.1747, σ=0.8118092727661133, ‖∇‖=2309.0618
[DP-Client 0] step 10/11, C=2.1747, σ=0.8118092727661133, ‖∇‖=2309.0089
[DP-Client 1] step 0/16, C=2.5308, σ=0.8118092727661133, ‖∇‖=2687.1081
[DP-Client 1] step 3/16, C=2.5308, σ=0.8118092727661133, ‖∇‖=2686.9666
[DP-Client 1] step 6/16, C=2.5308, σ=0.8118092727661133, ‖∇‖=2687.3254
[DP-Client 1] step 9/16, C=2.5308, σ=0.8118092727661133, ‖∇‖=2686.9293
[DP-Client 1] step 12/16, C=2.5308, σ=0.8118092727661133, ‖∇‖=2687.2616
[DP-Client 1] step 15/16, C=2.5308, σ=0.8118092727661133, ‖∇‖=2687.1017
[DP-Client 2] step 0/22, C=2.2251, σ=0.8118092727661133, ‖∇‖=2362.6319
[DP-Client 2] step 4/22, C=2.2251, σ=0.8118092727661133, ‖∇‖=2362.5309
[DP-Client 2] step 8/22, C=2.2251, σ=0.8118092727661133, ‖∇‖=2362.6150
[DP-Client 2] step 12/22, C=2.2251, σ=0.8118092727661133, ‖∇‖=2362.4058
[DP-Client 2] step 16/22, C=2.2251, σ=0.8118092727661133, ‖∇‖=2362.3522
[DP-Client 2] step 20/22, C=2.2251, σ=0.8118092727661133, ‖∇‖=2362.6559
[DP-Client 3] step 0/16, C=1.8719, σ=0.8118092727661133, ‖∇‖=1987.4139
[DP-Client 3] step 3/16, C=1.8719, σ=0.8118092727661133, ‖∇‖=1987.4154
[DP-Client 3] step 6/16, C=1.8719, σ=0.8118092727661133, ‖∇‖=1987.3804
[DP-Client 3] step 9/16, C=1.8719, σ=0.8118092727661133, ‖∇‖=1987.6468
[DP-Client 3] step 12/16, C=1.8719, σ=0.8118092727661133, ‖∇‖=1987.3265
[DP-Client 3] step 15/16, C=1.8719, σ=0.8118092727661133, ‖∇‖=1987.5412
[DP-Client 4] step 0/50, C=2.1999, σ=0.8118092727661133, ‖∇‖=2335.6304
[DP-Client 4] step 10/50, C=2.1999, σ=0.8118092727661133, ‖∇‖=2335.7723
[DP-Client 4] step 20/50, C=2.1999, σ=0.8118092727661133, ‖∇‖=2336.0000
[DP-Client 4] step 30/50, C=2.1999, σ=0.8118092727661133, ‖∇‖=2335.7486
[DP-Client 4] step 40/50, C=2.1999, σ=0.8118092727661133, ‖∇‖=2335.7569
[DP-FedRAG eps=20.0] Training complete.
