
============================================================
[DP Calibration]
  Target ε     = 8.0
  Target δ     = 1e-05
  Num rounds   = 25
  Sampling q   = 0.600 (3/5 clients)
  → Calibrated σ = 1.6701
============================================================

[Verification] σ=1.6701 → ε=8.0089 at α=3.0
               δ=1e-05, rounds=25, q=0.600

Task ./num5_alpha05 has been successfully generated.
Warning: Failed to visualize the partitioned result where there exists error module 'flgo.benchmark.fedrag_classification' has no attribute 'visualize'
!!!!!!!!!!!!!!!client model!!!!!!!!!!!!!!!!!!
<class 'transformers.models.bert.modeling_bert.BertModel'>
!!!!!!!!!!!!!!!client model!!!!!!!!!!!!!!!!!!
<class 'transformers.models.bert.modeling_bert.BertModel'>
!!!!!!!!!!!!!!!client model!!!!!!!!!!!!!!!!!!
<class 'transformers.models.bert.modeling_bert.BertModel'>
!!!!!!!!!!!!!!!client model!!!!!!!!!!!!!!!!!!
<class 'transformers.models.bert.modeling_bert.BertModel'>
!!!!!!!!!!!!!!!client model!!!!!!!!!!!!!!!!!!
<class 'transformers.models.bert.modeling_bert.BertModel'>

[DP-FedRAG] Starting training with formal privacy guarantee...
<class 'transformers.models.bert.modeling_bert.BertModel'>
[DP-Client 0] step 0/59, C=1.0683, σ=1.6700732421874998, ‖∇‖=2333.3032
[DP-Client 0] step 11/59, C=1.0683, σ=1.6700732421874998, ‖∇‖=2333.5222
[DP-Client 0] step 22/59, C=1.0683, σ=1.6700732421874998, ‖∇‖=2333.6269
[DP-Client 0] step 33/59, C=1.0683, σ=1.6700732421874998, ‖∇‖=2333.5009
[DP-Client 0] step 44/59, C=1.0683, σ=1.6700732421874998, ‖∇‖=2333.8465
[DP-Client 0] step 55/59, C=1.0683, σ=1.6700732421874998, ‖∇‖=2333.6359
[DP-Client 1] step 0/59, C=1.0520, σ=1.6700732421874998, ‖∇‖=2298.0529
[DP-Client 1] step 11/59, C=1.0520, σ=1.6700732421874998, ‖∇‖=2297.9116
[DP-Client 1] step 22/59, C=1.0520, σ=1.6700732421874998, ‖∇‖=2297.9911
[DP-Client 1] step 33/59, C=1.0520, σ=1.6700732421874998, ‖∇‖=2298.0663
[DP-Client 1] step 44/59, C=1.0520, σ=1.6700732421874998, ‖∇‖=2298.0401
[DP-Client 1] step 55/59, C=1.0520, σ=1.6700732421874998, ‖∇‖=2297.6983
[DP-Client 2] step 0/59, C=1.0199, σ=1.6700732421874998, ‖∇‖=2227.4824
[DP-Client 2] step 11/59, C=1.0199, σ=1.6700732421874998, ‖∇‖=2227.8629
[DP-Client 2] step 22/59, C=1.0199, σ=1.6700732421874998, ‖∇‖=2227.6675
[DP-Client 2] step 33/59, C=1.0199, σ=1.6700732421874998, ‖∇‖=2227.7989
[DP-Client 2] step 44/59, C=1.0199, σ=1.6700732421874998, ‖∇‖=2227.9035
[DP-Client 2] step 55/59, C=1.0199, σ=1.6700732421874998, ‖∇‖=2227.7838
[DP-Client 3] step 0/59, C=1.0217, σ=1.6700732421874998, ‖∇‖=2231.7450
[DP-Client 3] step 11/59, C=1.0217, σ=1.6700732421874998, ‖∇‖=2232.1374
[DP-Client 3] step 22/59, C=1.0217, σ=1.6700732421874998, ‖∇‖=2231.4453
[DP-Client 3] step 33/59, C=1.0217, σ=1.6700732421874998, ‖∇‖=2232.1522
[DP-Client 3] step 44/59, C=1.0217, σ=1.6700732421874998, ‖∇‖=2231.7291
[DP-Client 3] step 55/59, C=1.0217, σ=1.6700732421874998, ‖∇‖=2231.8457
[DP-Client 4] step 0/59, C=1.0739, σ=1.6700732421874998, ‖∇‖=2345.8292
[DP-Client 4] step 11/59, C=1.0739, σ=1.6700732421874998, ‖∇‖=2345.8172
[DP-Client 4] step 22/59, C=1.0739, σ=1.6700732421874998, ‖∇‖=2345.8437
[DP-Client 4] step 33/59, C=1.0739, σ=1.6700732421874998, ‖∇‖=2345.7377
[DP-Client 4] step 44/59, C=1.0739, σ=1.6700732421874998, ‖∇‖=2345.4467
[DP-Client 4] step 55/59, C=1.0739, σ=1.6700732421874998, ‖∇‖=2345.6120
[DP-Client 0] step 0/59, C=1.7423, σ=1.6700732421874998, ‖∇‖=3805.7671
[DP-Client 0] step 11/59, C=1.7423, σ=1.6700732421874998, ‖∇‖=3805.2807
[DP-Client 0] step 22/59, C=1.7423, σ=1.6700732421874998, ‖∇‖=3805.8328
[DP-Client 0] step 33/59, C=1.7423, σ=1.6700732421874998, ‖∇‖=3805.7937
[DP-Client 0] step 44/59, C=1.7423, σ=1.6700732421874998, ‖∇‖=3805.5424
[DP-Client 0] step 55/59, C=1.7423, σ=1.6700732421874998, ‖∇‖=3805.6721
[DP-Client 1] step 0/59, C=1.6454, σ=1.6700732421874998, ‖∇‖=3593.6034
[DP-Client 1] step 11/59, C=1.6454, σ=1.6700732421874998, ‖∇‖=3593.4059
[DP-Client 1] step 22/59, C=1.6454, σ=1.6700732421874998, ‖∇‖=3594.6714
[DP-Client 1] step 33/59, C=1.6454, σ=1.6700732421874998, ‖∇‖=3594.6754
[DP-Client 1] step 44/59, C=1.6454, σ=1.6700732421874998, ‖∇‖=3594.4331
[DP-Client 1] step 55/59, C=1.6454, σ=1.6700732421874998, ‖∇‖=3594.1973
[DP-Client 2] step 0/59, C=1.9270, σ=1.6700732421874998, ‖∇‖=4209.2227
[DP-Client 2] step 11/59, C=1.9270, σ=1.6700732421874998, ‖∇‖=4209.0018
[DP-Client 2] step 22/59, C=1.9270, σ=1.6700732421874998, ‖∇‖=4208.8943
[DP-Client 2] step 33/59, C=1.9270, σ=1.6700732421874998, ‖∇‖=4209.0203
[DP-Client 2] step 44/59, C=1.9270, σ=1.6700732421874998, ‖∇‖=4209.0228
[DP-Client 2] step 55/59, C=1.9270, σ=1.6700732421874998, ‖∇‖=4208.9909
[DP-Client 3] step 0/59, C=2.4831, σ=1.6700732421874998, ‖∇‖=5423.7635
[DP-Client 3] step 11/59, C=2.4831, σ=1.6700732421874998, ‖∇‖=5423.7414
[DP-Client 3] step 22/59, C=2.4831, σ=1.6700732421874998, ‖∇‖=5424.1142
[DP-Client 3] step 33/59, C=2.4831, σ=1.6700732421874998, ‖∇‖=5423.8814
[DP-Client 3] step 44/59, C=2.4831, σ=1.6700732421874998, ‖∇‖=5423.7367
[DP-Client 3] step 55/59, C=2.4831, σ=1.6700732421874998, ‖∇‖=5423.5980
[DP-Client 4] step 0/59, C=2.7040, σ=1.6700732421874998, ‖∇‖=5906.2768
[DP-Client 4] step 11/59, C=2.7040, σ=1.6700732421874998, ‖∇‖=5906.3755
[DP-Client 4] step 22/59, C=2.7040, σ=1.6700732421874998, ‖∇‖=5906.2063
[DP-Client 4] step 33/59, C=2.7040, σ=1.6700732421874998, ‖∇‖=5906.7390
[DP-Client 4] step 44/59, C=2.7040, σ=1.6700732421874998, ‖∇‖=5906.5861
[DP-Client 4] step 55/59, C=2.7040, σ=1.6700732421874998, ‖∇‖=5906.6027
[DP-Client 0] step 0/59, C=2.8573, σ=1.6700732421874998, ‖∇‖=6241.0686
[DP-Client 0] step 11/59, C=2.8573, σ=1.6700732421874998, ‖∇‖=6241.3248
[DP-Client 0] step 22/59, C=2.8573, σ=1.6700732421874998, ‖∇‖=6241.1753
[DP-Client 0] step 33/59, C=2.8573, σ=1.6700732421874998, ‖∇‖=6240.2234
[DP-Client 0] step 44/59, C=2.8573, σ=1.6700732421874998, ‖∇‖=6241.5443
[DP-Client 0] step 55/59, C=2.8573, σ=1.6700732421874998, ‖∇‖=6241.1843
[DP-Client 1] step 0/59, C=1.8450, σ=1.6700732421874998, ‖∇‖=4029.9898
[DP-Client 1] step 11/59, C=1.8450, σ=1.6700732421874998, ‖∇‖=4030.1370
[DP-Client 1] step 22/59, C=1.8450, σ=1.6700732421874998, ‖∇‖=4029.9985
[DP-Client 1] step 33/59, C=1.8450, σ=1.6700732421874998, ‖∇‖=4029.6842
[DP-Client 1] step 44/59, C=1.8450, σ=1.6700732421874998, ‖∇‖=4030.6062
[DP-Client 1] step 55/59, C=1.8450, σ=1.6700732421874998, ‖∇‖=4030.1177
[DP-Client 2] step 0/59, C=2.1468, σ=1.6700732421874998, ‖∇‖=4688.4731
[DP-Client 2] step 11/59, C=2.1468, σ=1.6700732421874998, ‖∇‖=4689.1549
[DP-Client 2] step 22/59, C=2.1468, σ=1.6700732421874998, ‖∇‖=4688.3152
[DP-Client 2] step 33/59, C=2.1468, σ=1.6700732421874998, ‖∇‖=4688.9628
[DP-Client 2] step 44/59, C=2.1468, σ=1.6700732421874998, ‖∇‖=4689.1923
[DP-Client 2] step 55/59, C=2.1468, σ=1.6700732421874998, ‖∇‖=4689.4047
[DP-Client 3] step 0/59, C=2.4018, σ=1.6700732421874998, ‖∇‖=5245.8764
[DP-Client 3] step 11/59, C=2.4018, σ=1.6700732421874998, ‖∇‖=5246.5501
[DP-Client 3] step 22/59, C=2.4018, σ=1.6700732421874998, ‖∇‖=5246.2307
[DP-Client 3] step 33/59, C=2.4018, σ=1.6700732421874998, ‖∇‖=5246.6913
[DP-Client 3] step 44/59, C=2.4018, σ=1.6700732421874998, ‖∇‖=5246.5775
[DP-Client 3] step 55/59, C=2.4018, σ=1.6700732421874998, ‖∇‖=5247.1543
[DP-Client 4] step 0/59, C=2.4032, σ=1.6700732421874998, ‖∇‖=5249.2841
[DP-Client 4] step 11/59, C=2.4032, σ=1.6700732421874998, ‖∇‖=5249.5755
[DP-Client 4] step 22/59, C=2.4032, σ=1.6700732421874998, ‖∇‖=5249.5159
[DP-Client 4] step 33/59, C=2.4032, σ=1.6700732421874998, ‖∇‖=5249.2558
[DP-Client 4] step 44/59, C=2.4032, σ=1.6700732421874998, ‖∇‖=5249.4850
[DP-Client 4] step 55/59, C=2.4032, σ=1.6700732421874998, ‖∇‖=5248.6469
[DP-Client 0] step 0/59, C=1.7583, σ=1.6700732421874998, ‖∇‖=3840.5433
[DP-Client 0] step 11/59, C=1.7583, σ=1.6700732421874998, ‖∇‖=3841.0672
[DP-Client 0] step 22/59, C=1.7583, σ=1.6700732421874998, ‖∇‖=3840.8813
[DP-Client 0] step 33/59, C=1.7583, σ=1.6700732421874998, ‖∇‖=3840.2570
[DP-Client 0] step 44/59, C=1.7583, σ=1.6700732421874998, ‖∇‖=3841.0478
[DP-Client 0] step 55/59, C=1.7583, σ=1.6700732421874998, ‖∇‖=3840.8249
[DP-Client 1] step 0/59, C=1.6219, σ=1.6700732421874998, ‖∇‖=3542.8412
[DP-Client 1] step 11/59, C=1.6219, σ=1.6700732421874998, ‖∇‖=3543.0140
[DP-Client 1] step 22/59, C=1.6219, σ=1.6700732421874998, ‖∇‖=3542.8905
[DP-Client 1] step 33/59, C=1.6219, σ=1.6700732421874998, ‖∇‖=3542.8476
[DP-Client 1] step 44/59, C=1.6219, σ=1.6700732421874998, ‖∇‖=3542.7286
[DP-Client 1] step 55/59, C=1.6219, σ=1.6700732421874998, ‖∇‖=3542.3186
[DP-Client 2] step 0/59, C=2.5320, σ=1.6700732421874998, ‖∇‖=5530.8625
[DP-Client 2] step 11/59, C=2.5320, σ=1.6700732421874998, ‖∇‖=5530.5891
[DP-Client 2] step 22/59, C=2.5320, σ=1.6700732421874998, ‖∇‖=5530.4666
[DP-Client 2] step 33/59, C=2.5320, σ=1.6700732421874998, ‖∇‖=5531.0297
[DP-Client 2] step 44/59, C=2.5320, σ=1.6700732421874998, ‖∇‖=5530.5123
[DP-Client 2] step 55/59, C=2.5320, σ=1.6700732421874998, ‖∇‖=5531.0271
[DP-Client 3] step 0/59, C=1.5023, σ=1.6700732421874998, ‖∇‖=3281.7445
[DP-Client 3] step 11/59, C=1.5023, σ=1.6700732421874998, ‖∇‖=3281.1468
[DP-Client 3] step 22/59, C=1.5023, σ=1.6700732421874998, ‖∇‖=3281.6885
[DP-Client 3] step 33/59, C=1.5023, σ=1.6700732421874998, ‖∇‖=3281.3567
[DP-Client 3] step 44/59, C=1.5023, σ=1.6700732421874998, ‖∇‖=3281.4840
[DP-Client 3] step 55/59, C=1.5023, σ=1.6700732421874998, ‖∇‖=3281.7599
[DP-Client 4] step 0/59, C=1.4579, σ=1.6700732421874998, ‖∇‖=3184.3634
[DP-Client 4] step 11/59, C=1.4579, σ=1.6700732421874998, ‖∇‖=3184.3399
[DP-Client 4] step 22/59, C=1.4579, σ=1.6700732421874998, ‖∇‖=3184.6888
[DP-Client 4] step 33/59, C=1.4579, σ=1.6700732421874998, ‖∇‖=3184.5798
[DP-Client 4] step 44/59, C=1.4579, σ=1.6700732421874998, ‖∇‖=3184.6006
[DP-Client 4] step 55/59, C=1.4579, σ=1.6700732421874998, ‖∇‖=3184.5810
[DP-Client 0] step 0/59, C=1.9554, σ=1.6700732421874998, ‖∇‖=4271.9427
[DP-Client 0] step 11/59, C=1.9554, σ=1.6700732421874998, ‖∇‖=4271.6771
[DP-Client 0] step 22/59, C=1.9554, σ=1.6700732421874998, ‖∇‖=4271.2978
[DP-Client 0] step 33/59, C=1.9554, σ=1.6700732421874998, ‖∇‖=4271.1917
[DP-Client 0] step 44/59, C=1.9554, σ=1.6700732421874998, ‖∇‖=4271.3922
[DP-Client 0] step 55/59, C=1.9554, σ=1.6700732421874998, ‖∇‖=4271.5949
[DP-Client 1] step 0/59, C=1.8521, σ=1.6700732421874998, ‖∇‖=4045.7493
[DP-Client 1] step 11/59, C=1.8521, σ=1.6700732421874998, ‖∇‖=4045.4423
[DP-Client 1] step 22/59, C=1.8521, σ=1.6700732421874998, ‖∇‖=4045.2779
[DP-Client 1] step 33/59, C=1.8521, σ=1.6700732421874998, ‖∇‖=4045.7689
[DP-Client 1] step 44/59, C=1.8521, σ=1.6700732421874998, ‖∇‖=4045.7849
[DP-Client 1] step 55/59, C=1.8521, σ=1.6700732421874998, ‖∇‖=4045.3671
[DP-Client 2] step 0/59, C=2.0478, σ=1.6700732421874998, ‖∇‖=4473.3546
[DP-Client 2] step 11/59, C=2.0478, σ=1.6700732421874998, ‖∇‖=4473.3113
[DP-Client 2] step 22/59, C=2.0478, σ=1.6700732421874998, ‖∇‖=4473.5567
[DP-Client 2] step 33/59, C=2.0478, σ=1.6700732421874998, ‖∇‖=4473.4803
[DP-Client 2] step 44/59, C=2.0478, σ=1.6700732421874998, ‖∇‖=4472.7740
[DP-Client 2] step 55/59, C=2.0478, σ=1.6700732421874998, ‖∇‖=4473.0260
[DP-Client 3] step 0/59, C=1.9056, σ=1.6700732421874998, ‖∇‖=4162.6749
[DP-Client 3] step 11/59, C=1.9056, σ=1.6700732421874998, ‖∇‖=4162.8378
[DP-Client 3] step 22/59, C=1.9056, σ=1.6700732421874998, ‖∇‖=4162.2811
[DP-Client 3] step 33/59, C=1.9056, σ=1.6700732421874998, ‖∇‖=4162.3301
[DP-Client 3] step 44/59, C=1.9056, σ=1.6700732421874998, ‖∇‖=4162.7870
[DP-Client 3] step 55/59, C=1.9056, σ=1.6700732421874998, ‖∇‖=4162.2343
[DP-Client 4] step 0/59, C=1.6791, σ=1.6700732421874998, ‖∇‖=3667.6285
[DP-Client 4] step 11/59, C=1.6791, σ=1.6700732421874998, ‖∇‖=3667.6328
[DP-Client 4] step 22/59, C=1.6791, σ=1.6700732421874998, ‖∇‖=3667.4647
[DP-Client 4] step 33/59, C=1.6791, σ=1.6700732421874998, ‖∇‖=3667.1754
[DP-Client 4] step 44/59, C=1.6791, σ=1.6700732421874998, ‖∇‖=3667.7655
[DP-Client 4] step 55/59, C=1.6791, σ=1.6700732421874998, ‖∇‖=3667.6376
[DP-Client 0] step 0/59, C=1.7180, σ=1.6700732421874998, ‖∇‖=3752.4369
[DP-Client 0] step 11/59, C=1.7180, σ=1.6700732421874998, ‖∇‖=3753.4303
[DP-Client 0] step 22/59, C=1.7180, σ=1.6700732421874998, ‖∇‖=3752.3008
[DP-Client 0] step 33/59, C=1.7180, σ=1.6700732421874998, ‖∇‖=3753.0343
[DP-Client 0] step 44/59, C=1.7180, σ=1.6700732421874998, ‖∇‖=3752.4890
[DP-Client 0] step 55/59, C=1.7180, σ=1.6700732421874998, ‖∇‖=3752.4192
[DP-Client 1] step 0/59, C=2.3225, σ=1.6700732421874998, ‖∇‖=5072.9201
[DP-Client 1] step 11/59, C=2.3225, σ=1.6700732421874998, ‖∇‖=5073.3415
[DP-Client 1] step 22/59, C=2.3225, σ=1.6700732421874998, ‖∇‖=5073.2026
[DP-Client 1] step 33/59, C=2.3225, σ=1.6700732421874998, ‖∇‖=5072.8421
[DP-Client 1] step 44/59, C=2.3225, σ=1.6700732421874998, ‖∇‖=5073.0085
[DP-Client 1] step 55/59, C=2.3225, σ=1.6700732421874998, ‖∇‖=5073.3346
[DP-Client 2] step 0/59, C=1.5727, σ=1.6700732421874998, ‖∇‖=3435.0974
[DP-Client 2] step 11/59, C=1.5727, σ=1.6700732421874998, ‖∇‖=3434.8892
[DP-Client 2] step 22/59, C=1.5727, σ=1.6700732421874998, ‖∇‖=3434.8330
[DP-Client 2] step 33/59, C=1.5727, σ=1.6700732421874998, ‖∇‖=3435.2114
[DP-Client 2] step 44/59, C=1.5727, σ=1.6700732421874998, ‖∇‖=3435.1672
[DP-Client 2] step 55/59, C=1.5727, σ=1.6700732421874998, ‖∇‖=3434.8714
[DP-Client 3] step 0/59, C=1.3394, σ=1.6700732421874998, ‖∇‖=2925.9391
[DP-Client 3] step 11/59, C=1.3394, σ=1.6700732421874998, ‖∇‖=2925.9153
[DP-Client 3] step 22/59, C=1.3394, σ=1.6700732421874998, ‖∇‖=2925.6526
[DP-Client 3] step 33/59, C=1.3394, σ=1.6700732421874998, ‖∇‖=2925.5968
[DP-Client 3] step 44/59, C=1.3394, σ=1.6700732421874998, ‖∇‖=2925.8747
[DP-Client 3] step 55/59, C=1.3394, σ=1.6700732421874998, ‖∇‖=2925.5623
[DP-Client 4] step 0/59, C=1.3135, σ=1.6700732421874998, ‖∇‖=2869.0822
[DP-Client 4] step 11/59, C=1.3135, σ=1.6700732421874998, ‖∇‖=2869.3403
[DP-Client 4] step 22/59, C=1.3135, σ=1.6700732421874998, ‖∇‖=2869.1520
[DP-Client 4] step 33/59, C=1.3135, σ=1.6700732421874998, ‖∇‖=2869.1953
[DP-Client 4] step 44/59, C=1.3135, σ=1.6700732421874998, ‖∇‖=2868.7894
[DP-Client 4] step 55/59, C=1.3135, σ=1.6700732421874998, ‖∇‖=2869.4015
[DP-Client 0] step 0/59, C=1.1433, σ=1.6700732421874998, ‖∇‖=2497.3056
[DP-Client 0] step 11/59, C=1.1433, σ=1.6700732421874998, ‖∇‖=2497.4272
[DP-Client 0] step 22/59, C=1.1433, σ=1.6700732421874998, ‖∇‖=2497.1430
[DP-Client 0] step 33/59, C=1.1433, σ=1.6700732421874998, ‖∇‖=2497.3694
[DP-Client 0] step 44/59, C=1.1433, σ=1.6700732421874998, ‖∇‖=2497.5096
[DP-Client 0] step 55/59, C=1.1433, σ=1.6700732421874998, ‖∇‖=2497.3292
[DP-Client 1] step 0/59, C=2.0205, σ=1.6700732421874998, ‖∇‖=4413.8210
[DP-Client 1] step 11/59, C=2.0205, σ=1.6700732421874998, ‖∇‖=4412.8803
[DP-Client 1] step 22/59, C=2.0205, σ=1.6700732421874998, ‖∇‖=4413.8560
[DP-Client 1] step 33/59, C=2.0205, σ=1.6700732421874998, ‖∇‖=4412.7320
[DP-Client 1] step 44/59, C=2.0205, σ=1.6700732421874998, ‖∇‖=4413.8107
[DP-Client 1] step 55/59, C=2.0205, σ=1.6700732421874998, ‖∇‖=4413.5856
[DP-Client 2] step 0/59, C=1.3928, σ=1.6700732421874998, ‖∇‖=3042.7014
[DP-Client 2] step 11/59, C=1.3928, σ=1.6700732421874998, ‖∇‖=3043.0581
[DP-Client 2] step 22/59, C=1.3928, σ=1.6700732421874998, ‖∇‖=3042.3261
[DP-Client 2] step 33/59, C=1.3928, σ=1.6700732421874998, ‖∇‖=3042.3699
[DP-Client 2] step 44/59, C=1.3928, σ=1.6700732421874998, ‖∇‖=3042.5036
[DP-Client 2] step 55/59, C=1.3928, σ=1.6700732421874998, ‖∇‖=3042.1153
[DP-Client 3] step 0/59, C=1.3483, σ=1.6700732421874998, ‖∇‖=2945.4114
[DP-Client 3] step 11/59, C=1.3483, σ=1.6700732421874998, ‖∇‖=2945.1415
[DP-Client 3] step 22/59, C=1.3483, σ=1.6700732421874998, ‖∇‖=2944.8243
[DP-Client 3] step 33/59, C=1.3483, σ=1.6700732421874998, ‖∇‖=2944.9083
[DP-Client 3] step 44/59, C=1.3483, σ=1.6700732421874998, ‖∇‖=2944.8693
[DP-Client 3] step 55/59, C=1.3483, σ=1.6700732421874998, ‖∇‖=2945.1845
[DP-Client 4] step 0/59, C=1.4922, σ=1.6700732421874998, ‖∇‖=3259.6320
[DP-Client 4] step 11/59, C=1.4922, σ=1.6700732421874998, ‖∇‖=3259.2692
[DP-Client 4] step 22/59, C=1.4922, σ=1.6700732421874998, ‖∇‖=3259.5317
[DP-Client 4] step 33/59, C=1.4922, σ=1.6700732421874998, ‖∇‖=3259.5266
[DP-Client 4] step 44/59, C=1.4922, σ=1.6700732421874998, ‖∇‖=3259.2687
[DP-Client 4] step 55/59, C=1.4922, σ=1.6700732421874998, ‖∇‖=3259.5481
[DP-Client 0] step 0/59, C=1.1089, σ=1.6700732421874998, ‖∇‖=2421.9732
[DP-Client 0] step 11/59, C=1.1089, σ=1.6700732421874998, ‖∇‖=2422.1901
[DP-Client 0] step 22/59, C=1.1089, σ=1.6700732421874998, ‖∇‖=2422.2969
[DP-Client 0] step 33/59, C=1.1089, σ=1.6700732421874998, ‖∇‖=2421.9065
[DP-Client 0] step 44/59, C=1.1089, σ=1.6700732421874998, ‖∇‖=2421.8935
[DP-Client 0] step 55/59, C=1.1089, σ=1.6700732421874998, ‖∇‖=2422.0561
[DP-Client 1] step 0/59, C=1.5350, σ=1.6700732421874998, ‖∇‖=3353.0940
[DP-Client 1] step 11/59, C=1.5350, σ=1.6700732421874998, ‖∇‖=3352.8179
[DP-Client 1] step 22/59, C=1.5350, σ=1.6700732421874998, ‖∇‖=3353.0098
[DP-Client 1] step 33/59, C=1.5350, σ=1.6700732421874998, ‖∇‖=3352.9179
[DP-Client 1] step 44/59, C=1.5350, σ=1.6700732421874998, ‖∇‖=3352.7149
[DP-Client 1] step 55/59, C=1.5350, σ=1.6700732421874998, ‖∇‖=3353.0279
[DP-Client 2] step 0/59, C=1.5566, σ=1.6700732421874998, ‖∇‖=3400.1739
[DP-Client 2] step 11/59, C=1.5566, σ=1.6700732421874998, ‖∇‖=3400.0855
[DP-Client 2] step 22/59, C=1.5566, σ=1.6700732421874998, ‖∇‖=3400.2842
[DP-Client 2] step 33/59, C=1.5566, σ=1.6700732421874998, ‖∇‖=3399.9252
[DP-Client 2] step 44/59, C=1.5566, σ=1.6700732421874998, ‖∇‖=3400.2058
[DP-Client 2] step 55/59, C=1.5566, σ=1.6700732421874998, ‖∇‖=3400.1163
[DP-Client 3] step 0/59, C=1.4829, σ=1.6700732421874998, ‖∇‖=3239.0790
[DP-Client 3] step 11/59, C=1.4829, σ=1.6700732421874998, ‖∇‖=3238.8383
[DP-Client 3] step 22/59, C=1.4829, σ=1.6700732421874998, ‖∇‖=3238.9519
[DP-Client 3] step 33/59, C=1.4829, σ=1.6700732421874998, ‖∇‖=3239.0229
[DP-Client 3] step 44/59, C=1.4829, σ=1.6700732421874998, ‖∇‖=3238.9102
[DP-Client 3] step 55/59, C=1.4829, σ=1.6700732421874998, ‖∇‖=3239.0228
[DP-Client 4] step 0/59, C=1.7068, σ=1.6700732421874998, ‖∇‖=3728.1760
[DP-Client 4] step 11/59, C=1.7068, σ=1.6700732421874998, ‖∇‖=3728.3213
[DP-Client 4] step 22/59, C=1.7068, σ=1.6700732421874998, ‖∇‖=3728.4472
[DP-Client 4] step 33/59, C=1.7068, σ=1.6700732421874998, ‖∇‖=3728.2817
[DP-Client 4] step 44/59, C=1.7068, σ=1.6700732421874998, ‖∇‖=3728.4798
[DP-Client 4] step 55/59, C=1.7068, σ=1.6700732421874998, ‖∇‖=3728.3984
[DP-Client 0] step 0/59, C=1.8135, σ=1.6700732421874998, ‖∇‖=3961.4047
[DP-Client 0] step 11/59, C=1.8135, σ=1.6700732421874998, ‖∇‖=3960.9305
[DP-Client 0] step 22/59, C=1.8135, σ=1.6700732421874998, ‖∇‖=3960.7875
[DP-Client 0] step 33/59, C=1.8135, σ=1.6700732421874998, ‖∇‖=3961.5386
[DP-Client 0] step 44/59, C=1.8135, σ=1.6700732421874998, ‖∇‖=3961.5665
[DP-Client 0] step 55/59, C=1.8135, σ=1.6700732421874998, ‖∇‖=3961.4475
[DP-Client 1] step 0/59, C=1.2211, σ=1.6700732421874998, ‖∇‖=2667.1829
[DP-Client 1] step 11/59, C=1.2211, σ=1.6700732421874998, ‖∇‖=2667.4481
[DP-Client 1] step 22/59, C=1.2211, σ=1.6700732421874998, ‖∇‖=2667.3739
[DP-Client 1] step 33/59, C=1.2211, σ=1.6700732421874998, ‖∇‖=2666.9730
[DP-Client 1] step 44/59, C=1.2211, σ=1.6700732421874998, ‖∇‖=2666.8769
[DP-Client 1] step 55/59, C=1.2211, σ=1.6700732421874998, ‖∇‖=2667.3072
[DP-Client 2] step 0/59, C=1.1718, σ=1.6700732421874998, ‖∇‖=2559.7064
[DP-Client 2] step 11/59, C=1.1718, σ=1.6700732421874998, ‖∇‖=2559.4819
[DP-Client 2] step 22/59, C=1.1718, σ=1.6700732421874998, ‖∇‖=2559.5845
[DP-Client 2] step 33/59, C=1.1718, σ=1.6700732421874998, ‖∇‖=2559.6527
[DP-Client 2] step 44/59, C=1.1718, σ=1.6700732421874998, ‖∇‖=2559.3016
[DP-Client 2] step 55/59, C=1.1718, σ=1.6700732421874998, ‖∇‖=2559.6564
[DP-Client 3] step 0/59, C=1.2136, σ=1.6700732421874998, ‖∇‖=2651.2476
[DP-Client 3] step 11/59, C=1.2136, σ=1.6700732421874998, ‖∇‖=2651.0329
[DP-Client 3] step 22/59, C=1.2136, σ=1.6700732421874998, ‖∇‖=2650.9337
[DP-Client 3] step 33/59, C=1.2136, σ=1.6700732421874998, ‖∇‖=2651.0656
[DP-Client 3] step 44/59, C=1.2136, σ=1.6700732421874998, ‖∇‖=2650.9060
[DP-Client 3] step 55/59, C=1.2136, σ=1.6700732421874998, ‖∇‖=2651.0342
[DP-Client 4] step 0/59, C=1.5072, σ=1.6700732421874998, ‖∇‖=3292.3467
[DP-Client 4] step 11/59, C=1.5072, σ=1.6700732421874998, ‖∇‖=3292.0398
[DP-Client 4] step 22/59, C=1.5072, σ=1.6700732421874998, ‖∇‖=3291.9881
[DP-Client 4] step 33/59, C=1.5072, σ=1.6700732421874998, ‖∇‖=3292.4343
[DP-Client 4] step 44/59, C=1.5072, σ=1.6700732421874998, ‖∇‖=3292.1375
[DP-Client 4] step 55/59, C=1.5072, σ=1.6700732421874998, ‖∇‖=3292.4625
[DP-Client 0] step 0/59, C=1.2521, σ=1.6700732421874998, ‖∇‖=2734.9713
[DP-Client 0] step 11/59, C=1.2521, σ=1.6700732421874998, ‖∇‖=2734.9331
[DP-Client 0] step 22/59, C=1.2521, σ=1.6700732421874998, ‖∇‖=2735.1638
[DP-Client 0] step 33/59, C=1.2521, σ=1.6700732421874998, ‖∇‖=2734.6586
[DP-Client 0] step 44/59, C=1.2521, σ=1.6700732421874998, ‖∇‖=2734.9617
[DP-Client 0] step 55/59, C=1.2521, σ=1.6700732421874998, ‖∇‖=2735.2211
[DP-Client 1] step 0/59, C=1.3614, σ=1.6700732421874998, ‖∇‖=2973.9034
[DP-Client 1] step 11/59, C=1.3614, σ=1.6700732421874998, ‖∇‖=2973.5507
[DP-Client 1] step 22/59, C=1.3614, σ=1.6700732421874998, ‖∇‖=2973.7926
[DP-Client 1] step 33/59, C=1.3614, σ=1.6700732421874998, ‖∇‖=2973.7413
[DP-Client 1] step 44/59, C=1.3614, σ=1.6700732421874998, ‖∇‖=2973.7266
[DP-Client 1] step 55/59, C=1.3614, σ=1.6700732421874998, ‖∇‖=2973.9278
[DP-Client 2] step 0/59, C=1.4232, σ=1.6700732421874998, ‖∇‖=3108.8675
[DP-Client 2] step 11/59, C=1.4232, σ=1.6700732421874998, ‖∇‖=3108.6477
[DP-Client 2] step 22/59, C=1.4232, σ=1.6700732421874998, ‖∇‖=3108.8493
[DP-Client 2] step 33/59, C=1.4232, σ=1.6700732421874998, ‖∇‖=3108.8116
[DP-Client 2] step 44/59, C=1.4232, σ=1.6700732421874998, ‖∇‖=3108.8058
[DP-Client 2] step 55/59, C=1.4232, σ=1.6700732421874998, ‖∇‖=3108.9763
[DP-Client 3] step 0/59, C=1.3138, σ=1.6700732421874998, ‖∇‖=2869.9212
[DP-Client 3] step 11/59, C=1.3138, σ=1.6700732421874998, ‖∇‖=2869.6384
[DP-Client 3] step 22/59, C=1.3138, σ=1.6700732421874998, ‖∇‖=2869.8019
[DP-Client 3] step 33/59, C=1.3138, σ=1.6700732421874998, ‖∇‖=2869.6468
[DP-Client 3] step 44/59, C=1.3138, σ=1.6700732421874998, ‖∇‖=2869.8475
[DP-Client 3] step 55/59, C=1.3138, σ=1.6700732421874998, ‖∇‖=2869.8261
[DP-Client 4] step 0/59, C=1.5983, σ=1.6700732421874998, ‖∇‖=3491.2285
[DP-Client 4] step 11/59, C=1.5983, σ=1.6700732421874998, ‖∇‖=3491.2754
[DP-Client 4] step 22/59, C=1.5983, σ=1.6700732421874998, ‖∇‖=3490.9977
[DP-Client 4] step 33/59, C=1.5983, σ=1.6700732421874998, ‖∇‖=3491.0825
[DP-Client 4] step 44/59, C=1.5983, σ=1.6700732421874998, ‖∇‖=3490.9978
[DP-Client 4] step 55/59, C=1.5983, σ=1.6700732421874998, ‖∇‖=3491.3251
[DP-Client 0] step 0/59, C=1.2753, σ=1.6700732421874998, ‖∇‖=2785.4204
[DP-Client 0] step 11/59, C=1.2753, σ=1.6700732421874998, ‖∇‖=2785.4803
[DP-Client 0] step 22/59, C=1.2753, σ=1.6700732421874998, ‖∇‖=2785.7415
[DP-Client 0] step 33/59, C=1.2753, σ=1.6700732421874998, ‖∇‖=2785.6155
[DP-Client 0] step 44/59, C=1.2753, σ=1.6700732421874998, ‖∇‖=2785.5405
[DP-Client 0] step 55/59, C=1.2753, σ=1.6700732421874998, ‖∇‖=2785.3661
[DP-Client 1] step 0/59, C=1.4088, σ=1.6700732421874998, ‖∇‖=3077.2176
[DP-Client 1] step 11/59, C=1.4088, σ=1.6700732421874998, ‖∇‖=3077.1399
[DP-Client 1] step 22/59, C=1.4088, σ=1.6700732421874998, ‖∇‖=3077.2535
[DP-Client 1] step 33/59, C=1.4088, σ=1.6700732421874998, ‖∇‖=3077.4601
[DP-Client 1] step 44/59, C=1.4088, σ=1.6700732421874998, ‖∇‖=3077.3820
[DP-Client 1] step 55/59, C=1.4088, σ=1.6700732421874998, ‖∇‖=3077.3693
[DP-Client 2] step 0/59, C=1.4082, σ=1.6700732421874998, ‖∇‖=3076.0694
[DP-Client 2] step 11/59, C=1.4082, σ=1.6700732421874998, ‖∇‖=3076.2922
[DP-Client 2] step 22/59, C=1.4082, σ=1.6700732421874998, ‖∇‖=3076.2521
[DP-Client 2] step 33/59, C=1.4082, σ=1.6700732421874998, ‖∇‖=3076.0802
[DP-Client 2] step 44/59, C=1.4082, σ=1.6700732421874998, ‖∇‖=3075.9812
[DP-Client 2] step 55/59, C=1.4082, σ=1.6700732421874998, ‖∇‖=3076.0144
[DP-Client 3] step 0/59, C=2.0799, σ=1.6700732421874998, ‖∇‖=4543.2434
[DP-Client 3] step 11/59, C=2.0799, σ=1.6700732421874998, ‖∇‖=4543.2171
[DP-Client 3] step 22/59, C=2.0799, σ=1.6700732421874998, ‖∇‖=4543.1889
[DP-Client 3] step 33/59, C=2.0799, σ=1.6700732421874998, ‖∇‖=4543.3005
[DP-Client 3] step 44/59, C=2.0799, σ=1.6700732421874998, ‖∇‖=4543.4174
[DP-Client 3] step 55/59, C=2.0799, σ=1.6700732421874998, ‖∇‖=4543.1889
[DP-Client 4] step 0/59, C=1.6136, σ=1.6700732421874998, ‖∇‖=3524.8175
[DP-Client 4] step 11/59, C=1.6136, σ=1.6700732421874998, ‖∇‖=3524.2219
[DP-Client 4] step 22/59, C=1.6136, σ=1.6700732421874998, ‖∇‖=3524.4537
[DP-Client 4] step 33/59, C=1.6136, σ=1.6700732421874998, ‖∇‖=3524.3376
[DP-Client 4] step 44/59, C=1.6136, σ=1.6700732421874998, ‖∇‖=3524.3297
[DP-Client 4] step 55/59, C=1.6136, σ=1.6700732421874998, ‖∇‖=3524.3796
[DP-Client 0] step 0/59, C=1.6145, σ=1.6700732421874998, ‖∇‖=3526.8912
[DP-Client 0] step 11/59, C=1.6145, σ=1.6700732421874998, ‖∇‖=3526.3969
[DP-Client 0] step 22/59, C=1.6145, σ=1.6700732421874998, ‖∇‖=3526.4653
[DP-Client 0] step 33/59, C=1.6145, σ=1.6700732421874998, ‖∇‖=3526.5924
[DP-Client 0] step 44/59, C=1.6145, σ=1.6700732421874998, ‖∇‖=3526.6279
[DP-Client 0] step 55/59, C=1.6145, σ=1.6700732421874998, ‖∇‖=3526.5002
[DP-Client 1] step 0/59, C=1.5998, σ=1.6700732421874998, ‖∇‖=3494.6026
[DP-Client 1] step 11/59, C=1.5998, σ=1.6700732421874998, ‖∇‖=3494.6272
[DP-Client 1] step 22/59, C=1.5998, σ=1.6700732421874998, ‖∇‖=3494.4182
[DP-Client 1] step 33/59, C=1.5998, σ=1.6700732421874998, ‖∇‖=3494.8057
[DP-Client 1] step 44/59, C=1.5998, σ=1.6700732421874998, ‖∇‖=3494.4340
[DP-Client 1] step 55/59, C=1.5998, σ=1.6700732421874998, ‖∇‖=3494.4490
[DP-Client 2] step 0/59, C=1.7566, σ=1.6700732421874998, ‖∇‖=3837.0936
[DP-Client 2] step 11/59, C=1.7566, σ=1.6700732421874998, ‖∇‖=3836.8682
[DP-Client 2] step 22/59, C=1.7566, σ=1.6700732421874998, ‖∇‖=3837.2635
[DP-Client 2] step 33/59, C=1.7566, σ=1.6700732421874998, ‖∇‖=3836.7683
[DP-Client 2] step 44/59, C=1.7566, σ=1.6700732421874998, ‖∇‖=3837.0064
[DP-Client 2] step 55/59, C=1.7566, σ=1.6700732421874998, ‖∇‖=3836.6608
[DP-Client 3] step 0/59, C=1.8463, σ=1.6700732421874998, ‖∇‖=4032.6581
[DP-Client 3] step 11/59, C=1.8463, σ=1.6700732421874998, ‖∇‖=4032.7780
[DP-Client 3] step 22/59, C=1.8463, σ=1.6700732421874998, ‖∇‖=4032.8361
[DP-Client 3] step 33/59, C=1.8463, σ=1.6700732421874998, ‖∇‖=4033.2475
[DP-Client 3] step 44/59, C=1.8463, σ=1.6700732421874998, ‖∇‖=4033.1711
[DP-Client 3] step 55/59, C=1.8463, σ=1.6700732421874998, ‖∇‖=4032.8188
[DP-Client 4] step 0/59, C=1.3201, σ=1.6700732421874998, ‖∇‖=2883.7247
[DP-Client 4] step 11/59, C=1.3201, σ=1.6700732421874998, ‖∇‖=2883.2698
[DP-Client 4] step 22/59, C=1.3201, σ=1.6700732421874998, ‖∇‖=2883.1188
[DP-Client 4] step 33/59, C=1.3201, σ=1.6700732421874998, ‖∇‖=2883.2587
[DP-Client 4] step 44/59, C=1.3201, σ=1.6700732421874998, ‖∇‖=2883.1945
[DP-Client 4] step 55/59, C=1.3201, σ=1.6700732421874998, ‖∇‖=2883.5223
[DP-Client 0] step 0/59, C=1.7117, σ=1.6700732421874998, ‖∇‖=3738.5992
[DP-Client 0] step 11/59, C=1.7117, σ=1.6700732421874998, ‖∇‖=3738.9542
[DP-Client 0] step 22/59, C=1.7117, σ=1.6700732421874998, ‖∇‖=3739.0028
[DP-Client 0] step 33/59, C=1.7117, σ=1.6700732421874998, ‖∇‖=3739.0470
[DP-Client 0] step 44/59, C=1.7117, σ=1.6700732421874998, ‖∇‖=3738.8799
[DP-Client 0] step 55/59, C=1.7117, σ=1.6700732421874998, ‖∇‖=3739.2142
[DP-Client 1] step 0/59, C=1.9748, σ=1.6700732421874998, ‖∇‖=4313.5786
[DP-Client 1] step 11/59, C=1.9748, σ=1.6700732421874998, ‖∇‖=4313.3316
[DP-Client 1] step 22/59, C=1.9748, σ=1.6700732421874998, ‖∇‖=4313.8285
[DP-Client 1] step 33/59, C=1.9748, σ=1.6700732421874998, ‖∇‖=4313.4015
[DP-Client 1] step 44/59, C=1.9748, σ=1.6700732421874998, ‖∇‖=4313.5979
[DP-Client 1] step 55/59, C=1.9748, σ=1.6700732421874998, ‖∇‖=4313.3831
[DP-Client 2] step 0/59, C=1.7872, σ=1.6700732421874998, ‖∇‖=3903.7238
[DP-Client 2] step 11/59, C=1.7872, σ=1.6700732421874998, ‖∇‖=3904.1938
[DP-Client 2] step 22/59, C=1.7872, σ=1.6700732421874998, ‖∇‖=3903.5461
[DP-Client 2] step 33/59, C=1.7872, σ=1.6700732421874998, ‖∇‖=3903.8086
[DP-Client 2] step 44/59, C=1.7872, σ=1.6700732421874998, ‖∇‖=3904.0276
[DP-Client 2] step 55/59, C=1.7872, σ=1.6700732421874998, ‖∇‖=3903.4297
[DP-Client 3] step 0/59, C=1.8308, σ=1.6700732421874998, ‖∇‖=3999.3121
[DP-Client 3] step 11/59, C=1.8308, σ=1.6700732421874998, ‖∇‖=3999.2282
[DP-Client 3] step 22/59, C=1.8308, σ=1.6700732421874998, ‖∇‖=3999.2298
[DP-Client 3] step 33/59, C=1.8308, σ=1.6700732421874998, ‖∇‖=3999.0108
[DP-Client 3] step 44/59, C=1.8308, σ=1.6700732421874998, ‖∇‖=3998.9130
[DP-Client 3] step 55/59, C=1.8308, σ=1.6700732421874998, ‖∇‖=3999.3679
[DP-Client 4] step 0/59, C=1.6611, σ=1.6700732421874998, ‖∇‖=3627.5656
[DP-Client 4] step 11/59, C=1.6611, σ=1.6700732421874998, ‖∇‖=3628.6766
[DP-Client 4] step 22/59, C=1.6611, σ=1.6700732421874998, ‖∇‖=3628.5091
[DP-Client 4] step 33/59, C=1.6611, σ=1.6700732421874998, ‖∇‖=3628.3977
[DP-Client 4] step 44/59, C=1.6611, σ=1.6700732421874998, ‖∇‖=3628.1706
[DP-Client 4] step 55/59, C=1.6611, σ=1.6700732421874998, ‖∇‖=3628.2052
[DP-Client 0] step 0/59, C=1.2543, σ=1.6700732421874998, ‖∇‖=2739.8801
[DP-Client 0] step 11/59, C=1.2543, σ=1.6700732421874998, ‖∇‖=2739.7597
[DP-Client 0] step 22/59, C=1.2543, σ=1.6700732421874998, ‖∇‖=2739.8191
[DP-Client 0] step 33/59, C=1.2543, σ=1.6700732421874998, ‖∇‖=2739.7612
[DP-Client 0] step 44/59, C=1.2543, σ=1.6700732421874998, ‖∇‖=2739.4779
[DP-Client 0] step 55/59, C=1.2543, σ=1.6700732421874998, ‖∇‖=2739.9175
[DP-Client 1] step 0/59, C=1.7056, σ=1.6700732421874998, ‖∇‖=3726.1428
[DP-Client 1] step 11/59, C=1.7056, σ=1.6700732421874998, ‖∇‖=3725.6241
[DP-Client 1] step 22/59, C=1.7056, σ=1.6700732421874998, ‖∇‖=3725.3150
[DP-Client 1] step 33/59, C=1.7056, σ=1.6700732421874998, ‖∇‖=3725.4499
[DP-Client 1] step 44/59, C=1.7056, σ=1.6700732421874998, ‖∇‖=3725.5527
[DP-Client 1] step 55/59, C=1.7056, σ=1.6700732421874998, ‖∇‖=3725.6250
[DP-Client 2] step 0/59, C=1.3101, σ=1.6700732421874998, ‖∇‖=2861.7474
[DP-Client 2] step 11/59, C=1.3101, σ=1.6700732421874998, ‖∇‖=2861.4137
[DP-Client 2] step 22/59, C=1.3101, σ=1.6700732421874998, ‖∇‖=2861.7992
[DP-Client 2] step 33/59, C=1.3101, σ=1.6700732421874998, ‖∇‖=2862.0022
[DP-Client 2] step 44/59, C=1.3101, σ=1.6700732421874998, ‖∇‖=2861.9070
[DP-Client 2] step 55/59, C=1.3101, σ=1.6700732421874998, ‖∇‖=2861.8172
[DP-Client 3] step 0/59, C=1.0956, σ=1.6700732421874998, ‖∇‖=2393.2667
[DP-Client 3] step 11/59, C=1.0956, σ=1.6700732421874998, ‖∇‖=2393.5327
[DP-Client 3] step 22/59, C=1.0956, σ=1.6700732421874998, ‖∇‖=2392.8911
[DP-Client 3] step 33/59, C=1.0956, σ=1.6700732421874998, ‖∇‖=2393.2906
[DP-Client 3] step 44/59, C=1.0956, σ=1.6700732421874998, ‖∇‖=2393.2910
[DP-Client 3] step 55/59, C=1.0956, σ=1.6700732421874998, ‖∇‖=2392.9837
[DP-Client 4] step 0/59, C=1.1006, σ=1.6700732421874998, ‖∇‖=2403.8197
[DP-Client 4] step 11/59, C=1.1006, σ=1.6700732421874998, ‖∇‖=2404.1797
[DP-Client 4] step 22/59, C=1.1006, σ=1.6700732421874998, ‖∇‖=2404.0142
[DP-Client 4] step 33/59, C=1.1006, σ=1.6700732421874998, ‖∇‖=2404.1289
[DP-Client 4] step 44/59, C=1.1006, σ=1.6700732421874998, ‖∇‖=2404.2363
[DP-Client 4] step 55/59, C=1.1006, σ=1.6700732421874998, ‖∇‖=2404.1167
[DP-Client 0] step 0/59, C=1.8304, σ=1.6700732421874998, ‖∇‖=3997.8495
[DP-Client 0] step 11/59, C=1.8304, σ=1.6700732421874998, ‖∇‖=3997.9980
[DP-Client 0] step 22/59, C=1.8304, σ=1.6700732421874998, ‖∇‖=3998.3980
[DP-Client 0] step 33/59, C=1.8304, σ=1.6700732421874998, ‖∇‖=3997.9035
[DP-Client 0] step 44/59, C=1.8304, σ=1.6700732421874998, ‖∇‖=3997.9464
[DP-Client 0] step 55/59, C=1.8304, σ=1.6700732421874998, ‖∇‖=3997.8862
[DP-Client 1] step 0/59, C=1.6621, σ=1.6700732421874998, ‖∇‖=3630.4056
[DP-Client 1] step 11/59, C=1.6621, σ=1.6700732421874998, ‖∇‖=3629.9611
[DP-Client 1] step 22/59, C=1.6621, σ=1.6700732421874998, ‖∇‖=3630.4342
[DP-Client 1] step 33/59, C=1.6621, σ=1.6700732421874998, ‖∇‖=3631.0097
[DP-Client 1] step 44/59, C=1.6621, σ=1.6700732421874998, ‖∇‖=3630.6854
[DP-Client 1] step 55/59, C=1.6621, σ=1.6700732421874998, ‖∇‖=3630.3089
[DP-Client 2] step 0/59, C=1.9012, σ=1.6700732421874998, ‖∇‖=4152.8093
[DP-Client 2] step 11/59, C=1.9012, σ=1.6700732421874998, ‖∇‖=4152.9352
[DP-Client 2] step 22/59, C=1.9012, σ=1.6700732421874998, ‖∇‖=4152.7524
[DP-Client 2] step 33/59, C=1.9012, σ=1.6700732421874998, ‖∇‖=4152.2565
[DP-Client 2] step 44/59, C=1.9012, σ=1.6700732421874998, ‖∇‖=4152.6347
[DP-Client 2] step 55/59, C=1.9012, σ=1.6700732421874998, ‖∇‖=4152.4812
[DP-Client 3] step 0/59, C=1.9464, σ=1.6700732421874998, ‖∇‖=4250.9644
[DP-Client 3] step 11/59, C=1.9464, σ=1.6700732421874998, ‖∇‖=4251.5759
[DP-Client 3] step 22/59, C=1.9464, σ=1.6700732421874998, ‖∇‖=4251.8279
[DP-Client 3] step 33/59, C=1.9464, σ=1.6700732421874998, ‖∇‖=4251.8261
[DP-Client 3] step 44/59, C=1.9464, σ=1.6700732421874998, ‖∇‖=4252.2033
[DP-Client 3] step 55/59, C=1.9464, σ=1.6700732421874998, ‖∇‖=4251.3002
[DP-Client 4] step 0/59, C=1.7116, σ=1.6700732421874998, ‖∇‖=3738.5349
[DP-Client 4] step 11/59, C=1.7116, σ=1.6700732421874998, ‖∇‖=3738.6757
[DP-Client 4] step 22/59, C=1.7116, σ=1.6700732421874998, ‖∇‖=3737.8638
[DP-Client 4] step 33/59, C=1.7116, σ=1.6700732421874998, ‖∇‖=3738.4684
[DP-Client 4] step 44/59, C=1.7116, σ=1.6700732421874998, ‖∇‖=3738.5174
[DP-Client 4] step 55/59, C=1.7116, σ=1.6700732421874998, ‖∇‖=3738.8462
[DP-Client 0] step 0/59, C=1.8787, σ=1.6700732421874998, ‖∇‖=4103.9335
[DP-Client 0] step 11/59, C=1.8787, σ=1.6700732421874998, ‖∇‖=4103.6303
[DP-Client 0] step 22/59, C=1.8787, σ=1.6700732421874998, ‖∇‖=4103.6872
[DP-Client 0] step 33/59, C=1.8787, σ=1.6700732421874998, ‖∇‖=4103.9258
[DP-Client 0] step 44/59, C=1.8787, σ=1.6700732421874998, ‖∇‖=4103.4343
[DP-Client 0] step 55/59, C=1.8787, σ=1.6700732421874998, ‖∇‖=4103.7436
[DP-Client 1] step 0/59, C=1.7464, σ=1.6700732421874998, ‖∇‖=3814.5466
[DP-Client 1] step 11/59, C=1.7464, σ=1.6700732421874998, ‖∇‖=3815.0089
[DP-Client 1] step 22/59, C=1.7464, σ=1.6700732421874998, ‖∇‖=3814.7098
[DP-Client 1] step 33/59, C=1.7464, σ=1.6700732421874998, ‖∇‖=3814.8851
[DP-Client 1] step 44/59, C=1.7464, σ=1.6700732421874998, ‖∇‖=3814.5637
[DP-Client 1] step 55/59, C=1.7464, σ=1.6700732421874998, ‖∇‖=3814.7814
[DP-Client 2] step 0/59, C=2.0932, σ=1.6700732421874998, ‖∇‖=4572.2195
[DP-Client 2] step 11/59, C=2.0932, σ=1.6700732421874998, ‖∇‖=4572.6454
[DP-Client 2] step 22/59, C=2.0932, σ=1.6700732421874998, ‖∇‖=4571.9754
[DP-Client 2] step 33/59, C=2.0932, σ=1.6700732421874998, ‖∇‖=4572.1152
[DP-Client 2] step 44/59, C=2.0932, σ=1.6700732421874998, ‖∇‖=4572.2434
[DP-Client 2] step 55/59, C=2.0932, σ=1.6700732421874998, ‖∇‖=4571.4907
[DP-Client 3] step 0/59, C=2.2491, σ=1.6700732421874998, ‖∇‖=4912.4441
[DP-Client 3] step 11/59, C=2.2491, σ=1.6700732421874998, ‖∇‖=4912.4195
[DP-Client 3] step 22/59, C=2.2491, σ=1.6700732421874998, ‖∇‖=4912.9442
[DP-Client 3] step 33/59, C=2.2491, σ=1.6700732421874998, ‖∇‖=4912.8870
[DP-Client 3] step 44/59, C=2.2491, σ=1.6700732421874998, ‖∇‖=4912.6413
[DP-Client 3] step 55/59, C=2.2491, σ=1.6700732421874998, ‖∇‖=4912.9003
[DP-Client 4] step 0/59, C=1.5940, σ=1.6700732421874998, ‖∇‖=3482.0143
[DP-Client 4] step 11/59, C=1.5940, σ=1.6700732421874998, ‖∇‖=3481.9951
[DP-Client 4] step 22/59, C=1.5940, σ=1.6700732421874998, ‖∇‖=3481.9553
[DP-Client 4] step 33/59, C=1.5940, σ=1.6700732421874998, ‖∇‖=3481.8052
[DP-Client 4] step 44/59, C=1.5940, σ=1.6700732421874998, ‖∇‖=3481.7854
[DP-Client 4] step 55/59, C=1.5940, σ=1.6700732421874998, ‖∇‖=3481.8299
[DP-Client 0] step 0/59, C=2.3319, σ=1.6700732421874998, ‖∇‖=5093.6539
[DP-Client 0] step 11/59, C=2.3319, σ=1.6700732421874998, ‖∇‖=5093.5137
[DP-Client 0] step 22/59, C=2.3319, σ=1.6700732421874998, ‖∇‖=5093.2607
[DP-Client 0] step 33/59, C=2.3319, σ=1.6700732421874998, ‖∇‖=5093.3413
[DP-Client 0] step 44/59, C=2.3319, σ=1.6700732421874998, ‖∇‖=5092.7033
[DP-Client 0] step 55/59, C=2.3319, σ=1.6700732421874998, ‖∇‖=5094.1519
[DP-Client 1] step 0/59, C=2.4523, σ=1.6700732421874998, ‖∇‖=5356.5112
[DP-Client 1] step 11/59, C=2.4523, σ=1.6700732421874998, ‖∇‖=5356.0441
[DP-Client 1] step 22/59, C=2.4523, σ=1.6700732421874998, ‖∇‖=5356.9734
[DP-Client 1] step 33/59, C=2.4523, σ=1.6700732421874998, ‖∇‖=5356.2668
[DP-Client 1] step 44/59, C=2.4523, σ=1.6700732421874998, ‖∇‖=5356.6260
[DP-Client 1] step 55/59, C=2.4523, σ=1.6700732421874998, ‖∇‖=5356.7042
[DP-Client 2] step 0/59, C=2.6834, σ=1.6700732421874998, ‖∇‖=5861.5862
[DP-Client 2] step 11/59, C=2.6834, σ=1.6700732421874998, ‖∇‖=5861.9134
[DP-Client 2] step 22/59, C=2.6834, σ=1.6700732421874998, ‖∇‖=5860.6194
[DP-Client 2] step 33/59, C=2.6834, σ=1.6700732421874998, ‖∇‖=5861.6946
[DP-Client 2] step 44/59, C=2.6834, σ=1.6700732421874998, ‖∇‖=5861.1643
[DP-Client 2] step 55/59, C=2.6834, σ=1.6700732421874998, ‖∇‖=5861.4377
[DP-Client 3] step 0/59, C=2.4069, σ=1.6700732421874998, ‖∇‖=5258.0865
[DP-Client 3] step 11/59, C=2.4069, σ=1.6700732421874998, ‖∇‖=5256.6821
[DP-Client 3] step 22/59, C=2.4069, σ=1.6700732421874998, ‖∇‖=5258.2229
[DP-Client 3] step 33/59, C=2.4069, σ=1.6700732421874998, ‖∇‖=5257.5269
[DP-Client 3] step 44/59, C=2.4069, σ=1.6700732421874998, ‖∇‖=5256.8917
[DP-Client 3] step 55/59, C=2.4069, σ=1.6700732421874998, ‖∇‖=5257.6997
[DP-Client 4] step 0/59, C=2.5069, σ=1.6700732421874998, ‖∇‖=5476.1315
[DP-Client 4] step 11/59, C=2.5069, σ=1.6700732421874998, ‖∇‖=5475.9363
[DP-Client 4] step 22/59, C=2.5069, σ=1.6700732421874998, ‖∇‖=5475.4361
[DP-Client 4] step 33/59, C=2.5069, σ=1.6700732421874998, ‖∇‖=5476.2707
[DP-Client 4] step 44/59, C=2.5069, σ=1.6700732421874998, ‖∇‖=5475.4693
[DP-Client 4] step 55/59, C=2.5069, σ=1.6700732421874998, ‖∇‖=5475.8037
[DP-Client 0] step 0/59, C=2.4492, σ=1.6700732421874998, ‖∇‖=5350.0735
[DP-Client 0] step 11/59, C=2.4492, σ=1.6700732421874998, ‖∇‖=5349.4631
[DP-Client 0] step 22/59, C=2.4492, σ=1.6700732421874998, ‖∇‖=5349.6960
[DP-Client 0] step 33/59, C=2.4492, σ=1.6700732421874998, ‖∇‖=5349.7124
[DP-Client 0] step 44/59, C=2.4492, σ=1.6700732421874998, ‖∇‖=5349.9178
[DP-Client 0] step 55/59, C=2.4492, σ=1.6700732421874998, ‖∇‖=5349.5455
[DP-Client 1] step 0/59, C=2.3350, σ=1.6700732421874998, ‖∇‖=5100.1896
[DP-Client 1] step 11/59, C=2.3350, σ=1.6700732421874998, ‖∇‖=5100.2082
[DP-Client 1] step 22/59, C=2.3350, σ=1.6700732421874998, ‖∇‖=5100.5312
[DP-Client 1] step 33/59, C=2.3350, σ=1.6700732421874998, ‖∇‖=5100.5785
[DP-Client 1] step 44/59, C=2.3350, σ=1.6700732421874998, ‖∇‖=5100.3465
[DP-Client 1] step 55/59, C=2.3350, σ=1.6700732421874998, ‖∇‖=5100.5294
[DP-Client 2] step 0/59, C=3.0406, σ=1.6700732421874998, ‖∇‖=6641.8445
[DP-Client 2] step 11/59, C=3.0406, σ=1.6700732421874998, ‖∇‖=6641.5317
[DP-Client 2] step 22/59, C=3.0406, σ=1.6700732421874998, ‖∇‖=6640.7221
[DP-Client 2] step 33/59, C=3.0406, σ=1.6700732421874998, ‖∇‖=6641.3326
[DP-Client 2] step 44/59, C=3.0406, σ=1.6700732421874998, ‖∇‖=6641.9896
[DP-Client 2] step 55/59, C=3.0406, σ=1.6700732421874998, ‖∇‖=6641.1197
[DP-Client 3] step 0/59, C=3.4785, σ=1.6700732421874998, ‖∇‖=7598.2471
[DP-Client 3] step 11/59, C=3.4785, σ=1.6700732421874998, ‖∇‖=7597.3309
[DP-Client 3] step 22/59, C=3.4785, σ=1.6700732421874998, ‖∇‖=7596.9221
[DP-Client 3] step 33/59, C=3.4785, σ=1.6700732421874998, ‖∇‖=7598.4956
[DP-Client 3] step 44/59, C=3.4785, σ=1.6700732421874998, ‖∇‖=7597.6417
[DP-Client 3] step 55/59, C=3.4785, σ=1.6700732421874998, ‖∇‖=7598.5743
[DP-Client 4] step 0/59, C=2.6416, σ=1.6700732421874998, ‖∇‖=5770.1341
[DP-Client 4] step 11/59, C=2.6416, σ=1.6700732421874998, ‖∇‖=5770.8253
[DP-Client 4] step 22/59, C=2.6416, σ=1.6700732421874998, ‖∇‖=5770.9467
[DP-Client 4] step 33/59, C=2.6416, σ=1.6700732421874998, ‖∇‖=5770.5828
[DP-Client 4] step 44/59, C=2.6416, σ=1.6700732421874998, ‖∇‖=5769.5869
[DP-Client 4] step 55/59, C=2.6416, σ=1.6700732421874998, ‖∇‖=5769.4726
[DP-Client 0] step 0/59, C=2.3869, σ=1.6700732421874998, ‖∇‖=5213.9159
[DP-Client 0] step 11/59, C=2.3869, σ=1.6700732421874998, ‖∇‖=5214.4243
[DP-Client 0] step 22/59, C=2.3869, σ=1.6700732421874998, ‖∇‖=5214.1088
[DP-Client 0] step 33/59, C=2.3869, σ=1.6700732421874998, ‖∇‖=5213.4272
[DP-Client 0] step 44/59, C=2.3869, σ=1.6700732421874998, ‖∇‖=5213.9127
[DP-Client 0] step 55/59, C=2.3869, σ=1.6700732421874998, ‖∇‖=5213.6702
[DP-Client 1] step 0/59, C=3.1847, σ=1.6700732421874998, ‖∇‖=6956.3547
[DP-Client 1] step 11/59, C=3.1847, σ=1.6700732421874998, ‖∇‖=6956.6219
[DP-Client 1] step 22/59, C=3.1847, σ=1.6700732421874998, ‖∇‖=6956.5082
[DP-Client 1] step 33/59, C=3.1847, σ=1.6700732421874998, ‖∇‖=6956.0073
[DP-Client 1] step 44/59, C=3.1847, σ=1.6700732421874998, ‖∇‖=6956.9886
[DP-Client 1] step 55/59, C=3.1847, σ=1.6700732421874998, ‖∇‖=6957.1277
[DP-Client 2] step 0/59, C=2.9321, σ=1.6700732421874998, ‖∇‖=6404.5267
[DP-Client 2] step 11/59, C=2.9321, σ=1.6700732421874998, ‖∇‖=6405.2738
[DP-Client 2] step 22/59, C=2.9321, σ=1.6700732421874998, ‖∇‖=6404.9982
[DP-Client 2] step 33/59, C=2.9321, σ=1.6700732421874998, ‖∇‖=6404.3969
[DP-Client 2] step 44/59, C=2.9321, σ=1.6700732421874998, ‖∇‖=6404.2183
[DP-Client 2] step 55/59, C=2.9321, σ=1.6700732421874998, ‖∇‖=6403.8539
[DP-Client 3] step 0/59, C=2.7341, σ=1.6700732421874998, ‖∇‖=5971.8254
[DP-Client 3] step 11/59, C=2.7341, σ=1.6700732421874998, ‖∇‖=5972.4813
[DP-Client 3] step 22/59, C=2.7341, σ=1.6700732421874998, ‖∇‖=5972.4055
[DP-Client 3] step 33/59, C=2.7341, σ=1.6700732421874998, ‖∇‖=5972.4098
[DP-Client 3] step 44/59, C=2.7341, σ=1.6700732421874998, ‖∇‖=5972.3356
[DP-Client 3] step 55/59, C=2.7341, σ=1.6700732421874998, ‖∇‖=5972.6775
[DP-Client 4] step 0/59, C=2.2671, σ=1.6700732421874998, ‖∇‖=4952.6868
[DP-Client 4] step 11/59, C=2.2671, σ=1.6700732421874998, ‖∇‖=4952.0079
[DP-Client 4] step 22/59, C=2.2671, σ=1.6700732421874998, ‖∇‖=4952.5851
[DP-Client 4] step 33/59, C=2.2671, σ=1.6700732421874998, ‖∇‖=4952.6440
[DP-Client 4] step 44/59, C=2.2671, σ=1.6700732421874998, ‖∇‖=4952.1831
[DP-Client 4] step 55/59, C=2.2671, σ=1.6700732421874998, ‖∇‖=4952.4974
[DP-Client 0] step 0/59, C=5.6524, σ=1.6700732421874998, ‖∇‖=12346.5715
[DP-Client 0] step 11/59, C=5.6524, σ=1.6700732421874998, ‖∇‖=12345.4966
[DP-Client 0] step 22/59, C=5.6524, σ=1.6700732421874998, ‖∇‖=12346.3873
[DP-Client 0] step 33/59, C=5.6524, σ=1.6700732421874998, ‖∇‖=12346.7833
[DP-Client 0] step 44/59, C=5.6524, σ=1.6700732421874998, ‖∇‖=12344.3059
[DP-Client 0] step 55/59, C=5.6524, σ=1.6700732421874998, ‖∇‖=12346.0811
[DP-Client 1] step 0/59, C=7.3255, σ=1.6700732421874998, ‖∇‖=16000.7067
[DP-Client 1] step 11/59, C=7.3255, σ=1.6700732421874998, ‖∇‖=16001.7123
[DP-Client 1] step 22/59, C=7.3255, σ=1.6700732421874998, ‖∇‖=16000.8480
[DP-Client 1] step 33/59, C=7.3255, σ=1.6700732421874998, ‖∇‖=16001.8908
[DP-Client 1] step 44/59, C=7.3255, σ=1.6700732421874998, ‖∇‖=16000.0945
[DP-Client 1] step 55/59, C=7.3255, σ=1.6700732421874998, ‖∇‖=16001.4173
[DP-Client 2] step 0/59, C=5.9397, σ=1.6700732421874998, ‖∇‖=12973.7843
[DP-Client 2] step 11/59, C=5.9397, σ=1.6700732421874998, ‖∇‖=12973.3208
[DP-Client 2] step 22/59, C=5.9397, σ=1.6700732421874998, ‖∇‖=12974.4456
[DP-Client 2] step 33/59, C=5.9397, σ=1.6700732421874998, ‖∇‖=12974.0407
[DP-Client 2] step 44/59, C=5.9397, σ=1.6700732421874998, ‖∇‖=12973.9974
[DP-Client 2] step 55/59, C=5.9397, σ=1.6700732421874998, ‖∇‖=12973.9582
[DP-Client 3] step 0/59, C=5.7711, σ=1.6700732421874998, ‖∇‖=12607.1113
[DP-Client 3] step 11/59, C=5.7711, σ=1.6700732421874998, ‖∇‖=12606.8848
[DP-Client 3] step 22/59, C=5.7711, σ=1.6700732421874998, ‖∇‖=12608.3774
[DP-Client 3] step 33/59, C=5.7711, σ=1.6700732421874998, ‖∇‖=12604.3663
[DP-Client 3] step 44/59, C=5.7711, σ=1.6700732421874998, ‖∇‖=12604.5791
[DP-Client 3] step 55/59, C=5.7711, σ=1.6700732421874998, ‖∇‖=12605.9511
[DP-Client 4] step 0/59, C=7.8054, σ=1.6700732421874998, ‖∇‖=17050.0462
[DP-Client 4] step 11/59, C=7.8054, σ=1.6700732421874998, ‖∇‖=17049.7133
[DP-Client 4] step 22/59, C=7.8054, σ=1.6700732421874998, ‖∇‖=17050.3959
[DP-Client 4] step 33/59, C=7.8054, σ=1.6700732421874998, ‖∇‖=17050.1801
[DP-Client 4] step 44/59, C=7.8054, σ=1.6700732421874998, ‖∇‖=17049.5816
[DP-Client 4] step 55/59, C=7.8054, σ=1.6700732421874998, ‖∇‖=17050.9566
[DP-Client 0] step 0/59, C=14.5417, σ=1.6700732421874998, ‖∇‖=31762.2252
[DP-Client 0] step 11/59, C=14.5417, σ=1.6700732421874998, ‖∇‖=31767.0787
[DP-Client 0] step 22/59, C=14.5417, σ=1.6700732421874998, ‖∇‖=31762.2335
[DP-Client 0] step 33/59, C=14.5417, σ=1.6700732421874998, ‖∇‖=31764.2876
[DP-Client 0] step 44/59, C=14.5417, σ=1.6700732421874998, ‖∇‖=31761.9112
[DP-Client 0] step 55/59, C=14.5417, σ=1.6700732421874998, ‖∇‖=31764.1159
[DP-Client 1] step 0/59, C=14.9923, σ=1.6700732421874998, ‖∇‖=32746.4787
[DP-Client 1] step 11/59, C=14.9923, σ=1.6700732421874998, ‖∇‖=32745.7442
[DP-Client 1] step 22/59, C=14.9923, σ=1.6700732421874998, ‖∇‖=32745.2958
[DP-Client 1] step 33/59, C=14.9923, σ=1.6700732421874998, ‖∇‖=32750.5951
[DP-Client 1] step 44/59, C=14.9923, σ=1.6700732421874998, ‖∇‖=32749.8453
[DP-Client 1] step 55/59, C=14.9923, σ=1.6700732421874998, ‖∇‖=32742.3576
[DP-Client 2] step 0/59, C=16.3997, σ=1.6700732421874998, ‖∇‖=35824.0468
[DP-Client 2] step 11/59, C=16.3997, σ=1.6700732421874998, ‖∇‖=35822.9737
[DP-Client 2] step 22/59, C=16.3997, σ=1.6700732421874998, ‖∇‖=35827.7058
[DP-Client 2] step 33/59, C=16.3997, σ=1.6700732421874998, ‖∇‖=35826.3613
[DP-Client 2] step 44/59, C=16.3997, σ=1.6700732421874998, ‖∇‖=35820.9780
[DP-Client 2] step 55/59, C=16.3997, σ=1.6700732421874998, ‖∇‖=35820.6980
[DP-Client 3] step 0/59, C=15.6306, σ=1.6700732421874998, ‖∇‖=34142.5812
[DP-Client 3] step 11/59, C=15.6306, σ=1.6700732421874998, ‖∇‖=34139.4514
[DP-Client 3] step 22/59, C=15.6306, σ=1.6700732421874998, ‖∇‖=34145.0329
[DP-Client 3] step 33/59, C=15.6306, σ=1.6700732421874998, ‖∇‖=34144.0794
[DP-Client 3] step 44/59, C=15.6306, σ=1.6700732421874998, ‖∇‖=34140.9852
[DP-Client 3] step 55/59, C=15.6306, σ=1.6700732421874998, ‖∇‖=34141.5367
[DP-Client 4] step 0/59, C=14.4313, σ=1.6700732421874998, ‖∇‖=31522.9845
[DP-Client 4] step 11/59, C=14.4313, σ=1.6700732421874998, ‖∇‖=31522.8761
[DP-Client 4] step 22/59, C=14.4313, σ=1.6700732421874998, ‖∇‖=31526.4197
[DP-Client 4] step 33/59, C=14.4313, σ=1.6700732421874998, ‖∇‖=31524.0818
[DP-Client 4] step 44/59, C=14.4313, σ=1.6700732421874998, ‖∇‖=31523.0973
[DP-Client 4] step 55/59, C=14.4313, σ=1.6700732421874998, ‖∇‖=31521.8775
[DP-Client 0] step 0/59, C=13.8000, σ=1.6700732421874998, ‖∇‖=30144.3480
[DP-Client 0] step 11/59, C=13.8000, σ=1.6700732421874998, ‖∇‖=30149.6878
[DP-Client 0] step 22/59, C=13.8000, σ=1.6700732421874998, ‖∇‖=30144.9519
[DP-Client 0] step 33/59, C=13.8000, σ=1.6700732421874998, ‖∇‖=30142.0505
[DP-Client 0] step 44/59, C=13.8000, σ=1.6700732421874998, ‖∇‖=30145.4605
[DP-Client 0] step 55/59, C=13.8000, σ=1.6700732421874998, ‖∇‖=30143.0039
[DP-Client 1] step 0/59, C=16.6195, σ=1.6700732421874998, ‖∇‖=36302.6376
[DP-Client 1] step 11/59, C=16.6195, σ=1.6700732421874998, ‖∇‖=36299.6438
[DP-Client 1] step 22/59, C=16.6195, σ=1.6700732421874998, ‖∇‖=36304.8922
[DP-Client 1] step 33/59, C=16.6195, σ=1.6700732421874998, ‖∇‖=36305.4001
[DP-Client 1] step 44/59, C=16.6195, σ=1.6700732421874998, ‖∇‖=36302.8227
[DP-Client 1] step 55/59, C=16.6195, σ=1.6700732421874998, ‖∇‖=36303.4751
[DP-Client 2] step 0/59, C=13.2086, σ=1.6700732421874998, ‖∇‖=28852.1801
[DP-Client 2] step 11/59, C=13.2086, σ=1.6700732421874998, ‖∇‖=28850.4061
[DP-Client 2] step 22/59, C=13.2086, σ=1.6700732421874998, ‖∇‖=28851.4139
[DP-Client 2] step 33/59, C=13.2086, σ=1.6700732421874998, ‖∇‖=28849.7046
[DP-Client 2] step 44/59, C=13.2086, σ=1.6700732421874998, ‖∇‖=28850.7591
[DP-Client 2] step 55/59, C=13.2086, σ=1.6700732421874998, ‖∇‖=28849.2471
[DP-Client 3] step 0/59, C=12.7233, σ=1.6700732421874998, ‖∇‖=27792.7371
[DP-Client 3] step 11/59, C=12.7233, σ=1.6700732421874998, ‖∇‖=27793.9830
[DP-Client 3] step 22/59, C=12.7233, σ=1.6700732421874998, ‖∇‖=27790.2693
[DP-Client 3] step 33/59, C=12.7233, σ=1.6700732421874998, ‖∇‖=27788.2849
[DP-Client 3] step 44/59, C=12.7233, σ=1.6700732421874998, ‖∇‖=27792.4814
[DP-Client 3] step 55/59, C=12.7233, σ=1.6700732421874998, ‖∇‖=27790.5966
[DP-Client 4] step 0/59, C=14.7902, σ=1.6700732421874998, ‖∇‖=32308.8017
[DP-Client 4] step 11/59, C=14.7902, σ=1.6700732421874998, ‖∇‖=32307.8364
[DP-Client 4] step 22/59, C=14.7902, σ=1.6700732421874998, ‖∇‖=32306.7596
[DP-Client 4] step 33/59, C=14.7902, σ=1.6700732421874998, ‖∇‖=32306.6046
[DP-Client 4] step 44/59, C=14.7902, σ=1.6700732421874998, ‖∇‖=32305.4116
[DP-Client 4] step 55/59, C=14.7902, σ=1.6700732421874998, ‖∇‖=32308.7439
[DP-Client 0] step 0/59, C=10.6457, σ=1.6700732421874998, ‖∇‖=23256.1329
[DP-Client 0] step 11/59, C=10.6457, σ=1.6700732421874998, ‖∇‖=23251.1337
[DP-Client 0] step 22/59, C=10.6457, σ=1.6700732421874998, ‖∇‖=23253.3885
[DP-Client 0] step 33/59, C=10.6457, σ=1.6700732421874998, ‖∇‖=23256.3360
[DP-Client 0] step 44/59, C=10.6457, σ=1.6700732421874998, ‖∇‖=23256.0171
[DP-Client 0] step 55/59, C=10.6457, σ=1.6700732421874998, ‖∇‖=23256.6350
[DP-Client 1] step 0/59, C=12.5070, σ=1.6700732421874998, ‖∇‖=27318.4359
[DP-Client 1] step 11/59, C=12.5070, σ=1.6700732421874998, ‖∇‖=27316.6279
[DP-Client 1] step 22/59, C=12.5070, σ=1.6700732421874998, ‖∇‖=27320.8654
[DP-Client 1] step 33/59, C=12.5070, σ=1.6700732421874998, ‖∇‖=27319.0093
[DP-Client 1] step 44/59, C=12.5070, σ=1.6700732421874998, ‖∇‖=27316.3500
[DP-Client 1] step 55/59, C=12.5070, σ=1.6700732421874998, ‖∇‖=27319.6752
[DP-Client 2] step 0/59, C=11.6095, σ=1.6700732421874998, ‖∇‖=25357.6234
[DP-Client 2] step 11/59, C=11.6095, σ=1.6700732421874998, ‖∇‖=25360.0905
[DP-Client 2] step 22/59, C=11.6095, σ=1.6700732421874998, ‖∇‖=25360.8543
[DP-Client 2] step 33/59, C=11.6095, σ=1.6700732421874998, ‖∇‖=25356.9977
[DP-Client 2] step 44/59, C=11.6095, σ=1.6700732421874998, ‖∇‖=25361.4757
[DP-Client 2] step 55/59, C=11.6095, σ=1.6700732421874998, ‖∇‖=25358.4040
[DP-Client 3] step 0/59, C=8.2430, σ=1.6700732421874998, ‖∇‖=18005.4948
[DP-Client 3] step 11/59, C=8.2430, σ=1.6700732421874998, ‖∇‖=18005.4306
[DP-Client 3] step 22/59, C=8.2430, σ=1.6700732421874998, ‖∇‖=18004.2816
[DP-Client 3] step 33/59, C=8.2430, σ=1.6700732421874998, ‖∇‖=18005.9622
[DP-Client 3] step 44/59, C=8.2430, σ=1.6700732421874998, ‖∇‖=18004.5716
[DP-Client 3] step 55/59, C=8.2430, σ=1.6700732421874998, ‖∇‖=18002.8746
[DP-Client 4] step 0/59, C=13.2369, σ=1.6700732421874998, ‖∇‖=28912.5625
[DP-Client 4] step 11/59, C=13.2369, σ=1.6700732421874998, ‖∇‖=28912.0662
[DP-Client 4] step 22/59, C=13.2369, σ=1.6700732421874998, ‖∇‖=28914.1394
[DP-Client 4] step 33/59, C=13.2369, σ=1.6700732421874998, ‖∇‖=28913.6599
[DP-Client 4] step 44/59, C=13.2369, σ=1.6700732421874998, ‖∇‖=28914.3508
[DP-Client 4] step 55/59, C=13.2369, σ=1.6700732421874998, ‖∇‖=28914.5256
[DP-Client 0] step 0/59, C=3.9553, σ=1.6700732421874998, ‖∇‖=8638.8559
[DP-Client 0] step 11/59, C=3.9553, σ=1.6700732421874998, ‖∇‖=8639.1172
[DP-Client 0] step 22/59, C=3.9553, σ=1.6700732421874998, ‖∇‖=8639.4908
[DP-Client 0] step 33/59, C=3.9553, σ=1.6700732421874998, ‖∇‖=8638.9283
[DP-Client 0] step 44/59, C=3.9553, σ=1.6700732421874998, ‖∇‖=8639.9407
[DP-Client 0] step 55/59, C=3.9553, σ=1.6700732421874998, ‖∇‖=8640.4863
[DP-Client 1] step 0/59, C=5.0402, σ=1.6700732421874998, ‖∇‖=11011.5833
[DP-Client 1] step 11/59, C=5.0402, σ=1.6700732421874998, ‖∇‖=11009.8523
[DP-Client 1] step 22/59, C=5.0402, σ=1.6700732421874998, ‖∇‖=11008.8276
[DP-Client 1] step 33/59, C=5.0402, σ=1.6700732421874998, ‖∇‖=11009.0893
[DP-Client 1] step 44/59, C=5.0402, σ=1.6700732421874998, ‖∇‖=11008.0216
[DP-Client 1] step 55/59, C=5.0402, σ=1.6700732421874998, ‖∇‖=11009.4853
[DP-Client 2] step 0/59, C=3.8273, σ=1.6700732421874998, ‖∇‖=8359.6386
[DP-Client 2] step 11/59, C=3.8273, σ=1.6700732421874998, ‖∇‖=8360.3111
[DP-Client 2] step 22/59, C=3.8273, σ=1.6700732421874998, ‖∇‖=8360.5999
[DP-Client 2] step 33/59, C=3.8273, σ=1.6700732421874998, ‖∇‖=8359.8054
[DP-Client 2] step 44/59, C=3.8273, σ=1.6700732421874998, ‖∇‖=8360.2607
[DP-Client 2] step 55/59, C=3.8273, σ=1.6700732421874998, ‖∇‖=8359.6313
[DP-Client 3] step 0/59, C=4.7314, σ=1.6700732421874998, ‖∇‖=10335.1482
[DP-Client 3] step 11/59, C=4.7314, σ=1.6700732421874998, ‖∇‖=10334.5293
[DP-Client 3] step 22/59, C=4.7314, σ=1.6700732421874998, ‖∇‖=10334.7332
[DP-Client 3] step 33/59, C=4.7314, σ=1.6700732421874998, ‖∇‖=10334.5833
[DP-Client 3] step 44/59, C=4.7314, σ=1.6700732421874998, ‖∇‖=10335.4423
[DP-Client 3] step 55/59, C=4.7314, σ=1.6700732421874998, ‖∇‖=10334.7045
[DP-Client 4] step 0/59, C=6.4349, σ=1.6700732421874998, ‖∇‖=14055.3601
[DP-Client 4] step 11/59, C=6.4349, σ=1.6700732421874998, ‖∇‖=14055.3340
[DP-Client 4] step 22/59, C=6.4349, σ=1.6700732421874998, ‖∇‖=14056.4246
[DP-Client 4] step 33/59, C=6.4349, σ=1.6700732421874998, ‖∇‖=14055.5556
[DP-Client 4] step 44/59, C=6.4349, σ=1.6700732421874998, ‖∇‖=14053.4797
[DP-Client 4] step 55/59, C=6.4349, σ=1.6700732421874998, ‖∇‖=14057.2615
[DP-Client 0] step 0/59, C=2.8797, σ=1.6700732421874998, ‖∇‖=6289.9861
[DP-Client 0] step 11/59, C=2.8797, σ=1.6700732421874998, ‖∇‖=6289.8209
[DP-Client 0] step 22/59, C=2.8797, σ=1.6700732421874998, ‖∇‖=6290.4714
[DP-Client 0] step 33/59, C=2.8797, σ=1.6700732421874998, ‖∇‖=6290.5313
[DP-Client 0] step 44/59, C=2.8797, σ=1.6700732421874998, ‖∇‖=6290.7653
[DP-Client 0] step 55/59, C=2.8797, σ=1.6700732421874998, ‖∇‖=6289.7499
[DP-Client 1] step 0/59, C=3.2882, σ=1.6700732421874998, ‖∇‖=7182.4378
[DP-Client 1] step 11/59, C=3.2882, σ=1.6700732421874998, ‖∇‖=7182.1413
[DP-Client 1] step 22/59, C=3.2882, σ=1.6700732421874998, ‖∇‖=7182.3759
[DP-Client 1] step 33/59, C=3.2882, σ=1.6700732421874998, ‖∇‖=7182.6318
[DP-Client 1] step 44/59, C=3.2882, σ=1.6700732421874998, ‖∇‖=7181.6517
[DP-Client 1] step 55/59, C=3.2882, σ=1.6700732421874998, ‖∇‖=7182.1110
[DP-Client 2] step 0/59, C=2.4714, σ=1.6700732421874998, ‖∇‖=5398.0025
[DP-Client 2] step 11/59, C=2.4714, σ=1.6700732421874998, ‖∇‖=5398.5019
[DP-Client 2] step 22/59, C=2.4714, σ=1.6700732421874998, ‖∇‖=5398.6300
[DP-Client 2] step 33/59, C=2.4714, σ=1.6700732421874998, ‖∇‖=5398.4297
[DP-Client 2] step 44/59, C=2.4714, σ=1.6700732421874998, ‖∇‖=5398.8904
[DP-Client 2] step 55/59, C=2.4714, σ=1.6700732421874998, ‖∇‖=5397.6059
[DP-Client 3] step 0/59, C=3.3768, σ=1.6700732421874998, ‖∇‖=7375.1561
[DP-Client 3] step 11/59, C=3.3768, σ=1.6700732421874998, ‖∇‖=7375.8421
[DP-Client 3] step 22/59, C=3.3768, σ=1.6700732421874998, ‖∇‖=7376.2805
[DP-Client 3] step 33/59, C=3.3768, σ=1.6700732421874998, ‖∇‖=7375.8089
[DP-Client 3] step 44/59, C=3.3768, σ=1.6700732421874998, ‖∇‖=7376.7001
[DP-Client 3] step 55/59, C=3.3768, σ=1.6700732421874998, ‖∇‖=7375.4648
[DP-Client 4] step 0/59, C=2.5577, σ=1.6700732421874998, ‖∇‖=5586.8354
[DP-Client 4] step 11/59, C=2.5577, σ=1.6700732421874998, ‖∇‖=5587.6782
[DP-Client 4] step 22/59, C=2.5577, σ=1.6700732421874998, ‖∇‖=5586.9282
[DP-Client 4] step 33/59, C=2.5577, σ=1.6700732421874998, ‖∇‖=5586.7881
[DP-Client 4] step 44/59, C=2.5577, σ=1.6700732421874998, ‖∇‖=5586.7340
[DP-Client 4] step 55/59, C=2.5577, σ=1.6700732421874998, ‖∇‖=5586.5890

[DP-FedRAG] Training complete. Check logs for final privacy report.
