Calibrated sigma = 1.2940 for eps=20.0
Verification: eps=19.9946
Data: 2594 total, [519, 519, 519, 519, 518] per client
LoRA model: 294,912 trainable / 109,777,152 total (0.27%)

============================================================
[DP-LoRA] Starting training
  eps=20.0, sigma=1.2940
  LoRA r=8, alpha=16, targets=['query', 'value']
  Trainable: 295K / 109M (0.27%)
============================================================

--- Round 1/25 ---
LoRA model: 294,912 trainable / 109,777,152 total (0.27%)
  [Client 0] step 0/50, loss=0.0376, grad_norm=0.038330
  [Client 0] step 16/50, loss=0.0527, grad_norm=0.072995
  [Client 0] step 32/50, loss=0.0443, grad_norm=0.058777
  [Client 0] step 48/50, loss=0.0905, grad_norm=0.075075
LoRA model: 294,912 trainable / 109,777,152 total (0.27%)
  [Client 1] step 0/50, loss=0.0796, grad_norm=0.101252
  [Client 1] step 16/50, loss=0.1056, grad_norm=0.098234
  [Client 1] step 32/50, loss=0.0443, grad_norm=0.047807
  [Client 1] step 48/50, loss=0.0514, grad_norm=0.063802
LoRA model: 294,912 trainable / 109,777,152 total (0.27%)
  [Client 2] step 0/50, loss=0.1017, grad_norm=0.109592
  [Client 2] step 16/50, loss=0.0582, grad_norm=0.066815
  [Client 2] step 32/50, loss=0.0659, grad_norm=0.103118
  [Client 2] step 48/50, loss=0.0604, grad_norm=0.067690
LoRA model: 294,912 trainable / 109,777,152 total (0.27%)
  [Client 3] step 0/50, loss=0.1076, grad_norm=0.087890
  [Client 3] step 16/50, loss=0.1283, grad_norm=0.098924
  [Client 3] step 32/50, loss=0.0339, grad_norm=0.041760
  [Client 3] step 48/50, loss=0.0735, grad_norm=0.084772
LoRA model: 294,912 trainable / 109,777,152 total (0.27%)
  [Client 4] step 0/50, loss=0.1044, grad_norm=0.087505
  [Client 4] step 16/50, loss=0.0619, grad_norm=0.064331
  [Client 4] step 32/50, loss=0.0566, grad_norm=0.051678
  [Client 4] step 48/50, loss=0.0962, grad_norm=0.078968
  [Privacy] eps_spent=3.2600 / 20.0
--- Round 2/25 ---
LoRA model: 294,912 trainable / 109,777,152 total (0.27%)
  [Client 0] step 0/50, loss=0.1012, grad_norm=0.228718
  [Client 0] step 16/50, loss=0.0981, grad_norm=0.275319
  [Client 0] step 32/50, loss=0.0631, grad_norm=0.166070
  [Client 0] step 48/50, loss=0.0423, grad_norm=0.090925
LoRA model: 294,912 trainable / 109,777,152 total (0.27%)
  [Client 1] step 0/50, loss=0.0968, grad_norm=0.190623
  [Client 1] step 16/50, loss=0.0726, grad_norm=0.169746
  [Client 1] step 32/50, loss=0.2060, grad_norm=0.297862
  [Client 1] step 48/50, loss=0.0687, grad_norm=0.150670
LoRA model: 294,912 trainable / 109,777,152 total (0.27%)
  [Client 2] step 0/50, loss=0.0731, grad_norm=0.148775
  [Client 2] step 16/50, loss=0.0699, grad_norm=0.131234
  [Client 2] step 32/50, loss=0.0602, grad_norm=0.143203
  [Client 2] step 48/50, loss=0.0900, grad_norm=0.173550
LoRA model: 294,912 trainable / 109,777,152 total (0.27%)
  [Client 3] step 0/50, loss=0.0888, grad_norm=0.166150
  [Client 3] step 16/50, loss=0.0721, grad_norm=0.181344
  [Client 3] step 32/50, loss=0.1658, grad_norm=0.224846
  [Client 3] step 48/50, loss=0.0965, grad_norm=0.206174
LoRA model: 294,912 trainable / 109,777,152 total (0.27%)
  [Client 4] step 0/50, loss=0.1091, grad_norm=0.180021
  [Client 4] step 16/50, loss=0.0679, grad_norm=0.153408
  [Client 4] step 32/50, loss=0.0440, grad_norm=0.115461
  [Client 4] step 48/50, loss=0.0669, grad_norm=0.146749
  [Privacy] eps_spent=4.7049 / 20.0
--- Round 3/25 ---
LoRA model: 294,912 trainable / 109,777,152 total (0.27%)
  [Client 0] step 0/50, loss=0.0424, grad_norm=0.125724
  [Client 0] step 16/50, loss=0.0857, grad_norm=0.254877
  [Client 0] step 32/50, loss=0.0542, grad_norm=0.209906
  [Client 0] step 48/50, loss=0.0840, grad_norm=0.187890
LoRA model: 294,912 trainable / 109,777,152 total (0.27%)
  [Client 1] step 0/50, loss=0.0575, grad_norm=0.222124
  [Client 1] step 16/50, loss=0.0628, grad_norm=0.175256
  [Client 1] step 32/50, loss=0.0643, grad_norm=0.195414
  [Client 1] step 48/50, loss=0.0795, grad_norm=0.187175
LoRA model: 294,912 trainable / 109,777,152 total (0.27%)
  [Client 2] step 0/50, loss=0.0815, grad_norm=0.201996
  [Client 2] step 16/50, loss=0.0777, grad_norm=0.276836
  [Client 2] step 32/50, loss=0.1442, grad_norm=0.224788
  [Client 2] step 48/50, loss=0.0370, grad_norm=0.144810
LoRA model: 294,912 trainable / 109,777,152 total (0.27%)
  [Client 3] step 0/50, loss=0.0787, grad_norm=0.277642
  [Client 3] step 16/50, loss=0.0622, grad_norm=0.253471
  [Client 3] step 32/50, loss=0.0677, grad_norm=0.248538
  [Client 3] step 48/50, loss=0.1250, grad_norm=0.263345
LoRA model: 294,912 trainable / 109,777,152 total (0.27%)
  [Client 4] step 0/50, loss=0.0658, grad_norm=0.241941
  [Client 4] step 16/50, loss=0.1128, grad_norm=0.267772
  [Client 4] step 32/50, loss=0.1083, grad_norm=0.257219
  [Client 4] step 48/50, loss=0.1407, grad_norm=0.311754
  [Privacy] eps_spent=5.8888 / 20.0
--- Round 4/25 ---
LoRA model: 294,912 trainable / 109,777,152 total (0.27%)
  [Client 0] step 0/50, loss=0.0755, grad_norm=0.339751
  [Client 0] step 16/50, loss=0.0707, grad_norm=0.280196
  [Client 0] step 32/50, loss=0.0920, grad_norm=0.290516
  [Client 0] step 48/50, loss=0.0617, grad_norm=0.303279
LoRA model: 294,912 trainable / 109,777,152 total (0.27%)
  [Client 1] step 0/50, loss=0.0458, grad_norm=0.164907
  [Client 1] step 16/50, loss=0.1084, grad_norm=0.274893
  [Client 1] step 32/50, loss=0.1151, grad_norm=0.292844
  [Client 1] step 48/50, loss=0.0880, grad_norm=0.302627
LoRA model: 294,912 trainable / 109,777,152 total (0.27%)
  [Client 2] step 0/50, loss=0.1088, grad_norm=0.298147
  [Client 2] step 16/50, loss=0.0599, grad_norm=0.241124
  [Client 2] step 32/50, loss=0.1135, grad_norm=0.296530
  [Client 2] step 48/50, loss=0.0912, grad_norm=0.256913
LoRA model: 294,912 trainable / 109,777,152 total (0.27%)
  [Client 3] step 0/50, loss=0.0902, grad_norm=0.303299
  [Client 3] step 16/50, loss=0.0657, grad_norm=0.271266
  [Client 3] step 32/50, loss=0.0709, grad_norm=0.245483
  [Client 3] step 48/50, loss=0.0491, grad_norm=0.205629
LoRA model: 294,912 trainable / 109,777,152 total (0.27%)
  [Client 4] step 0/50, loss=0.0470, grad_norm=0.175164
  [Client 4] step 16/50, loss=0.0843, grad_norm=0.269186
  [Client 4] step 32/50, loss=0.0540, grad_norm=0.265416
  [Client 4] step 48/50, loss=0.1068, grad_norm=0.324748
  [Privacy] eps_spent=6.7846 / 20.0
--- Round 5/25 ---
LoRA model: 294,912 trainable / 109,777,152 total (0.27%)
  [Client 0] step 0/50, loss=0.0813, grad_norm=0.304594
  [Client 0] step 16/50, loss=0.0609, grad_norm=0.268028
  [Client 0] step 32/50, loss=0.0318, grad_norm=0.161382
  [Client 0] step 48/50, loss=0.0809, grad_norm=0.391038
LoRA model: 294,912 trainable / 109,777,152 total (0.27%)
  [Client 1] step 0/50, loss=0.0952, grad_norm=0.371990
  [Client 1] step 16/50, loss=0.0472, grad_norm=0.244850
  [Client 1] step 32/50, loss=0.0563, grad_norm=0.232219
  [Client 1] step 48/50, loss=0.0580, grad_norm=0.261938
LoRA model: 294,912 trainable / 109,777,152 total (0.27%)
  [Client 2] step 0/50, loss=0.0710, grad_norm=0.359063
  [Client 2] step 16/50, loss=0.1018, grad_norm=0.383357
  [Client 2] step 32/50, loss=0.0492, grad_norm=0.218111
  [Client 2] step 48/50, loss=0.0351, grad_norm=0.141572
LoRA model: 294,912 trainable / 109,777,152 total (0.27%)
  [Client 3] step 0/50, loss=0.0579, grad_norm=0.244045
  [Client 3] step 16/50, loss=0.0488, grad_norm=0.204185
  [Client 3] step 32/50, loss=0.0322, grad_norm=0.165062
  [Client 3] step 48/50, loss=0.0904, grad_norm=0.303291
LoRA model: 294,912 trainable / 109,777,152 total (0.27%)
  [Client 4] step 0/50, loss=0.0721, grad_norm=0.318008
  [Client 4] step 16/50, loss=0.0729, grad_norm=0.264235
  [Client 4] step 32/50, loss=0.0823, grad_norm=0.377079
  [Client 4] step 48/50, loss=0.0694, grad_norm=0.263000
  [Privacy] eps_spent=7.6805 / 20.0
  Saved: checkpoints/lora_round5_2026-04-10_09-46-43.pt
--- Round 6/25 ---
LoRA model: 294,912 trainable / 109,777,152 total (0.27%)
  [Client 0] step 0/50, loss=0.0523, grad_norm=0.268610
  [Client 0] step 16/50, loss=0.0606, grad_norm=0.280038
  [Client 0] step 32/50, loss=0.0637, grad_norm=0.330461
  [Client 0] step 48/50, loss=0.0560, grad_norm=0.261025
LoRA model: 294,912 trainable / 109,777,152 total (0.27%)
  [Client 1] step 0/50, loss=0.0462, grad_norm=0.234360
  [Client 1] step 16/50, loss=0.0474, grad_norm=0.302455
  [Client 1] step 32/50, loss=0.0525, grad_norm=0.263232
  [Client 1] step 48/50, loss=0.0709, grad_norm=0.441290
LoRA model: 294,912 trainable / 109,777,152 total (0.27%)
  [Client 2] step 0/50, loss=0.0959, grad_norm=0.391192
  [Client 2] step 16/50, loss=0.1428, grad_norm=0.628139
  [Client 2] step 32/50, loss=0.0404, grad_norm=0.285320
  [Client 2] step 48/50, loss=0.0674, grad_norm=0.279243
LoRA model: 294,912 trainable / 109,777,152 total (0.27%)
  [Client 3] step 0/50, loss=0.0483, grad_norm=0.267738
  [Client 3] step 16/50, loss=0.0952, grad_norm=0.592625
  [Client 3] step 32/50, loss=0.0914, grad_norm=0.383445
  [Client 3] step 48/50, loss=0.0621, grad_norm=0.310156
LoRA model: 294,912 trainable / 109,777,152 total (0.27%)
  [Client 4] step 0/50, loss=0.0674, grad_norm=0.374754
  [Client 4] step 16/50, loss=0.0561, grad_norm=0.286212
  [Client 4] step 32/50, loss=0.1306, grad_norm=0.620686
  [Client 4] step 48/50, loss=0.0814, grad_norm=0.406979
  [Privacy] eps_spent=8.5764 / 20.0
--- Round 7/25 ---
LoRA model: 294,912 trainable / 109,777,152 total (0.27%)
  [Client 0] step 0/50, loss=0.0394, grad_norm=0.263088
  [Client 0] step 16/50, loss=0.0682, grad_norm=0.497918
  [Client 0] step 32/50, loss=0.0509, grad_norm=0.361619
  [Client 0] step 48/50, loss=0.0438, grad_norm=0.281656
LoRA model: 294,912 trainable / 109,777,152 total (0.27%)
  [Client 1] step 0/50, loss=0.0735, grad_norm=0.469770
  [Client 1] step 16/50, loss=0.0433, grad_norm=0.334669
  [Client 1] step 32/50, loss=0.0730, grad_norm=0.454755
  [Client 1] step 48/50, loss=0.0456, grad_norm=0.333429
LoRA model: 294,912 trainable / 109,777,152 total (0.27%)
  [Client 2] step 0/50, loss=0.0524, grad_norm=0.312189
  [Client 2] step 16/50, loss=0.0652, grad_norm=0.474521
  [Client 2] step 32/50, loss=0.0454, grad_norm=0.276072
  [Client 2] step 48/50, loss=0.0735, grad_norm=0.488207
LoRA model: 294,912 trainable / 109,777,152 total (0.27%)
  [Client 3] step 0/50, loss=0.0434, grad_norm=0.296814
  [Client 3] step 16/50, loss=0.0661, grad_norm=0.458115
  [Client 3] step 32/50, loss=0.0373, grad_norm=0.259430
  [Client 3] step 48/50, loss=0.0350, grad_norm=0.237553
LoRA model: 294,912 trainable / 109,777,152 total (0.27%)
  [Client 4] step 0/50, loss=0.0745, grad_norm=0.494337
  [Client 4] step 16/50, loss=0.0615, grad_norm=0.316964
  [Client 4] step 32/50, loss=0.1033, grad_norm=0.574187
  [Client 4] step 48/50, loss=0.0694, grad_norm=0.422069
  [Privacy] eps_spent=9.2441 / 20.0
--- Round 8/25 ---
LoRA model: 294,912 trainable / 109,777,152 total (0.27%)
  [Client 0] step 0/50, loss=0.0553, grad_norm=0.462443
  [Client 0] step 16/50, loss=0.0396, grad_norm=0.480819
  [Client 0] step 32/50, loss=0.0570, grad_norm=0.770397
  [Client 0] step 48/50, loss=0.0450, grad_norm=0.436428
LoRA model: 294,912 trainable / 109,777,152 total (0.27%)
  [Client 1] step 0/50, loss=0.0641, grad_norm=0.496141
  [Client 1] step 16/50, loss=0.0432, grad_norm=0.485230
  [Client 1] step 32/50, loss=0.0393, grad_norm=0.425336
  [Client 1] step 48/50, loss=0.0500, grad_norm=0.513029
LoRA model: 294,912 trainable / 109,777,152 total (0.27%)
  [Client 2] step 0/50, loss=0.0238, grad_norm=0.253577
  [Client 2] step 16/50, loss=0.0261, grad_norm=0.250481
  [Client 2] step 32/50, loss=0.0469, grad_norm=0.711745
  [Client 2] step 48/50, loss=0.0725, grad_norm=0.709404
LoRA model: 294,912 trainable / 109,777,152 total (0.27%)
  [Client 3] step 0/50, loss=0.0474, grad_norm=0.408544
  [Client 3] step 16/50, loss=0.0498, grad_norm=0.512576
  [Client 3] step 32/50, loss=0.0402, grad_norm=0.385503
  [Client 3] step 48/50, loss=0.0484, grad_norm=0.486498
LoRA model: 294,912 trainable / 109,777,152 total (0.27%)
  [Client 4] step 0/50, loss=0.0440, grad_norm=0.391203
  [Client 4] step 16/50, loss=0.0729, grad_norm=0.650957
  [Client 4] step 32/50, loss=0.0547, grad_norm=0.528035
  [Client 4] step 48/50, loss=0.0626, grad_norm=0.533135
  [Privacy] eps_spent=9.8413 / 20.0
--- Round 9/25 ---
LoRA model: 294,912 trainable / 109,777,152 total (0.27%)
  [Client 0] step 0/50, loss=0.0212, grad_norm=0.337963
  [Client 0] step 16/50, loss=0.0263, grad_norm=0.365966
  [Client 0] step 32/50, loss=0.0438, grad_norm=0.508297
  [Client 0] step 48/50, loss=0.0222, grad_norm=0.287394
LoRA model: 294,912 trainable / 109,777,152 total (0.27%)
  [Client 1] step 0/50, loss=0.0319, grad_norm=0.423683
  [Client 1] step 16/50, loss=0.0525, grad_norm=0.585050
  [Client 1] step 32/50, loss=0.0297, grad_norm=0.385963
  [Client 1] step 48/50, loss=0.0335, grad_norm=0.969596
LoRA model: 294,912 trainable / 109,777,152 total (0.27%)
  [Client 2] step 0/50, loss=0.0280, grad_norm=0.463853
  [Client 2] step 16/50, loss=0.0219, grad_norm=0.270073
  [Client 2] step 32/50, loss=0.0438, grad_norm=0.469461
  [Client 2] step 48/50, loss=0.0295, grad_norm=0.384427
LoRA model: 294,912 trainable / 109,777,152 total (0.27%)
  [Client 3] step 0/50, loss=0.0347, grad_norm=0.502768
  [Client 3] step 16/50, loss=0.0412, grad_norm=1.430009
  [Client 3] step 32/50, loss=0.0278, grad_norm=0.633495
  [Client 3] step 48/50, loss=0.0344, grad_norm=0.530857
LoRA model: 294,912 trainable / 109,777,152 total (0.27%)
  [Client 4] step 0/50, loss=0.0436, grad_norm=0.495244
  [Client 4] step 16/50, loss=0.0229, grad_norm=0.296674
  [Client 4] step 32/50, loss=0.0338, grad_norm=0.476740
  [Client 4] step 48/50, loss=0.0290, grad_norm=0.335592
  [Privacy] eps_spent=10.4386 / 20.0
--- Round 10/25 ---
LoRA model: 294,912 trainable / 109,777,152 total (0.27%)
  [Client 0] step 0/50, loss=0.0287, grad_norm=0.511565
  [Client 0] step 16/50, loss=0.0235, grad_norm=0.667630
  [Client 0] step 32/50, loss=0.0529, grad_norm=0.671549
  [Client 0] step 48/50, loss=0.0440, grad_norm=0.681278
LoRA model: 294,912 trainable / 109,777,152 total (0.27%)
  [Client 1] step 0/50, loss=0.0439, grad_norm=0.777216
  [Client 1] step 16/50, loss=0.0508, grad_norm=0.583895
  [Client 1] step 32/50, loss=0.0389, grad_norm=0.636916
  [Client 1] step 48/50, loss=0.0686, grad_norm=0.950172
LoRA model: 294,912 trainable / 109,777,152 total (0.27%)
  [Client 2] step 0/50, loss=0.1041, grad_norm=1.010449
  [Client 2] step 16/50, loss=0.0312, grad_norm=0.507520
  [Client 2] step 32/50, loss=0.0579, grad_norm=0.667530
  [Client 2] step 48/50, loss=0.0345, grad_norm=0.469517
LoRA model: 294,912 trainable / 109,777,152 total (0.27%)
  [Client 3] step 0/50, loss=0.0337, grad_norm=0.561634
  [Client 3] step 16/50, loss=0.0682, grad_norm=0.957366
  [Client 3] step 32/50, loss=0.0478, grad_norm=0.742419
  [Client 3] step 48/50, loss=0.0442, grad_norm=0.521969
LoRA model: 294,912 trainable / 109,777,152 total (0.27%)
  [Client 4] step 0/50, loss=0.0812, grad_norm=1.409961
  [Client 4] step 16/50, loss=0.0377, grad_norm=2.042434
  [Client 4] step 32/50, loss=0.0377, grad_norm=0.445027
  [Client 4] step 48/50, loss=0.0258, grad_norm=0.681674
  [Privacy] eps_spent=11.0358 / 20.0
  Saved: checkpoints/lora_round10_2026-04-10_09-58-15.pt
--- Round 11/25 ---
LoRA model: 294,912 trainable / 109,777,152 total (0.27%)
  [Client 0] step 0/50, loss=0.0525, grad_norm=0.835452
  [Client 0] step 16/50, loss=0.0354, grad_norm=0.526083
  [Client 0] step 32/50, loss=0.0447, grad_norm=0.891027
  [Client 0] step 48/50, loss=0.0321, grad_norm=0.585968
LoRA model: 294,912 trainable / 109,777,152 total (0.27%)
  [Client 1] step 0/50, loss=0.0450, grad_norm=1.036928
  [Client 1] step 16/50, loss=0.0332, grad_norm=1.208828
  [Client 1] step 32/50, loss=0.0506, grad_norm=0.699498
  [Client 1] step 48/50, loss=0.0247, grad_norm=0.423523
LoRA model: 294,912 trainable / 109,777,152 total (0.27%)
  [Client 2] step 0/50, loss=0.0264, grad_norm=0.385039
  [Client 2] step 16/50, loss=0.0304, grad_norm=0.438831
  [Client 2] step 32/50, loss=0.0247, grad_norm=0.345174
  [Client 2] step 48/50, loss=0.0424, grad_norm=0.699017
LoRA model: 294,912 trainable / 109,777,152 total (0.27%)
  [Client 3] step 0/50, loss=0.0310, grad_norm=0.515840
  [Client 3] step 16/50, loss=0.0286, grad_norm=0.522295
  [Client 3] step 32/50, loss=0.0592, grad_norm=0.985858
  [Client 3] step 48/50, loss=0.0536, grad_norm=0.978746
LoRA model: 294,912 trainable / 109,777,152 total (0.27%)
  [Client 4] step 0/50, loss=0.0400, grad_norm=0.580688
  [Client 4] step 16/50, loss=0.0299, grad_norm=0.460376
  [Client 4] step 32/50, loss=0.0448, grad_norm=0.629340
  [Client 4] step 48/50, loss=0.0282, grad_norm=0.460087
  [Privacy] eps_spent=11.6331 / 20.0
--- Round 12/25 ---
LoRA model: 294,912 trainable / 109,777,152 total (0.27%)
  [Client 0] step 0/50, loss=0.0611, grad_norm=0.960920
  [Client 0] step 16/50, loss=0.0567, grad_norm=1.754446
  [Client 0] step 32/50, loss=0.0531, grad_norm=1.055411
  [Client 0] step 48/50, loss=0.0840, grad_norm=1.559012
LoRA model: 294,912 trainable / 109,777,152 total (0.27%)
  [Client 1] step 0/50, loss=0.0402, grad_norm=0.687155
  [Client 1] step 16/50, loss=0.0224, grad_norm=0.530877
  [Client 1] step 32/50, loss=0.0358, grad_norm=0.826864
  [Client 1] step 48/50, loss=0.0483, grad_norm=1.186807
LoRA model: 294,912 trainable / 109,777,152 total (0.27%)
  [Client 2] step 0/50, loss=0.1149, grad_norm=1.733004
  [Client 2] step 16/50, loss=0.0825, grad_norm=2.080345
  [Client 2] step 32/50, loss=0.0774, grad_norm=1.241184
  [Client 2] step 48/50, loss=0.0799, grad_norm=1.309902
LoRA model: 294,912 trainable / 109,777,152 total (0.27%)
  [Client 3] step 0/50, loss=0.0274, grad_norm=0.732840
  [Client 3] step 16/50, loss=0.0455, grad_norm=0.942869
  [Client 3] step 32/50, loss=0.0908, grad_norm=1.536353
  [Client 3] step 48/50, loss=0.0630, grad_norm=1.093016
LoRA model: 294,912 trainable / 109,777,152 total (0.27%)
  [Client 4] step 0/50, loss=0.0231, grad_norm=0.496058
  [Client 4] step 16/50, loss=0.0470, grad_norm=1.230236
  [Client 4] step 32/50, loss=0.0431, grad_norm=2.276017
  [Client 4] step 48/50, loss=0.0396, grad_norm=0.598034
  [Privacy] eps_spent=12.2303 / 20.0
--- Round 13/25 ---
LoRA model: 294,912 trainable / 109,777,152 total (0.27%)
  [Client 0] step 0/50, loss=0.0352, grad_norm=0.861541
  [Client 0] step 16/50, loss=0.0321, grad_norm=0.903412
  [Client 0] step 32/50, loss=0.0445, grad_norm=1.025297
  [Client 0] step 48/50, loss=0.0310, grad_norm=1.908157
LoRA model: 294,912 trainable / 109,777,152 total (0.27%)
  [Client 1] step 0/50, loss=0.0414, grad_norm=0.851201
  [Client 1] step 16/50, loss=0.1029, grad_norm=1.950334
  [Client 1] step 32/50, loss=0.0665, grad_norm=1.662375
  [Client 1] step 48/50, loss=0.0286, grad_norm=0.544726
LoRA model: 294,912 trainable / 109,777,152 total (0.27%)
  [Client 2] step 0/50, loss=0.0461, grad_norm=3.746098
  [Client 2] step 16/50, loss=0.0571, grad_norm=1.316852
  [Client 2] step 32/50, loss=0.0230, grad_norm=0.523975
  [Client 2] step 48/50, loss=0.0807, grad_norm=2.012017
LoRA model: 294,912 trainable / 109,777,152 total (0.27%)
  [Client 3] step 0/50, loss=0.0612, grad_norm=1.351805
  [Client 3] step 16/50, loss=0.0659, grad_norm=1.369397
  [Client 3] step 32/50, loss=0.0310, grad_norm=0.745125
  [Client 3] step 48/50, loss=0.0327, grad_norm=0.818494
LoRA model: 294,912 trainable / 109,777,152 total (0.27%)
  [Client 4] step 0/50, loss=0.0740, grad_norm=1.772563
  [Client 4] step 16/50, loss=0.0361, grad_norm=0.837911
  [Client 4] step 32/50, loss=0.0225, grad_norm=0.434404
  [Client 4] step 48/50, loss=0.0558, grad_norm=1.906025
  [Privacy] eps_spent=12.8276 / 20.0
--- Round 14/25 ---
LoRA model: 294,912 trainable / 109,777,152 total (0.27%)
  [Client 0] step 0/50, loss=0.0862, grad_norm=1.832072
  [Client 0] step 16/50, loss=0.0410, grad_norm=0.983568
  [Client 0] step 32/50, loss=0.0696, grad_norm=1.745868
  [Client 0] step 48/50, loss=0.0971, grad_norm=1.910496
LoRA model: 294,912 trainable / 109,777,152 total (0.27%)
  [Client 1] step 0/50, loss=0.0786, grad_norm=1.826022
  [Client 1] step 16/50, loss=0.0525, grad_norm=1.269559
  [Client 1] step 32/50, loss=0.1189, grad_norm=2.436389
  [Client 1] step 48/50, loss=0.0573, grad_norm=1.531258
LoRA model: 294,912 trainable / 109,777,152 total (0.27%)
  [Client 2] step 0/50, loss=0.0758, grad_norm=1.756913
  [Client 2] step 16/50, loss=0.1181, grad_norm=2.303425
  [Client 2] step 32/50, loss=0.0639, grad_norm=1.563820
  [Client 2] step 48/50, loss=0.0448, grad_norm=1.474710
LoRA model: 294,912 trainable / 109,777,152 total (0.27%)
  [Client 3] step 0/50, loss=0.0525, grad_norm=2.004995
  [Client 3] step 16/50, loss=0.0523, grad_norm=1.190998
  [Client 3] step 32/50, loss=0.0677, grad_norm=1.516326
  [Client 3] step 48/50, loss=0.0775, grad_norm=1.415499
LoRA model: 294,912 trainable / 109,777,152 total (0.27%)
  [Client 4] step 0/50, loss=0.0612, grad_norm=1.812423
  [Client 4] step 16/50, loss=0.0786, grad_norm=1.780934
  [Client 4] step 32/50, loss=0.1036, grad_norm=2.145954
  [Client 4] step 48/50, loss=0.0595, grad_norm=1.056131
  [Privacy] eps_spent=13.4248 / 20.0
--- Round 15/25 ---
LoRA model: 294,912 trainable / 109,777,152 total (0.27%)
  [Client 0] step 0/50, loss=0.1053, grad_norm=2.605678
  [Client 0] step 16/50, loss=0.0367, grad_norm=0.875297
  [Client 0] step 32/50, loss=0.0292, grad_norm=0.976348
  [Client 0] step 48/50, loss=0.0962, grad_norm=1.615326
LoRA model: 294,912 trainable / 109,777,152 total (0.27%)
  [Client 1] step 0/50, loss=0.2072, grad_norm=8.737059
  [Client 1] step 16/50, loss=0.1452, grad_norm=2.757261
  [Client 1] step 32/50, loss=0.1556, grad_norm=6.392498
  [Client 1] step 48/50, loss=0.0575, grad_norm=1.706410
LoRA model: 294,912 trainable / 109,777,152 total (0.27%)
  [Client 2] step 0/50, loss=0.0588, grad_norm=2.003809
  [Client 2] step 16/50, loss=0.1423, grad_norm=4.319119
  [Client 2] step 32/50, loss=0.1533, grad_norm=4.365553
  [Client 2] step 48/50, loss=0.0908, grad_norm=2.537836
LoRA model: 294,912 trainable / 109,777,152 total (0.27%)
  [Client 3] step 0/50, loss=0.0543, grad_norm=1.440049
  [Client 3] step 16/50, loss=0.1269, grad_norm=3.722869
  [Client 3] step 32/50, loss=0.1833, grad_norm=9.013623
  [Client 3] step 48/50, loss=0.0494, grad_norm=1.368301
LoRA model: 294,912 trainable / 109,777,152 total (0.27%)
  [Client 4] step 0/50, loss=0.2422, grad_norm=5.271228
  [Client 4] step 16/50, loss=0.0456, grad_norm=1.108339
  [Client 4] step 32/50, loss=0.0783, grad_norm=3.629508
  [Client 4] step 48/50, loss=0.0595, grad_norm=1.703092
  [Privacy] eps_spent=14.0221 / 20.0
  Saved: checkpoints/lora_round15_2026-04-10_10-09-47.pt
--- Round 16/25 ---
LoRA model: 294,912 trainable / 109,777,152 total (0.27%)
  [Client 0] step 0/50, loss=0.1141, grad_norm=3.917542
  [Client 0] step 16/50, loss=0.0654, grad_norm=2.140103
  [Client 0] step 32/50, loss=0.1172, grad_norm=3.967301
  [Client 0] step 48/50, loss=0.2152, grad_norm=5.208511
LoRA model: 294,912 trainable / 109,777,152 total (0.27%)
  [Client 1] step 0/50, loss=0.0830, grad_norm=2.503137
  [Client 1] step 16/50, loss=0.0503, grad_norm=1.455921
  [Client 1] step 32/50, loss=0.0637, grad_norm=2.374566
  [Client 1] step 48/50, loss=0.0746, grad_norm=5.086110
LoRA model: 294,912 trainable / 109,777,152 total (0.27%)
  [Client 2] step 0/50, loss=0.1293, grad_norm=2.651788
  [Client 2] step 16/50, loss=0.0439, grad_norm=2.246954
  [Client 2] step 32/50, loss=0.0552, grad_norm=1.416211
  [Client 2] step 48/50, loss=0.0595, grad_norm=1.722692
LoRA model: 294,912 trainable / 109,777,152 total (0.27%)
  [Client 3] step 0/50, loss=0.0646, grad_norm=6.508773
  [Client 3] step 16/50, loss=0.0531, grad_norm=1.776534
  [Client 3] step 32/50, loss=0.0739, grad_norm=2.313697
  [Client 3] step 48/50, loss=0.0719, grad_norm=3.067630
LoRA model: 294,912 trainable / 109,777,152 total (0.27%)
  [Client 4] step 0/50, loss=0.1143, grad_norm=2.164115
  [Client 4] step 16/50, loss=0.1133, grad_norm=2.831786
  [Client 4] step 32/50, loss=0.1205, grad_norm=7.050010
  [Client 4] step 48/50, loss=0.1514, grad_norm=22.491962
  [Privacy] eps_spent=14.6193 / 20.0
--- Round 17/25 ---
LoRA model: 294,912 trainable / 109,777,152 total (0.27%)
  [Client 0] step 0/50, loss=0.0436, grad_norm=1.152058
  [Client 0] step 16/50, loss=0.1709, grad_norm=4.540852
  [Client 0] step 32/50, loss=0.2520, grad_norm=4.390864
  [Client 0] step 48/50, loss=0.0517, grad_norm=2.804152
LoRA model: 294,912 trainable / 109,777,152 total (0.27%)
  [Client 1] step 0/50, loss=0.1816, grad_norm=6.163225
  [Client 1] step 16/50, loss=0.2636, grad_norm=4.166500
  [Client 1] step 32/50, loss=0.0712, grad_norm=5.215996
  [Client 1] step 48/50, loss=0.2011, grad_norm=3.938189
LoRA model: 294,912 trainable / 109,777,152 total (0.27%)
  [Client 2] step 0/50, loss=0.1831, grad_norm=10.683808
  [Client 2] step 16/50, loss=0.1453, grad_norm=3.387561
  [Client 2] step 32/50, loss=0.1016, grad_norm=2.889851
  [Client 2] step 48/50, loss=0.1103, grad_norm=3.767899
LoRA model: 294,912 trainable / 109,777,152 total (0.27%)
  [Client 3] step 0/50, loss=0.1698, grad_norm=4.570478
  [Client 3] step 16/50, loss=0.0478, grad_norm=1.619706
  [Client 3] step 32/50, loss=0.1539, grad_norm=6.023960
  [Client 3] step 48/50, loss=0.0967, grad_norm=3.301018
LoRA model: 294,912 trainable / 109,777,152 total (0.27%)
  [Client 4] step 0/50, loss=0.0979, grad_norm=4.453516
  [Client 4] step 16/50, loss=0.1955, grad_norm=3.673620
  [Client 4] step 32/50, loss=0.1805, grad_norm=5.466888
  [Client 4] step 48/50, loss=0.1556, grad_norm=6.190080
  [Privacy] eps_spent=15.2166 / 20.0
--- Round 18/25 ---
LoRA model: 294,912 trainable / 109,777,152 total (0.27%)
  [Client 0] step 0/50, loss=0.1269, grad_norm=4.171545
  [Client 0] step 16/50, loss=0.0483, grad_norm=3.429275
  [Client 0] step 32/50, loss=0.0697, grad_norm=4.701638
  [Client 0] step 48/50, loss=0.0556, grad_norm=2.788233
LoRA model: 294,912 trainable / 109,777,152 total (0.27%)
  [Client 1] step 0/50, loss=0.1768, grad_norm=5.337015
  [Client 1] step 16/50, loss=0.1183, grad_norm=7.237561
  [Client 1] step 32/50, loss=0.0818, grad_norm=3.600064
  [Client 1] step 48/50, loss=0.1326, grad_norm=4.969432
LoRA model: 294,912 trainable / 109,777,152 total (0.27%)
  [Client 2] step 0/50, loss=0.1406, grad_norm=8.297461
  [Client 2] step 16/50, loss=0.1210, grad_norm=7.017478
  [Client 2] step 32/50, loss=0.1747, grad_norm=3.352449
  [Client 2] step 48/50, loss=0.1914, grad_norm=5.955493
LoRA model: 294,912 trainable / 109,777,152 total (0.27%)
  [Client 3] step 0/50, loss=0.1650, grad_norm=5.815679
  [Client 3] step 16/50, loss=0.1813, grad_norm=3.682004
  [Client 3] step 32/50, loss=0.1238, grad_norm=4.863133
  [Client 3] step 48/50, loss=0.1382, grad_norm=5.478561
LoRA model: 294,912 trainable / 109,777,152 total (0.27%)
  [Client 4] step 0/50, loss=0.1448, grad_norm=4.770811
  [Client 4] step 16/50, loss=0.1828, grad_norm=3.241302
  [Client 4] step 32/50, loss=0.1420, grad_norm=10.592747
  [Client 4] step 48/50, loss=0.0851, grad_norm=3.059808
  [Privacy] eps_spent=15.8138 / 20.0
--- Round 19/25 ---
LoRA model: 294,912 trainable / 109,777,152 total (0.27%)
  [Client 0] step 0/50, loss=0.0801, grad_norm=3.574319
  [Client 0] step 16/50, loss=0.1369, grad_norm=7.334881
  [Client 0] step 32/50, loss=0.2224, grad_norm=5.351023
  [Client 0] step 48/50, loss=0.1265, grad_norm=12.097743
LoRA model: 294,912 trainable / 109,777,152 total (0.27%)
  [Client 1] step 0/50, loss=0.1595, grad_norm=6.490246
  [Client 1] step 16/50, loss=0.1559, grad_norm=5.957821
  [Client 1] step 32/50, loss=0.0865, grad_norm=4.062521
  [Client 1] step 48/50, loss=0.1546, grad_norm=6.935770
LoRA model: 294,912 trainable / 109,777,152 total (0.27%)
  [Client 2] step 0/50, loss=0.1364, grad_norm=5.427999
  [Client 2] step 16/50, loss=0.1598, grad_norm=12.435872
  [Client 2] step 32/50, loss=0.1961, grad_norm=6.447486
  [Client 2] step 48/50, loss=0.0570, grad_norm=2.267037
LoRA model: 294,912 trainable / 109,777,152 total (0.27%)
  [Client 3] step 0/50, loss=0.1452, grad_norm=4.737145
  [Client 3] step 16/50, loss=0.0774, grad_norm=4.384135
  [Client 3] step 32/50, loss=0.0978, grad_norm=6.939017
  [Client 3] step 48/50, loss=0.0636, grad_norm=3.296249
LoRA model: 294,912 trainable / 109,777,152 total (0.27%)
  [Client 4] step 0/50, loss=0.1710, grad_norm=8.939358
  [Client 4] step 16/50, loss=0.1967, grad_norm=12.169990
  [Client 4] step 32/50, loss=0.1124, grad_norm=8.102705
  [Client 4] step 48/50, loss=0.2063, grad_norm=12.298304
  [Privacy] eps_spent=16.4111 / 20.0
--- Round 20/25 ---
LoRA model: 294,912 trainable / 109,777,152 total (0.27%)
  [Client 0] step 0/50, loss=0.1762, grad_norm=7.155489
  [Client 0] step 16/50, loss=0.0945, grad_norm=4.407066
  [Client 0] step 32/50, loss=0.1373, grad_norm=6.664336
  [Client 0] step 48/50, loss=0.2491, grad_norm=8.269162
LoRA model: 294,912 trainable / 109,777,152 total (0.27%)
  [Client 1] step 0/50, loss=0.1462, grad_norm=9.584490
  [Client 1] step 16/50, loss=0.1269, grad_norm=21.806290
  [Client 1] step 32/50, loss=0.0759, grad_norm=11.696760
  [Client 1] step 48/50, loss=0.1718, grad_norm=7.658939
LoRA model: 294,912 trainable / 109,777,152 total (0.27%)
  [Client 2] step 0/50, loss=0.1386, grad_norm=9.981091
  [Client 2] step 16/50, loss=0.2073, grad_norm=7.665341
  [Client 2] step 32/50, loss=0.2063, grad_norm=8.026911
  [Client 2] step 48/50, loss=0.0699, grad_norm=4.562405
LoRA model: 294,912 trainable / 109,777,152 total (0.27%)
  [Client 3] step 0/50, loss=0.1622, grad_norm=8.878965
  [Client 3] step 16/50, loss=0.1448, grad_norm=5.449215
  [Client 3] step 32/50, loss=0.0357, grad_norm=2.348531
  [Client 3] step 48/50, loss=0.2149, grad_norm=8.186448
LoRA model: 294,912 trainable / 109,777,152 total (0.27%)
  [Client 4] step 0/50, loss=0.1970, grad_norm=17.034140
  [Client 4] step 16/50, loss=0.0535, grad_norm=3.252355
  [Client 4] step 32/50, loss=0.1677, grad_norm=7.776438
  [Client 4] step 48/50, loss=0.1174, grad_norm=11.552320
  [Privacy] eps_spent=17.0083 / 20.0
  Saved: checkpoints/lora_round20_2026-04-10_10-21-20.pt
--- Round 21/25 ---
LoRA model: 294,912 trainable / 109,777,152 total (0.27%)
  [Client 0] step 0/50, loss=0.1210, grad_norm=6.437680
  [Client 0] step 16/50, loss=0.0296, grad_norm=3.389780
  [Client 0] step 32/50, loss=0.2323, grad_norm=5.185136
  [Client 0] step 48/50, loss=0.1182, grad_norm=6.883695
LoRA model: 294,912 trainable / 109,777,152 total (0.27%)
  [Client 1] step 0/50, loss=0.1862, grad_norm=6.195627
  [Client 1] step 16/50, loss=0.1928, grad_norm=9.395992
  [Client 1] step 32/50, loss=0.2557, grad_norm=17.351788
  [Client 1] step 48/50, loss=0.1173, grad_norm=8.034793
LoRA model: 294,912 trainable / 109,777,152 total (0.27%)
  [Client 2] step 0/50, loss=0.0784, grad_norm=8.060505
  [Client 2] step 16/50, loss=0.1951, grad_norm=6.288558
  [Client 2] step 32/50, loss=0.2463, grad_norm=7.739674
  [Client 2] step 48/50, loss=0.1737, grad_norm=4.911636
LoRA model: 294,912 trainable / 109,777,152 total (0.27%)
  [Client 3] step 0/50, loss=0.1320, grad_norm=25.851091
  [Client 3] step 16/50, loss=0.2525, grad_norm=8.220119
  [Client 3] step 32/50, loss=0.0659, grad_norm=3.612860
  [Client 3] step 48/50, loss=0.1724, grad_norm=6.820446
LoRA model: 294,912 trainable / 109,777,152 total (0.27%)
  [Client 4] step 0/50, loss=0.1479, grad_norm=5.435822
  [Client 4] step 16/50, loss=0.0707, grad_norm=6.868268
  [Client 4] step 32/50, loss=0.0938, grad_norm=4.105994
  [Client 4] step 48/50, loss=0.1113, grad_norm=3.793261
  [Privacy] eps_spent=17.6056 / 20.0
--- Round 22/25 ---
LoRA model: 294,912 trainable / 109,777,152 total (0.27%)
  [Client 0] step 0/50, loss=0.2588, grad_norm=2.949415
  [Client 0] step 16/50, loss=0.2087, grad_norm=5.796070
  [Client 0] step 32/50, loss=0.0518, grad_norm=3.873834
  [Client 0] step 48/50, loss=0.1419, grad_norm=9.701206
LoRA model: 294,912 trainable / 109,777,152 total (0.27%)
  [Client 1] step 0/50, loss=0.1220, grad_norm=6.963423
  [Client 1] step 16/50, loss=0.1568, grad_norm=6.645479
  [Client 1] step 32/50, loss=0.1152, grad_norm=5.893004
  [Client 1] step 48/50, loss=0.1602, grad_norm=8.897005
LoRA model: 294,912 trainable / 109,777,152 total (0.27%)
  [Client 2] step 0/50, loss=0.2243, grad_norm=6.432253
  [Client 2] step 16/50, loss=0.1621, grad_norm=5.420783
  [Client 2] step 32/50, loss=0.0833, grad_norm=5.441873
  [Client 2] step 48/50, loss=0.1473, grad_norm=5.884675
LoRA model: 294,912 trainable / 109,777,152 total (0.27%)
  [Client 3] step 0/50, loss=0.0944, grad_norm=13.714999
  [Client 3] step 16/50, loss=0.0472, grad_norm=4.216007
  [Client 3] step 32/50, loss=0.0178, grad_norm=1.462849
  [Client 3] step 48/50, loss=0.0646, grad_norm=4.925530
LoRA model: 294,912 trainable / 109,777,152 total (0.27%)
  [Client 4] step 0/50, loss=0.1644, grad_norm=8.851828
  [Client 4] step 16/50, loss=0.1875, grad_norm=6.282744
  [Client 4] step 32/50, loss=0.2028, grad_norm=7.621344
  [Client 4] step 48/50, loss=0.0994, grad_norm=4.326786
  [Privacy] eps_spent=18.2028 / 20.0
--- Round 23/25 ---
LoRA model: 294,912 trainable / 109,777,152 total (0.27%)
  [Client 0] step 0/50, loss=0.1382, grad_norm=5.348391
  [Client 0] step 16/50, loss=0.1928, grad_norm=12.682958
  [Client 0] step 32/50, loss=0.0916, grad_norm=14.295860
  [Client 0] step 48/50, loss=0.1680, grad_norm=10.404556
LoRA model: 294,912 trainable / 109,777,152 total (0.27%)
  [Client 1] step 0/50, loss=0.2270, grad_norm=9.072639
  [Client 1] step 16/50, loss=0.1297, grad_norm=5.559976
  [Client 1] step 32/50, loss=0.0827, grad_norm=3.248055
  [Client 1] step 48/50, loss=0.1767, grad_norm=6.457184
LoRA model: 294,912 trainable / 109,777,152 total (0.27%)
  [Client 2] step 0/50, loss=0.0542, grad_norm=3.678253
  [Client 2] step 16/50, loss=0.1120, grad_norm=3.767498
  [Client 2] step 32/50, loss=0.1212, grad_norm=7.290090
  [Client 2] step 48/50, loss=0.0827, grad_norm=5.487510
LoRA model: 294,912 trainable / 109,777,152 total (0.27%)
  [Client 3] step 0/50, loss=0.2143, grad_norm=5.357830
  [Client 3] step 16/50, loss=0.0256, grad_norm=2.007246
  [Client 3] step 32/50, loss=0.0588, grad_norm=7.439418
  [Client 3] step 48/50, loss=0.0360, grad_norm=2.160216
LoRA model: 294,912 trainable / 109,777,152 total (0.27%)
  [Client 4] step 0/50, loss=0.1193, grad_norm=7.978554
  [Client 4] step 16/50, loss=0.0395, grad_norm=5.856504
  [Client 4] step 32/50, loss=0.1642, grad_norm=8.209923
  [Client 4] step 48/50, loss=0.1447, grad_norm=5.633633
  [Privacy] eps_spent=18.8001 / 20.0
--- Round 24/25 ---
LoRA model: 294,912 trainable / 109,777,152 total (0.27%)
  [Client 0] step 0/50, loss=0.0545, grad_norm=4.241559
  [Client 0] step 16/50, loss=0.0747, grad_norm=4.769833
  [Client 0] step 32/50, loss=0.0615, grad_norm=4.508650
  [Client 0] step 48/50, loss=0.1525, grad_norm=9.215569
LoRA model: 294,912 trainable / 109,777,152 total (0.27%)
  [Client 1] step 0/50, loss=0.0144, grad_norm=0.759613
  [Client 1] step 16/50, loss=0.0188, grad_norm=2.280625
  [Client 1] step 32/50, loss=0.0955, grad_norm=4.243969
  [Client 1] step 48/50, loss=0.1011, grad_norm=14.044449
LoRA model: 294,912 trainable / 109,777,152 total (0.27%)
  [Client 2] step 0/50, loss=0.1046, grad_norm=3.264863
  [Client 2] step 16/50, loss=0.0425, grad_norm=3.155455
  [Client 2] step 32/50, loss=0.0716, grad_norm=5.016074
  [Client 2] step 48/50, loss=0.0684, grad_norm=3.529745
LoRA model: 294,912 trainable / 109,777,152 total (0.27%)
  [Client 3] step 0/50, loss=0.0970, grad_norm=5.954104
  [Client 3] step 16/50, loss=0.0736, grad_norm=2.355990
  [Client 3] step 32/50, loss=0.0618, grad_norm=3.514182
  [Client 3] step 48/50, loss=0.1203, grad_norm=3.322403
LoRA model: 294,912 trainable / 109,777,152 total (0.27%)
  [Client 4] step 0/50, loss=0.0579, grad_norm=2.976899
  [Client 4] step 16/50, loss=0.1324, grad_norm=5.996273
  [Client 4] step 32/50, loss=0.0534, grad_norm=2.915176
  [Client 4] step 48/50, loss=0.1342, grad_norm=4.772931
  [Privacy] eps_spent=19.3973 / 20.0
--- Round 25/25 ---
LoRA model: 294,912 trainable / 109,777,152 total (0.27%)
  [Client 0] step 0/50, loss=0.0483, grad_norm=3.184893
  [Client 0] step 16/50, loss=0.0222, grad_norm=1.027380
  [Client 0] step 32/50, loss=0.1124, grad_norm=6.419249
  [Client 0] step 48/50, loss=0.0391, grad_norm=1.861584
LoRA model: 294,912 trainable / 109,777,152 total (0.27%)
  [Client 1] step 0/50, loss=0.0920, grad_norm=5.954672
  [Client 1] step 16/50, loss=0.1196, grad_norm=17.025070
  [Client 1] step 32/50, loss=0.0806, grad_norm=4.229762
  [Client 1] step 48/50, loss=0.0300, grad_norm=5.155463
LoRA model: 294,912 trainable / 109,777,152 total (0.27%)
  [Client 2] step 0/50, loss=0.0584, grad_norm=1.662031
  [Client 2] step 16/50, loss=0.0737, grad_norm=5.493832
  [Client 2] step 32/50, loss=0.1629, grad_norm=16.082968
  [Client 2] step 48/50, loss=0.1352, grad_norm=8.798381
LoRA model: 294,912 trainable / 109,777,152 total (0.27%)
  [Client 3] step 0/50, loss=0.0636, grad_norm=3.296762
  [Client 3] step 16/50, loss=0.0821, grad_norm=8.678828
  [Client 3] step 32/50, loss=0.0868, grad_norm=11.469929
  [Client 3] step 48/50, loss=0.0393, grad_norm=2.055986
LoRA model: 294,912 trainable / 109,777,152 total (0.27%)
  [Client 4] step 0/50, loss=0.0897, grad_norm=2.054526
  [Client 4] step 16/50, loss=0.0241, grad_norm=2.854462
  [Client 4] step 32/50, loss=0.0579, grad_norm=4.839320
  [Client 4] step 48/50, loss=0.0457, grad_norm=1.971866
  [Privacy] eps_spent=19.9946 / 20.0
  Saved: checkpoints/lora_round25_2026-04-10_10-32-51.pt

[DP-LoRA] Training complete!
  Merged model: x-model_lora_merged_2026-04-10_10-32-52.bin
  Final eps: 19.9946
