
============================================================
[DP Calibration]
  Target ε     = 8.0
  Target δ     = 1e-05
  Num rounds   = 25
  Sampling q   = 0.600 (3/5 clients)
  → Calibrated σ = 1.6701
============================================================

[Verification] σ=1.6701 → ε=8.0089 at α=3.0
               δ=1e-05, rounds=25, q=0.600

!!!!!!!!!!!!!!!client model!!!!!!!!!!!!!!!!!!
<class 'transformers.models.bert.modeling_bert.BertModel'>
!!!!!!!!!!!!!!!client model!!!!!!!!!!!!!!!!!!
<class 'transformers.models.bert.modeling_bert.BertModel'>
!!!!!!!!!!!!!!!client model!!!!!!!!!!!!!!!!!!
<class 'transformers.models.bert.modeling_bert.BertModel'>
!!!!!!!!!!!!!!!client model!!!!!!!!!!!!!!!!!!
<class 'transformers.models.bert.modeling_bert.BertModel'>
!!!!!!!!!!!!!!!client model!!!!!!!!!!!!!!!!!!
<class 'transformers.models.bert.modeling_bert.BertModel'>

[DP-FedRAG] Starting training with formal privacy guarantee...
<class 'transformers.models.bert.modeling_bert.BertModel'>
[DP-Client 0] step 0/11, C=0.9905, σ=1.6700732421874998, ‖∇‖=2163.5006
[DP-Client 0] step 2/11, C=0.9905, σ=1.6700732421874998, ‖∇‖=2163.5857
[DP-Client 0] step 4/11, C=0.9905, σ=1.6700732421874998, ‖∇‖=2163.6392
[DP-Client 0] step 6/11, C=0.9905, σ=1.6700732421874998, ‖∇‖=2163.7485
[DP-Client 0] step 8/11, C=0.9905, σ=1.6700732421874998, ‖∇‖=2163.5672
[DP-Client 0] step 10/11, C=0.9905, σ=1.6700732421874998, ‖∇‖=2163.4974
[DP-Client 1] step 0/16, C=1.1226, σ=1.6700732421874998, ‖∇‖=2452.0140
[DP-Client 1] step 3/16, C=1.1226, σ=1.6700732421874998, ‖∇‖=2452.3425
[DP-Client 1] step 6/16, C=1.1226, σ=1.6700732421874998, ‖∇‖=2452.2788
[DP-Client 1] step 9/16, C=1.1226, σ=1.6700732421874998, ‖∇‖=2452.2037
[DP-Client 1] step 12/16, C=1.1226, σ=1.6700732421874998, ‖∇‖=2452.3474
[DP-Client 1] step 15/16, C=1.1226, σ=1.6700732421874998, ‖∇‖=2452.0764
[DP-Client 2] step 0/22, C=0.9970, σ=1.6700732421874998, ‖∇‖=2177.8596
[DP-Client 2] step 4/22, C=0.9970, σ=1.6700732421874998, ‖∇‖=2177.7762
[DP-Client 2] step 8/22, C=0.9970, σ=1.6700732421874998, ‖∇‖=2177.7296
[DP-Client 2] step 12/22, C=0.9970, σ=1.6700732421874998, ‖∇‖=2177.8471
[DP-Client 2] step 16/22, C=0.9970, σ=1.6700732421874998, ‖∇‖=2177.8742
[DP-Client 2] step 20/22, C=0.9970, σ=1.6700732421874998, ‖∇‖=2178.0114
[DP-Client 3] step 0/16, C=1.0732, σ=1.6700732421874998, ‖∇‖=2344.4201
[DP-Client 3] step 3/16, C=1.0732, σ=1.6700732421874998, ‖∇‖=2344.5953
[DP-Client 3] step 6/16, C=1.0732, σ=1.6700732421874998, ‖∇‖=2344.5947
[DP-Client 3] step 9/16, C=1.0732, σ=1.6700732421874998, ‖∇‖=2344.3866
[DP-Client 3] step 12/16, C=1.0732, σ=1.6700732421874998, ‖∇‖=2344.2880
[DP-Client 3] step 15/16, C=1.0732, σ=1.6700732421874998, ‖∇‖=2344.3546
[DP-Client 4] step 0/50, C=1.0495, σ=1.6700732421874998, ‖∇‖=2292.3792
[DP-Client 4] step 10/50, C=1.0495, σ=1.6700732421874998, ‖∇‖=2292.4090
[DP-Client 4] step 20/50, C=1.0495, σ=1.6700732421874998, ‖∇‖=2292.2830
[DP-Client 4] step 30/50, C=1.0495, σ=1.6700732421874998, ‖∇‖=2292.4165
[DP-Client 4] step 40/50, C=1.0495, σ=1.6700732421874998, ‖∇‖=2292.4764
[DP-Client 0] step 0/11, C=3.6877, σ=1.6700732421874998, ‖∇‖=8054.2552
[DP-Client 0] step 2/11, C=3.6877, σ=1.6700732421874998, ‖∇‖=8055.5136
[DP-Client 0] step 4/11, C=3.6877, σ=1.6700732421874998, ‖∇‖=8055.2848
[DP-Client 0] step 6/11, C=3.6877, σ=1.6700732421874998, ‖∇‖=8054.2525
[DP-Client 0] step 8/11, C=3.6877, σ=1.6700732421874998, ‖∇‖=8055.4255
[DP-Client 0] step 10/11, C=3.6877, σ=1.6700732421874998, ‖∇‖=8055.3477
[DP-Client 1] step 0/16, C=2.7644, σ=1.6700732421874998, ‖∇‖=6038.6429
[DP-Client 1] step 3/16, C=2.7644, σ=1.6700732421874998, ‖∇‖=6038.7130
[DP-Client 1] step 6/16, C=2.7644, σ=1.6700732421874998, ‖∇‖=6038.4529
[DP-Client 1] step 9/16, C=2.7644, σ=1.6700732421874998, ‖∇‖=6038.0325
[DP-Client 1] step 12/16, C=2.7644, σ=1.6700732421874998, ‖∇‖=6037.3953
[DP-Client 1] step 15/16, C=2.7644, σ=1.6700732421874998, ‖∇‖=6038.1224
[DP-Client 2] step 0/22, C=3.3767, σ=1.6700732421874998, ‖∇‖=7376.0271
[DP-Client 2] step 4/22, C=3.3767, σ=1.6700732421874998, ‖∇‖=7375.3217
[DP-Client 2] step 8/22, C=3.3767, σ=1.6700732421874998, ‖∇‖=7375.2542
[DP-Client 2] step 12/22, C=3.3767, σ=1.6700732421874998, ‖∇‖=7375.6971
[DP-Client 2] step 16/22, C=3.3767, σ=1.6700732421874998, ‖∇‖=7375.9651
[DP-Client 2] step 20/22, C=3.3767, σ=1.6700732421874998, ‖∇‖=7376.2119
[DP-Client 3] step 0/16, C=3.8676, σ=1.6700732421874998, ‖∇‖=8447.5622
[DP-Client 3] step 3/16, C=3.8676, σ=1.6700732421874998, ‖∇‖=8448.3723
[DP-Client 3] step 6/16, C=3.8676, σ=1.6700732421874998, ‖∇‖=8448.5679
[DP-Client 3] step 9/16, C=3.8676, σ=1.6700732421874998, ‖∇‖=8448.2530
[DP-Client 3] step 12/16, C=3.8676, σ=1.6700732421874998, ‖∇‖=8448.9680
[DP-Client 3] step 15/16, C=3.8676, σ=1.6700732421874998, ‖∇‖=8447.4111
[DP-Client 4] step 0/50, C=3.3591, σ=1.6700732421874998, ‖∇‖=7337.3499
[DP-Client 4] step 10/50, C=3.3591, σ=1.6700732421874998, ‖∇‖=7338.0746
[DP-Client 4] step 20/50, C=3.3591, σ=1.6700732421874998, ‖∇‖=7336.8572
[DP-Client 4] step 30/50, C=3.3591, σ=1.6700732421874998, ‖∇‖=7336.7406
[DP-Client 4] step 40/50, C=3.3591, σ=1.6700732421874998, ‖∇‖=7338.1117
[DP-Client 0] step 0/11, C=3.2030, σ=1.6700732421874998, ‖∇‖=6996.4253
[DP-Client 0] step 2/11, C=3.2030, σ=1.6700732421874998, ‖∇‖=6996.6913
[DP-Client 0] step 4/11, C=3.2030, σ=1.6700732421874998, ‖∇‖=6995.6533
[DP-Client 0] step 6/11, C=3.2030, σ=1.6700732421874998, ‖∇‖=6995.9656
[DP-Client 0] step 8/11, C=3.2030, σ=1.6700732421874998, ‖∇‖=6996.3010
[DP-Client 0] step 10/11, C=3.2030, σ=1.6700732421874998, ‖∇‖=6996.5588
[DP-Client 1] step 0/16, C=3.3239, σ=1.6700732421874998, ‖∇‖=7260.3583
[DP-Client 1] step 3/16, C=3.3239, σ=1.6700732421874998, ‖∇‖=7260.2410
[DP-Client 1] step 6/16, C=3.3239, σ=1.6700732421874998, ‖∇‖=7261.2171
[DP-Client 1] step 9/16, C=3.3239, σ=1.6700732421874998, ‖∇‖=7259.8370
[DP-Client 1] step 12/16, C=3.3239, σ=1.6700732421874998, ‖∇‖=7259.9841
[DP-Client 1] step 15/16, C=3.3239, σ=1.6700732421874998, ‖∇‖=7260.7967
[DP-Client 2] step 0/22, C=4.0578, σ=1.6700732421874998, ‖∇‖=8862.9243
[DP-Client 2] step 4/22, C=4.0578, σ=1.6700732421874998, ‖∇‖=8863.5717
[DP-Client 2] step 8/22, C=4.0578, σ=1.6700732421874998, ‖∇‖=8863.6888
[DP-Client 2] step 12/22, C=4.0578, σ=1.6700732421874998, ‖∇‖=8863.3839
[DP-Client 2] step 16/22, C=4.0578, σ=1.6700732421874998, ‖∇‖=8863.2358
[DP-Client 2] step 20/22, C=4.0578, σ=1.6700732421874998, ‖∇‖=8863.2634
[DP-Client 3] step 0/16, C=3.1310, σ=1.6700732421874998, ‖∇‖=6838.4165
[DP-Client 3] step 3/16, C=3.1310, σ=1.6700732421874998, ‖∇‖=6838.6577
[DP-Client 3] step 6/16, C=3.1310, σ=1.6700732421874998, ‖∇‖=6839.7446
[DP-Client 3] step 9/16, C=3.1310, σ=1.6700732421874998, ‖∇‖=6839.6907
[DP-Client 3] step 12/16, C=3.1310, σ=1.6700732421874998, ‖∇‖=6838.5235
[DP-Client 3] step 15/16, C=3.1310, σ=1.6700732421874998, ‖∇‖=6838.8073
[DP-Client 4] step 0/50, C=3.3602, σ=1.6700732421874998, ‖∇‖=7339.3727
[DP-Client 4] step 10/50, C=3.3602, σ=1.6700732421874998, ‖∇‖=7340.2230
[DP-Client 4] step 20/50, C=3.3602, σ=1.6700732421874998, ‖∇‖=7339.3867
[DP-Client 4] step 30/50, C=3.3602, σ=1.6700732421874998, ‖∇‖=7340.4891
[DP-Client 4] step 40/50, C=3.3602, σ=1.6700732421874998, ‖∇‖=7340.2339
[DP-Client 0] step 0/11, C=3.2248, σ=1.6700732421874998, ‖∇‖=7043.7756
[DP-Client 0] step 2/11, C=3.2248, σ=1.6700732421874998, ‖∇‖=7044.0224
[DP-Client 0] step 4/11, C=3.2248, σ=1.6700732421874998, ‖∇‖=7044.5503
[DP-Client 0] step 6/11, C=3.2248, σ=1.6700732421874998, ‖∇‖=7044.5552
[DP-Client 0] step 8/11, C=3.2248, σ=1.6700732421874998, ‖∇‖=7044.1425
[DP-Client 0] step 10/11, C=3.2248, σ=1.6700732421874998, ‖∇‖=7042.8392
[DP-Client 1] step 0/16, C=2.9835, σ=1.6700732421874998, ‖∇‖=6516.8571
[DP-Client 1] step 3/16, C=2.9835, σ=1.6700732421874998, ‖∇‖=6516.3173
[DP-Client 1] step 6/16, C=2.9835, σ=1.6700732421874998, ‖∇‖=6517.9929
[DP-Client 1] step 9/16, C=2.9835, σ=1.6700732421874998, ‖∇‖=6517.6275
[DP-Client 1] step 12/16, C=2.9835, σ=1.6700732421874998, ‖∇‖=6517.7569
[DP-Client 1] step 15/16, C=2.9835, σ=1.6700732421874998, ‖∇‖=6516.5414
[DP-Client 2] step 0/22, C=4.1588, σ=1.6700732421874998, ‖∇‖=9084.3165
[DP-Client 2] step 4/22, C=4.1588, σ=1.6700732421874998, ‖∇‖=9085.2728
[DP-Client 2] step 8/22, C=4.1588, σ=1.6700732421874998, ‖∇‖=9083.4778
[DP-Client 2] step 12/22, C=4.1588, σ=1.6700732421874998, ‖∇‖=9084.9972
[DP-Client 2] step 16/22, C=4.1588, σ=1.6700732421874998, ‖∇‖=9084.0410
[DP-Client 2] step 20/22, C=4.1588, σ=1.6700732421874998, ‖∇‖=9083.0853
[DP-Client 3] step 0/16, C=3.5099, σ=1.6700732421874998, ‖∇‖=7667.5313
[DP-Client 3] step 3/16, C=3.5099, σ=1.6700732421874998, ‖∇‖=7667.1405
[DP-Client 3] step 6/16, C=3.5099, σ=1.6700732421874998, ‖∇‖=7666.6216
[DP-Client 3] step 9/16, C=3.5099, σ=1.6700732421874998, ‖∇‖=7667.4108
[DP-Client 3] step 12/16, C=3.5099, σ=1.6700732421874998, ‖∇‖=7666.8134
[DP-Client 3] step 15/16, C=3.5099, σ=1.6700732421874998, ‖∇‖=7666.8019
[DP-Client 4] step 0/50, C=3.2086, σ=1.6700732421874998, ‖∇‖=7009.3496
[DP-Client 4] step 10/50, C=3.2086, σ=1.6700732421874998, ‖∇‖=7008.4805
[DP-Client 4] step 20/50, C=3.2086, σ=1.6700732421874998, ‖∇‖=7008.2879
[DP-Client 4] step 30/50, C=3.2086, σ=1.6700732421874998, ‖∇‖=7008.5550
[DP-Client 4] step 40/50, C=3.2086, σ=1.6700732421874998, ‖∇‖=7009.1085
[DP-Client 0] step 0/11, C=3.0864, σ=1.6700732421874998, ‖∇‖=6741.3060
[DP-Client 0] step 2/11, C=3.0864, σ=1.6700732421874998, ‖∇‖=6741.5843
[DP-Client 0] step 4/11, C=3.0864, σ=1.6700732421874998, ‖∇‖=6742.4211
[DP-Client 0] step 6/11, C=3.0864, σ=1.6700732421874998, ‖∇‖=6742.7049
[DP-Client 0] step 8/11, C=3.0864, σ=1.6700732421874998, ‖∇‖=6741.4691
[DP-Client 0] step 10/11, C=3.0864, σ=1.6700732421874998, ‖∇‖=6741.7445
[DP-Client 1] step 0/16, C=2.4251, σ=1.6700732421874998, ‖∇‖=5297.1960
[DP-Client 1] step 3/16, C=2.4251, σ=1.6700732421874998, ‖∇‖=5297.2476
[DP-Client 1] step 6/16, C=2.4251, σ=1.6700732421874998, ‖∇‖=5296.6962
[DP-Client 1] step 9/16, C=2.4251, σ=1.6700732421874998, ‖∇‖=5297.5483
[DP-Client 1] step 12/16, C=2.4251, σ=1.6700732421874998, ‖∇‖=5297.0012
[DP-Client 1] step 15/16, C=2.4251, σ=1.6700732421874998, ‖∇‖=5297.2215
[DP-Client 2] step 0/22, C=1.9316, σ=1.6700732421874998, ‖∇‖=4219.1761
[DP-Client 2] step 4/22, C=1.9316, σ=1.6700732421874998, ‖∇‖=4219.6788
[DP-Client 2] step 8/22, C=1.9316, σ=1.6700732421874998, ‖∇‖=4219.8330
[DP-Client 2] step 12/22, C=1.9316, σ=1.6700732421874998, ‖∇‖=4219.4666
[DP-Client 2] step 16/22, C=1.9316, σ=1.6700732421874998, ‖∇‖=4219.1405
[DP-Client 2] step 20/22, C=1.9316, σ=1.6700732421874998, ‖∇‖=4219.3070
[DP-Client 3] step 0/16, C=3.2334, σ=1.6700732421874998, ‖∇‖=7063.6046
[DP-Client 3] step 3/16, C=3.2334, σ=1.6700732421874998, ‖∇‖=7062.2712
[DP-Client 3] step 6/16, C=3.2334, σ=1.6700732421874998, ‖∇‖=7062.6531
[DP-Client 3] step 9/16, C=3.2334, σ=1.6700732421874998, ‖∇‖=7063.4470
[DP-Client 3] step 12/16, C=3.2334, σ=1.6700732421874998, ‖∇‖=7063.2825
[DP-Client 3] step 15/16, C=3.2334, σ=1.6700732421874998, ‖∇‖=7062.8313
[DP-Client 4] step 0/50, C=2.4638, σ=1.6700732421874998, ‖∇‖=5381.6427
[DP-Client 4] step 10/50, C=2.4638, σ=1.6700732421874998, ‖∇‖=5381.5835
[DP-Client 4] step 20/50, C=2.4638, σ=1.6700732421874998, ‖∇‖=5381.8257
[DP-Client 4] step 30/50, C=2.4638, σ=1.6700732421874998, ‖∇‖=5381.5222
[DP-Client 4] step 40/50, C=2.4638, σ=1.6700732421874998, ‖∇‖=5381.8744
[DP-Client 0] step 0/11, C=2.9759, σ=1.6700732421874998, ‖∇‖=6500.8678
[DP-Client 0] step 2/11, C=2.9759, σ=1.6700732421874998, ‖∇‖=6500.7697
[DP-Client 0] step 4/11, C=2.9759, σ=1.6700732421874998, ‖∇‖=6500.6908
[DP-Client 0] step 6/11, C=2.9759, σ=1.6700732421874998, ‖∇‖=6501.1261
[DP-Client 0] step 8/11, C=2.9759, σ=1.6700732421874998, ‖∇‖=6500.1922
[DP-Client 0] step 10/11, C=2.9759, σ=1.6700732421874998, ‖∇‖=6499.9958
[DP-Client 1] step 0/16, C=1.9413, σ=1.6700732421874998, ‖∇‖=4240.1388
[DP-Client 1] step 3/16, C=1.9413, σ=1.6700732421874998, ‖∇‖=4239.8004
[DP-Client 1] step 6/16, C=1.9413, σ=1.6700732421874998, ‖∇‖=4240.3531
[DP-Client 1] step 9/16, C=1.9413, σ=1.6700732421874998, ‖∇‖=4240.2616
[DP-Client 1] step 12/16, C=1.9413, σ=1.6700732421874998, ‖∇‖=4240.9326
[DP-Client 1] step 15/16, C=1.9413, σ=1.6700732421874998, ‖∇‖=4240.2962
[DP-Client 2] step 0/22, C=3.0832, σ=1.6700732421874998, ‖∇‖=6735.5924
[DP-Client 2] step 4/22, C=3.0832, σ=1.6700732421874998, ‖∇‖=6735.8782
[DP-Client 2] step 8/22, C=3.0832, σ=1.6700732421874998, ‖∇‖=6734.8287
[DP-Client 2] step 12/22, C=3.0832, σ=1.6700732421874998, ‖∇‖=6734.6527
[DP-Client 2] step 16/22, C=3.0832, σ=1.6700732421874998, ‖∇‖=6734.5000
[DP-Client 2] step 20/22, C=3.0832, σ=1.6700732421874998, ‖∇‖=6734.8527
[DP-Client 3] step 0/16, C=2.7948, σ=1.6700732421874998, ‖∇‖=6105.1586
[DP-Client 3] step 3/16, C=2.7948, σ=1.6700732421874998, ‖∇‖=6104.7740
[DP-Client 3] step 6/16, C=2.7948, σ=1.6700732421874998, ‖∇‖=6105.2171
[DP-Client 3] step 9/16, C=2.7948, σ=1.6700732421874998, ‖∇‖=6104.7284
[DP-Client 3] step 12/16, C=2.7948, σ=1.6700732421874998, ‖∇‖=6104.4127
[DP-Client 3] step 15/16, C=2.7948, σ=1.6700732421874998, ‖∇‖=6105.5322
[DP-Client 4] step 0/50, C=2.5186, σ=1.6700732421874998, ‖∇‖=5501.5573
[DP-Client 4] step 10/50, C=2.5186, σ=1.6700732421874998, ‖∇‖=5501.0726
[DP-Client 4] step 20/50, C=2.5186, σ=1.6700732421874998, ‖∇‖=5501.4496
[DP-Client 4] step 30/50, C=2.5186, σ=1.6700732421874998, ‖∇‖=5501.3717
[DP-Client 4] step 40/50, C=2.5186, σ=1.6700732421874998, ‖∇‖=5500.8259
[DP-Client 0] step 0/11, C=2.6478, σ=1.6700732421874998, ‖∇‖=5783.0235
[DP-Client 0] step 2/11, C=2.6478, σ=1.6700732421874998, ‖∇‖=5784.2857
[DP-Client 0] step 4/11, C=2.6478, σ=1.6700732421874998, ‖∇‖=5783.5654
[DP-Client 0] step 6/11, C=2.6478, σ=1.6700732421874998, ‖∇‖=5784.0664
[DP-Client 0] step 8/11, C=2.6478, σ=1.6700732421874998, ‖∇‖=5784.2277
[DP-Client 0] step 10/11, C=2.6478, σ=1.6700732421874998, ‖∇‖=5783.5346
[DP-Client 1] step 0/16, C=2.6356, σ=1.6700732421874998, ‖∇‖=5757.1193
[DP-Client 1] step 3/16, C=2.6356, σ=1.6700732421874998, ‖∇‖=5756.8054
[DP-Client 1] step 6/16, C=2.6356, σ=1.6700732421874998, ‖∇‖=5756.8577
[DP-Client 1] step 9/16, C=2.6356, σ=1.6700732421874998, ‖∇‖=5756.9599
[DP-Client 1] step 12/16, C=2.6356, σ=1.6700732421874998, ‖∇‖=5757.9751
[DP-Client 1] step 15/16, C=2.6356, σ=1.6700732421874998, ‖∇‖=5757.5698
[DP-Client 2] step 0/22, C=2.3358, σ=1.6700732421874998, ‖∇‖=5102.3577
[DP-Client 2] step 4/22, C=2.3358, σ=1.6700732421874998, ‖∇‖=5101.8354
[DP-Client 2] step 8/22, C=2.3358, σ=1.6700732421874998, ‖∇‖=5102.5793
[DP-Client 2] step 12/22, C=2.3358, σ=1.6700732421874998, ‖∇‖=5101.4143
[DP-Client 2] step 16/22, C=2.3358, σ=1.6700732421874998, ‖∇‖=5102.2622
[DP-Client 2] step 20/22, C=2.3358, σ=1.6700732421874998, ‖∇‖=5102.4274
[DP-Client 3] step 0/16, C=3.0697, σ=1.6700732421874998, ‖∇‖=6705.5227
[DP-Client 3] step 3/16, C=3.0697, σ=1.6700732421874998, ‖∇‖=6704.4825
[DP-Client 3] step 6/16, C=3.0697, σ=1.6700732421874998, ‖∇‖=6705.6553
[DP-Client 3] step 9/16, C=3.0697, σ=1.6700732421874998, ‖∇‖=6705.7875
[DP-Client 3] step 12/16, C=3.0697, σ=1.6700732421874998, ‖∇‖=6705.2533
[DP-Client 3] step 15/16, C=3.0697, σ=1.6700732421874998, ‖∇‖=6705.0587
[DP-Client 4] step 0/50, C=3.2648, σ=1.6700732421874998, ‖∇‖=7131.4154
[DP-Client 4] step 10/50, C=3.2648, σ=1.6700732421874998, ‖∇‖=7131.4238
[DP-Client 4] step 20/50, C=3.2648, σ=1.6700732421874998, ‖∇‖=7131.3898
[DP-Client 4] step 30/50, C=3.2648, σ=1.6700732421874998, ‖∇‖=7130.9985
[DP-Client 4] step 40/50, C=3.2648, σ=1.6700732421874998, ‖∇‖=7131.0630
[DP-Client 0] step 0/11, C=1.1465, σ=1.6700732421874998, ‖∇‖=2504.7277
[DP-Client 0] step 2/11, C=1.1465, σ=1.6700732421874998, ‖∇‖=2504.2651
[DP-Client 0] step 4/11, C=1.1465, σ=1.6700732421874998, ‖∇‖=2504.4439
[DP-Client 0] step 6/11, C=1.1465, σ=1.6700732421874998, ‖∇‖=2504.5588
[DP-Client 0] step 8/11, C=1.1465, σ=1.6700732421874998, ‖∇‖=2504.3267
[DP-Client 0] step 10/11, C=1.1465, σ=1.6700732421874998, ‖∇‖=2504.2348
[DP-Client 1] step 0/16, C=2.1829, σ=1.6700732421874998, ‖∇‖=4768.5710
[DP-Client 1] step 3/16, C=2.1829, σ=1.6700732421874998, ‖∇‖=4767.8624
[DP-Client 1] step 6/16, C=2.1829, σ=1.6700732421874998, ‖∇‖=4768.4544
[DP-Client 1] step 9/16, C=2.1829, σ=1.6700732421874998, ‖∇‖=4768.4605
[DP-Client 1] step 12/16, C=2.1829, σ=1.6700732421874998, ‖∇‖=4767.8739
[DP-Client 1] step 15/16, C=2.1829, σ=1.6700732421874998, ‖∇‖=4768.9392
[DP-Client 2] step 0/22, C=1.8066, σ=1.6700732421874998, ‖∇‖=3946.9219
[DP-Client 2] step 4/22, C=1.8066, σ=1.6700732421874998, ‖∇‖=3946.4930
[DP-Client 2] step 8/22, C=1.8066, σ=1.6700732421874998, ‖∇‖=3946.1603
[DP-Client 2] step 12/22, C=1.8066, σ=1.6700732421874998, ‖∇‖=3946.5741
[DP-Client 2] step 16/22, C=1.8066, σ=1.6700732421874998, ‖∇‖=3946.4572
[DP-Client 2] step 20/22, C=1.8066, σ=1.6700732421874998, ‖∇‖=3945.8725
[DP-Client 3] step 0/16, C=2.6078, σ=1.6700732421874998, ‖∇‖=5696.2779
[DP-Client 3] step 3/16, C=2.6078, σ=1.6700732421874998, ‖∇‖=5695.5700
[DP-Client 3] step 6/16, C=2.6078, σ=1.6700732421874998, ‖∇‖=5696.8437
[DP-Client 3] step 9/16, C=2.6078, σ=1.6700732421874998, ‖∇‖=5696.3205
[DP-Client 3] step 12/16, C=2.6078, σ=1.6700732421874998, ‖∇‖=5696.3024
[DP-Client 3] step 15/16, C=2.6078, σ=1.6700732421874998, ‖∇‖=5695.6613
[DP-Client 4] step 0/50, C=1.9793, σ=1.6700732421874998, ‖∇‖=4323.2905
[DP-Client 4] step 10/50, C=1.9793, σ=1.6700732421874998, ‖∇‖=4323.9142
[DP-Client 4] step 20/50, C=1.9793, σ=1.6700732421874998, ‖∇‖=4323.0962
[DP-Client 4] step 30/50, C=1.9793, σ=1.6700732421874998, ‖∇‖=4323.8682
[DP-Client 4] step 40/50, C=1.9793, σ=1.6700732421874998, ‖∇‖=4323.4502
[DP-Client 0] step 0/11, C=2.2254, σ=1.6700732421874998, ‖∇‖=4860.8708
[DP-Client 0] step 2/11, C=2.2254, σ=1.6700732421874998, ‖∇‖=4861.0140
[DP-Client 0] step 4/11, C=2.2254, σ=1.6700732421874998, ‖∇‖=4861.4954
[DP-Client 0] step 6/11, C=2.2254, σ=1.6700732421874998, ‖∇‖=4860.1663
[DP-Client 0] step 8/11, C=2.2254, σ=1.6700732421874998, ‖∇‖=4861.2114
[DP-Client 0] step 10/11, C=2.2254, σ=1.6700732421874998, ‖∇‖=4860.2876
[DP-Client 1] step 0/16, C=1.9592, σ=1.6700732421874998, ‖∇‖=4279.6347
[DP-Client 1] step 3/16, C=1.9592, σ=1.6700732421874998, ‖∇‖=4279.2310
[DP-Client 1] step 6/16, C=1.9592, σ=1.6700732421874998, ‖∇‖=4279.4723
[DP-Client 1] step 9/16, C=1.9592, σ=1.6700732421874998, ‖∇‖=4279.2579
[DP-Client 1] step 12/16, C=1.9592, σ=1.6700732421874998, ‖∇‖=4278.9463
[DP-Client 1] step 15/16, C=1.9592, σ=1.6700732421874998, ‖∇‖=4279.4584
[DP-Client 2] step 0/22, C=2.3222, σ=1.6700732421874998, ‖∇‖=5072.4659
[DP-Client 2] step 4/22, C=2.3222, σ=1.6700732421874998, ‖∇‖=5072.3460
[DP-Client 2] step 8/22, C=2.3222, σ=1.6700732421874998, ‖∇‖=5073.1564
[DP-Client 2] step 12/22, C=2.3222, σ=1.6700732421874998, ‖∇‖=5072.6932
[DP-Client 2] step 16/22, C=2.3222, σ=1.6700732421874998, ‖∇‖=5072.0682
[DP-Client 2] step 20/22, C=2.3222, σ=1.6700732421874998, ‖∇‖=5072.2541
[DP-Client 3] step 0/16, C=2.0204, σ=1.6700732421874998, ‖∇‖=4413.8091
[DP-Client 3] step 3/16, C=2.0204, σ=1.6700732421874998, ‖∇‖=4413.2547
[DP-Client 3] step 6/16, C=2.0204, σ=1.6700732421874998, ‖∇‖=4413.2878
[DP-Client 3] step 9/16, C=2.0204, σ=1.6700732421874998, ‖∇‖=4413.7554
[DP-Client 3] step 12/16, C=2.0204, σ=1.6700732421874998, ‖∇‖=4413.2588
[DP-Client 3] step 15/16, C=2.0204, σ=1.6700732421874998, ‖∇‖=4412.9847
[DP-Client 4] step 0/50, C=1.8485, σ=1.6700732421874998, ‖∇‖=4037.5022
[DP-Client 4] step 10/50, C=1.8485, σ=1.6700732421874998, ‖∇‖=4038.1111
[DP-Client 4] step 20/50, C=1.8485, σ=1.6700732421874998, ‖∇‖=4037.6670
[DP-Client 4] step 30/50, C=1.8485, σ=1.6700732421874998, ‖∇‖=4037.6072
[DP-Client 4] step 40/50, C=1.8485, σ=1.6700732421874998, ‖∇‖=4037.7038
[DP-Client 0] step 0/11, C=2.3439, σ=1.6700732421874998, ‖∇‖=5119.7442
[DP-Client 0] step 2/11, C=2.3439, σ=1.6700732421874998, ‖∇‖=5119.9485
[DP-Client 0] step 4/11, C=2.3439, σ=1.6700732421874998, ‖∇‖=5120.1861
[DP-Client 0] step 6/11, C=2.3439, σ=1.6700732421874998, ‖∇‖=5119.3558
[DP-Client 0] step 8/11, C=2.3439, σ=1.6700732421874998, ‖∇‖=5119.6161
[DP-Client 0] step 10/11, C=2.3439, σ=1.6700732421874998, ‖∇‖=5119.6808
[DP-Client 1] step 0/16, C=2.2718, σ=1.6700732421874998, ‖∇‖=4961.9361
[DP-Client 1] step 3/16, C=2.2718, σ=1.6700732421874998, ‖∇‖=4962.7439
[DP-Client 1] step 6/16, C=2.2718, σ=1.6700732421874998, ‖∇‖=4962.4049
[DP-Client 1] step 9/16, C=2.2718, σ=1.6700732421874998, ‖∇‖=4962.2484
[DP-Client 1] step 12/16, C=2.2718, σ=1.6700732421874998, ‖∇‖=4962.5414
[DP-Client 1] step 15/16, C=2.2718, σ=1.6700732421874998, ‖∇‖=4962.6061
[DP-Client 2] step 0/22, C=2.0791, σ=1.6700732421874998, ‖∇‖=4541.5405
[DP-Client 2] step 4/22, C=2.0791, σ=1.6700732421874998, ‖∇‖=4541.4427
[DP-Client 2] step 8/22, C=2.0791, σ=1.6700732421874998, ‖∇‖=4541.4856
[DP-Client 2] step 12/22, C=2.0791, σ=1.6700732421874998, ‖∇‖=4541.0613
[DP-Client 2] step 16/22, C=2.0791, σ=1.6700732421874998, ‖∇‖=4541.0419
[DP-Client 2] step 20/22, C=2.0791, σ=1.6700732421874998, ‖∇‖=4541.8159
[DP-Client 3] step 0/16, C=3.1764, σ=1.6700732421874998, ‖∇‖=6937.9656
[DP-Client 3] step 3/16, C=3.1764, σ=1.6700732421874998, ‖∇‖=6939.3045
[DP-Client 3] step 6/16, C=3.1764, σ=1.6700732421874998, ‖∇‖=6939.0142
[DP-Client 3] step 9/16, C=3.1764, σ=1.6700732421874998, ‖∇‖=6938.6176
[DP-Client 3] step 12/16, C=3.1764, σ=1.6700732421874998, ‖∇‖=6938.7245
[DP-Client 3] step 15/16, C=3.1764, σ=1.6700732421874998, ‖∇‖=6937.4636
[DP-Client 4] step 0/50, C=2.3725, σ=1.6700732421874998, ‖∇‖=5182.4629
[DP-Client 4] step 10/50, C=2.3725, σ=1.6700732421874998, ‖∇‖=5181.6870
[DP-Client 4] step 20/50, C=2.3725, σ=1.6700732421874998, ‖∇‖=5182.6540
[DP-Client 4] step 30/50, C=2.3725, σ=1.6700732421874998, ‖∇‖=5182.2154
[DP-Client 4] step 40/50, C=2.3725, σ=1.6700732421874998, ‖∇‖=5182.3268
[DP-Client 0] step 0/11, C=1.4129, σ=1.6700732421874998, ‖∇‖=3086.1695
[DP-Client 0] step 2/11, C=1.4129, σ=1.6700732421874998, ‖∇‖=3086.4651
[DP-Client 0] step 4/11, C=1.4129, σ=1.6700732421874998, ‖∇‖=3086.7080
[DP-Client 0] step 6/11, C=1.4129, σ=1.6700732421874998, ‖∇‖=3086.3546
[DP-Client 0] step 8/11, C=1.4129, σ=1.6700732421874998, ‖∇‖=3086.0344
[DP-Client 0] step 10/11, C=1.4129, σ=1.6700732421874998, ‖∇‖=3086.2008
[DP-Client 1] step 0/16, C=1.2794, σ=1.6700732421874998, ‖∇‖=2794.7423
[DP-Client 1] step 3/16, C=1.2794, σ=1.6700732421874998, ‖∇‖=2794.9395
[DP-Client 1] step 6/16, C=1.2794, σ=1.6700732421874998, ‖∇‖=2794.5538
[DP-Client 1] step 9/16, C=1.2794, σ=1.6700732421874998, ‖∇‖=2794.6452
[DP-Client 1] step 12/16, C=1.2794, σ=1.6700732421874998, ‖∇‖=2794.5594
[DP-Client 1] step 15/16, C=1.2794, σ=1.6700732421874998, ‖∇‖=2794.3762
[DP-Client 2] step 0/22, C=1.2585, σ=1.6700732421874998, ‖∇‖=2748.6483
[DP-Client 2] step 4/22, C=1.2585, σ=1.6700732421874998, ‖∇‖=2748.7415
[DP-Client 2] step 8/22, C=1.2585, σ=1.6700732421874998, ‖∇‖=2748.8401
[DP-Client 2] step 12/22, C=1.2585, σ=1.6700732421874998, ‖∇‖=2748.7732
[DP-Client 2] step 16/22, C=1.2585, σ=1.6700732421874998, ‖∇‖=2748.8640
[DP-Client 2] step 20/22, C=1.2585, σ=1.6700732421874998, ‖∇‖=2749.1051
[DP-Client 3] step 0/16, C=1.7844, σ=1.6700732421874998, ‖∇‖=3897.5528
[DP-Client 3] step 3/16, C=1.7844, σ=1.6700732421874998, ‖∇‖=3897.8456
[DP-Client 3] step 6/16, C=1.7844, σ=1.6700732421874998, ‖∇‖=3897.9129
[DP-Client 3] step 9/16, C=1.7844, σ=1.6700732421874998, ‖∇‖=3897.2132
[DP-Client 3] step 12/16, C=1.7844, σ=1.6700732421874998, ‖∇‖=3897.9064
[DP-Client 3] step 15/16, C=1.7844, σ=1.6700732421874998, ‖∇‖=3897.5164
[DP-Client 4] step 0/50, C=1.3460, σ=1.6700732421874998, ‖∇‖=2940.2385
[DP-Client 4] step 10/50, C=1.3460, σ=1.6700732421874998, ‖∇‖=2939.8588
[DP-Client 4] step 20/50, C=1.3460, σ=1.6700732421874998, ‖∇‖=2939.9555
[DP-Client 4] step 30/50, C=1.3460, σ=1.6700732421874998, ‖∇‖=2940.1834
[DP-Client 4] step 40/50, C=1.3460, σ=1.6700732421874998, ‖∇‖=2940.2568
[DP-Client 0] step 0/11, C=1.1274, σ=1.6700732421874998, ‖∇‖=2462.6768
[DP-Client 0] step 2/11, C=1.1274, σ=1.6700732421874998, ‖∇‖=2462.6557
[DP-Client 0] step 4/11, C=1.1274, σ=1.6700732421874998, ‖∇‖=2462.5905
[DP-Client 0] step 6/11, C=1.1274, σ=1.6700732421874998, ‖∇‖=2462.6086
[DP-Client 0] step 8/11, C=1.1274, σ=1.6700732421874998, ‖∇‖=2462.3466
[DP-Client 0] step 10/11, C=1.1274, σ=1.6700732421874998, ‖∇‖=2462.5174
[DP-Client 1] step 0/16, C=1.6899, σ=1.6700732421874998, ‖∇‖=3691.1941
[DP-Client 1] step 3/16, C=1.6899, σ=1.6700732421874998, ‖∇‖=3691.3091
[DP-Client 1] step 6/16, C=1.6899, σ=1.6700732421874998, ‖∇‖=3691.3097
[DP-Client 1] step 9/16, C=1.6899, σ=1.6700732421874998, ‖∇‖=3691.7352
[DP-Client 1] step 12/16, C=1.6899, σ=1.6700732421874998, ‖∇‖=3691.3708
[DP-Client 1] step 15/16, C=1.6899, σ=1.6700732421874998, ‖∇‖=3691.3285
[DP-Client 2] step 0/22, C=1.7995, σ=1.6700732421874998, ‖∇‖=3930.9105
[DP-Client 2] step 4/22, C=1.7995, σ=1.6700732421874998, ‖∇‖=3931.0541
[DP-Client 2] step 8/22, C=1.7995, σ=1.6700732421874998, ‖∇‖=3930.7044
[DP-Client 2] step 12/22, C=1.7995, σ=1.6700732421874998, ‖∇‖=3930.7392
[DP-Client 2] step 16/22, C=1.7995, σ=1.6700732421874998, ‖∇‖=3930.8281
[DP-Client 2] step 20/22, C=1.7995, σ=1.6700732421874998, ‖∇‖=3930.8049
[DP-Client 3] step 0/16, C=1.5917, σ=1.6700732421874998, ‖∇‖=3476.6770
[DP-Client 3] step 3/16, C=1.5917, σ=1.6700732421874998, ‖∇‖=3476.3458
[DP-Client 3] step 6/16, C=1.5917, σ=1.6700732421874998, ‖∇‖=3476.5844
[DP-Client 3] step 9/16, C=1.5917, σ=1.6700732421874998, ‖∇‖=3476.5200
[DP-Client 3] step 12/16, C=1.5917, σ=1.6700732421874998, ‖∇‖=3476.9242
[DP-Client 3] step 15/16, C=1.5917, σ=1.6700732421874998, ‖∇‖=3476.3574
[DP-Client 4] step 0/50, C=1.6079, σ=1.6700732421874998, ‖∇‖=3512.2852
[DP-Client 4] step 10/50, C=1.6079, σ=1.6700732421874998, ‖∇‖=3512.0715
[DP-Client 4] step 20/50, C=1.6079, σ=1.6700732421874998, ‖∇‖=3512.6078
[DP-Client 4] step 30/50, C=1.6079, σ=1.6700732421874998, ‖∇‖=3512.1708
[DP-Client 4] step 40/50, C=1.6079, σ=1.6700732421874998, ‖∇‖=3512.5371
[DP-Client 0] step 0/11, C=1.6706, σ=1.6700732421874998, ‖∇‖=3649.5390
[DP-Client 0] step 2/11, C=1.6706, σ=1.6700732421874998, ‖∇‖=3649.2146
[DP-Client 0] step 4/11, C=1.6706, σ=1.6700732421874998, ‖∇‖=3649.2075
[DP-Client 0] step 6/11, C=1.6706, σ=1.6700732421874998, ‖∇‖=3648.7825
[DP-Client 0] step 8/11, C=1.6706, σ=1.6700732421874998, ‖∇‖=3649.4404
[DP-Client 0] step 10/11, C=1.6706, σ=1.6700732421874998, ‖∇‖=3649.2981
[DP-Client 1] step 0/16, C=1.6498, σ=1.6700732421874998, ‖∇‖=3603.6517
[DP-Client 1] step 3/16, C=1.6498, σ=1.6700732421874998, ‖∇‖=3603.6187
[DP-Client 1] step 6/16, C=1.6498, σ=1.6700732421874998, ‖∇‖=3603.9371
[DP-Client 1] step 9/16, C=1.6498, σ=1.6700732421874998, ‖∇‖=3603.9765
[DP-Client 1] step 12/16, C=1.6498, σ=1.6700732421874998, ‖∇‖=3603.9390
[DP-Client 1] step 15/16, C=1.6498, σ=1.6700732421874998, ‖∇‖=3603.8619
[DP-Client 2] step 0/22, C=1.6700, σ=1.6700732421874998, ‖∇‖=3647.2524
[DP-Client 2] step 4/22, C=1.6700, σ=1.6700732421874998, ‖∇‖=3647.6325
[DP-Client 2] step 8/22, C=1.6700, σ=1.6700732421874998, ‖∇‖=3647.3713
[DP-Client 2] step 12/22, C=1.6700, σ=1.6700732421874998, ‖∇‖=3647.8119
[DP-Client 2] step 16/22, C=1.6700, σ=1.6700732421874998, ‖∇‖=3648.0677
[DP-Client 2] step 20/22, C=1.6700, σ=1.6700732421874998, ‖∇‖=3647.6195
[DP-Client 3] step 0/16, C=1.8808, σ=1.6700732421874998, ‖∇‖=4108.3056
[DP-Client 3] step 3/16, C=1.8808, σ=1.6700732421874998, ‖∇‖=4108.0914
[DP-Client 3] step 6/16, C=1.8808, σ=1.6700732421874998, ‖∇‖=4107.6427
[DP-Client 3] step 9/16, C=1.8808, σ=1.6700732421874998, ‖∇‖=4107.9986
[DP-Client 3] step 12/16, C=1.8808, σ=1.6700732421874998, ‖∇‖=4107.9129
[DP-Client 3] step 15/16, C=1.8808, σ=1.6700732421874998, ‖∇‖=4108.2292
[DP-Client 4] step 0/50, C=1.4383, σ=1.6700732421874998, ‖∇‖=3141.4610
[DP-Client 4] step 10/50, C=1.4383, σ=1.6700732421874998, ‖∇‖=3141.7266
[DP-Client 4] step 20/50, C=1.4383, σ=1.6700732421874998, ‖∇‖=3141.8315
[DP-Client 4] step 30/50, C=1.4383, σ=1.6700732421874998, ‖∇‖=3141.3834
[DP-Client 4] step 40/50, C=1.4383, σ=1.6700732421874998, ‖∇‖=3141.5977
[DP-Client 0] step 0/11, C=1.3689, σ=1.6700732421874998, ‖∇‖=2989.8272
[DP-Client 0] step 2/11, C=1.3689, σ=1.6700732421874998, ‖∇‖=2989.8018
[DP-Client 0] step 4/11, C=1.3689, σ=1.6700732421874998, ‖∇‖=2990.0374
[DP-Client 0] step 6/11, C=1.3689, σ=1.6700732421874998, ‖∇‖=2990.1431
[DP-Client 0] step 8/11, C=1.3689, σ=1.6700732421874998, ‖∇‖=2990.0886
[DP-Client 0] step 10/11, C=1.3689, σ=1.6700732421874998, ‖∇‖=2989.9303
[DP-Client 1] step 0/16, C=1.2300, σ=1.6700732421874998, ‖∇‖=2686.6354
[DP-Client 1] step 3/16, C=1.2300, σ=1.6700732421874998, ‖∇‖=2686.4808
[DP-Client 1] step 6/16, C=1.2300, σ=1.6700732421874998, ‖∇‖=2686.5082
[DP-Client 1] step 9/16, C=1.2300, σ=1.6700732421874998, ‖∇‖=2686.5512
[DP-Client 1] step 12/16, C=1.2300, σ=1.6700732421874998, ‖∇‖=2687.0762
[DP-Client 1] step 15/16, C=1.2300, σ=1.6700732421874998, ‖∇‖=2686.8208
[DP-Client 2] step 0/22, C=1.6052, σ=1.6700732421874998, ‖∇‖=3506.1017
[DP-Client 2] step 4/22, C=1.6052, σ=1.6700732421874998, ‖∇‖=3505.8399
[DP-Client 2] step 8/22, C=1.6052, σ=1.6700732421874998, ‖∇‖=3506.2524
[DP-Client 2] step 12/22, C=1.6052, σ=1.6700732421874998, ‖∇‖=3506.5268
[DP-Client 2] step 16/22, C=1.6052, σ=1.6700732421874998, ‖∇‖=3506.4652
[DP-Client 2] step 20/22, C=1.6052, σ=1.6700732421874998, ‖∇‖=3506.4255
[DP-Client 3] step 0/16, C=1.9342, σ=1.6700732421874998, ‖∇‖=4224.5472
[DP-Client 3] step 3/16, C=1.9342, σ=1.6700732421874998, ‖∇‖=4224.8732
[DP-Client 3] step 6/16, C=1.9342, σ=1.6700732421874998, ‖∇‖=4224.8630
[DP-Client 3] step 9/16, C=1.9342, σ=1.6700732421874998, ‖∇‖=4224.3667
[DP-Client 3] step 12/16, C=1.9342, σ=1.6700732421874998, ‖∇‖=4224.4952
[DP-Client 3] step 15/16, C=1.9342, σ=1.6700732421874998, ‖∇‖=4224.9602
[DP-Client 4] step 0/50, C=1.6445, σ=1.6700732421874998, ‖∇‖=3591.6030
[DP-Client 4] step 10/50, C=1.6445, σ=1.6700732421874998, ‖∇‖=3591.7313
[DP-Client 4] step 20/50, C=1.6445, σ=1.6700732421874998, ‖∇‖=3592.0289
[DP-Client 4] step 30/50, C=1.6445, σ=1.6700732421874998, ‖∇‖=3592.5349
[DP-Client 4] step 40/50, C=1.6445, σ=1.6700732421874998, ‖∇‖=3591.7853
[DP-Client 0] step 0/11, C=1.5041, σ=1.6700732421874998, ‖∇‖=3285.3794
[DP-Client 0] step 2/11, C=1.5041, σ=1.6700732421874998, ‖∇‖=3285.1858
[DP-Client 0] step 4/11, C=1.5041, σ=1.6700732421874998, ‖∇‖=3285.3197
[DP-Client 0] step 6/11, C=1.5041, σ=1.6700732421874998, ‖∇‖=3285.6167
[DP-Client 0] step 8/11, C=1.5041, σ=1.6700732421874998, ‖∇‖=3285.1604
[DP-Client 0] step 10/11, C=1.5041, σ=1.6700732421874998, ‖∇‖=3285.6940
[DP-Client 1] step 0/16, C=1.7753, σ=1.6700732421874998, ‖∇‖=3877.7144
[DP-Client 1] step 3/16, C=1.7753, σ=1.6700732421874998, ‖∇‖=3877.3252
[DP-Client 1] step 6/16, C=1.7753, σ=1.6700732421874998, ‖∇‖=3877.9670
[DP-Client 1] step 9/16, C=1.7753, σ=1.6700732421874998, ‖∇‖=3877.7569
[DP-Client 1] step 12/16, C=1.7753, σ=1.6700732421874998, ‖∇‖=3878.1651
[DP-Client 1] step 15/16, C=1.7753, σ=1.6700732421874998, ‖∇‖=3878.1399
[DP-Client 2] step 0/22, C=1.5185, σ=1.6700732421874998, ‖∇‖=3316.8379
[DP-Client 2] step 4/22, C=1.5185, σ=1.6700732421874998, ‖∇‖=3317.2740
[DP-Client 2] step 8/22, C=1.5185, σ=1.6700732421874998, ‖∇‖=3316.6571
[DP-Client 2] step 12/22, C=1.5185, σ=1.6700732421874998, ‖∇‖=3316.8150
[DP-Client 2] step 16/22, C=1.5185, σ=1.6700732421874998, ‖∇‖=3316.4297
[DP-Client 2] step 20/22, C=1.5185, σ=1.6700732421874998, ‖∇‖=3317.0235
[DP-Client 3] step 0/16, C=1.4519, σ=1.6700732421874998, ‖∇‖=3171.2988
[DP-Client 3] step 3/16, C=1.4519, σ=1.6700732421874998, ‖∇‖=3171.6019
[DP-Client 3] step 6/16, C=1.4519, σ=1.6700732421874998, ‖∇‖=3171.3824
[DP-Client 3] step 9/16, C=1.4519, σ=1.6700732421874998, ‖∇‖=3171.4786
[DP-Client 3] step 12/16, C=1.4519, σ=1.6700732421874998, ‖∇‖=3171.8128
[DP-Client 3] step 15/16, C=1.4519, σ=1.6700732421874998, ‖∇‖=3171.2242
[DP-Client 4] step 0/50, C=1.1829, σ=1.6700732421874998, ‖∇‖=2584.1143
[DP-Client 4] step 10/50, C=1.1829, σ=1.6700732421874998, ‖∇‖=2583.9114
[DP-Client 4] step 20/50, C=1.1829, σ=1.6700732421874998, ‖∇‖=2583.8618
[DP-Client 4] step 30/50, C=1.1829, σ=1.6700732421874998, ‖∇‖=2583.8872
[DP-Client 4] step 40/50, C=1.1829, σ=1.6700732421874998, ‖∇‖=2584.1655
[DP-Client 0] step 0/11, C=1.9018, σ=1.6700732421874998, ‖∇‖=4154.3269
[DP-Client 0] step 2/11, C=1.9018, σ=1.6700732421874998, ‖∇‖=4154.4815
[DP-Client 0] step 4/11, C=1.9018, σ=1.6700732421874998, ‖∇‖=4154.2745
[DP-Client 0] step 6/11, C=1.9018, σ=1.6700732421874998, ‖∇‖=4154.0160
[DP-Client 0] step 8/11, C=1.9018, σ=1.6700732421874998, ‖∇‖=4154.4075
[DP-Client 0] step 10/11, C=1.9018, σ=1.6700732421874998, ‖∇‖=4154.1721
[DP-Client 1] step 0/16, C=2.3411, σ=1.6700732421874998, ‖∇‖=5113.5086
[DP-Client 1] step 3/16, C=2.3411, σ=1.6700732421874998, ‖∇‖=5113.8500
[DP-Client 1] step 6/16, C=2.3411, σ=1.6700732421874998, ‖∇‖=5113.6121
[DP-Client 1] step 9/16, C=2.3411, σ=1.6700732421874998, ‖∇‖=5113.5701
[DP-Client 1] step 12/16, C=2.3411, σ=1.6700732421874998, ‖∇‖=5113.2357
[DP-Client 1] step 15/16, C=2.3411, σ=1.6700732421874998, ‖∇‖=5113.8130
[DP-Client 2] step 0/22, C=2.2230, σ=1.6700732421874998, ‖∇‖=4856.1298
[DP-Client 2] step 4/22, C=2.2230, σ=1.6700732421874998, ‖∇‖=4856.3972
[DP-Client 2] step 8/22, C=2.2230, σ=1.6700732421874998, ‖∇‖=4856.3731
[DP-Client 2] step 12/22, C=2.2230, σ=1.6700732421874998, ‖∇‖=4856.0370
[DP-Client 2] step 16/22, C=2.2230, σ=1.6700732421874998, ‖∇‖=4855.4174
[DP-Client 2] step 20/22, C=2.2230, σ=1.6700732421874998, ‖∇‖=4856.4787
[DP-Client 3] step 0/16, C=1.6958, σ=1.6700732421874998, ‖∇‖=3704.3112
[DP-Client 3] step 3/16, C=1.6958, σ=1.6700732421874998, ‖∇‖=3704.3720
[DP-Client 3] step 6/16, C=1.6958, σ=1.6700732421874998, ‖∇‖=3704.4841
[DP-Client 3] step 9/16, C=1.6958, σ=1.6700732421874998, ‖∇‖=3703.7847
[DP-Client 3] step 12/16, C=1.6958, σ=1.6700732421874998, ‖∇‖=3703.9941
[DP-Client 3] step 15/16, C=1.6958, σ=1.6700732421874998, ‖∇‖=3704.5581
[DP-Client 4] step 0/50, C=2.1879, σ=1.6700732421874998, ‖∇‖=4778.9503
[DP-Client 4] step 10/50, C=2.1879, σ=1.6700732421874998, ‖∇‖=4778.9290
[DP-Client 4] step 20/50, C=2.1879, σ=1.6700732421874998, ‖∇‖=4779.1970
[DP-Client 4] step 30/50, C=2.1879, σ=1.6700732421874998, ‖∇‖=4779.1444
[DP-Client 4] step 40/50, C=2.1879, σ=1.6700732421874998, ‖∇‖=4778.9870
[DP-Client 0] step 0/11, C=2.9129, σ=1.6700732421874998, ‖∇‖=6362.7582
[DP-Client 0] step 2/11, C=2.9129, σ=1.6700732421874998, ‖∇‖=6362.7487
[DP-Client 0] step 4/11, C=2.9129, σ=1.6700732421874998, ‖∇‖=6363.1135
[DP-Client 0] step 6/11, C=2.9129, σ=1.6700732421874998, ‖∇‖=6362.9050
[DP-Client 0] step 8/11, C=2.9129, σ=1.6700732421874998, ‖∇‖=6363.1064
[DP-Client 0] step 10/11, C=2.9129, σ=1.6700732421874998, ‖∇‖=6362.4527
[DP-Client 1] step 0/16, C=2.4111, σ=1.6700732421874998, ‖∇‖=5266.5197
[DP-Client 1] step 3/16, C=2.4111, σ=1.6700732421874998, ‖∇‖=5267.5447
[DP-Client 1] step 6/16, C=2.4111, σ=1.6700732421874998, ‖∇‖=5267.1461
[DP-Client 1] step 9/16, C=2.4111, σ=1.6700732421874998, ‖∇‖=5267.2918
[DP-Client 1] step 12/16, C=2.4111, σ=1.6700732421874998, ‖∇‖=5265.7621
[DP-Client 1] step 15/16, C=2.4111, σ=1.6700732421874998, ‖∇‖=5267.0521
[DP-Client 2] step 0/22, C=3.0904, σ=1.6700732421874998, ‖∇‖=6749.9264
[DP-Client 2] step 4/22, C=3.0904, σ=1.6700732421874998, ‖∇‖=6749.9555
[DP-Client 2] step 8/22, C=3.0904, σ=1.6700732421874998, ‖∇‖=6750.7343
[DP-Client 2] step 12/22, C=3.0904, σ=1.6700732421874998, ‖∇‖=6751.4696
[DP-Client 2] step 16/22, C=3.0904, σ=1.6700732421874998, ‖∇‖=6750.5722
[DP-Client 2] step 20/22, C=3.0904, σ=1.6700732421874998, ‖∇‖=6750.6637
[DP-Client 3] step 0/16, C=2.5609, σ=1.6700732421874998, ‖∇‖=5593.8648
[DP-Client 3] step 3/16, C=2.5609, σ=1.6700732421874998, ‖∇‖=5593.8637
[DP-Client 3] step 6/16, C=2.5609, σ=1.6700732421874998, ‖∇‖=5593.4729
[DP-Client 3] step 9/16, C=2.5609, σ=1.6700732421874998, ‖∇‖=5594.1164
[DP-Client 3] step 12/16, C=2.5609, σ=1.6700732421874998, ‖∇‖=5594.6226
[DP-Client 3] step 15/16, C=2.5609, σ=1.6700732421874998, ‖∇‖=5593.9168
[DP-Client 4] step 0/50, C=2.3181, σ=1.6700732421874998, ‖∇‖=5063.3422
[DP-Client 4] step 10/50, C=2.3181, σ=1.6700732421874998, ‖∇‖=5063.2495
[DP-Client 4] step 20/50, C=2.3181, σ=1.6700732421874998, ‖∇‖=5063.1384
[DP-Client 4] step 30/50, C=2.3181, σ=1.6700732421874998, ‖∇‖=5063.5958
[DP-Client 4] step 40/50, C=2.3181, σ=1.6700732421874998, ‖∇‖=5062.9584
[DP-Client 0] step 0/11, C=2.5357, σ=1.6700732421874998, ‖∇‖=5538.4224
[DP-Client 0] step 2/11, C=2.5357, σ=1.6700732421874998, ‖∇‖=5538.4952
[DP-Client 0] step 4/11, C=2.5357, σ=1.6700732421874998, ‖∇‖=5539.1365
[DP-Client 0] step 6/11, C=2.5357, σ=1.6700732421874998, ‖∇‖=5538.7295
[DP-Client 0] step 8/11, C=2.5357, σ=1.6700732421874998, ‖∇‖=5539.2000
[DP-Client 0] step 10/11, C=2.5357, σ=1.6700732421874998, ‖∇‖=5538.9904
[DP-Client 1] step 0/16, C=3.1737, σ=1.6700732421874998, ‖∇‖=6932.7734
[DP-Client 1] step 3/16, C=3.1737, σ=1.6700732421874998, ‖∇‖=6932.1381
[DP-Client 1] step 6/16, C=3.1737, σ=1.6700732421874998, ‖∇‖=6932.1247
[DP-Client 1] step 9/16, C=3.1737, σ=1.6700732421874998, ‖∇‖=6931.6148
[DP-Client 1] step 12/16, C=3.1737, σ=1.6700732421874998, ‖∇‖=6931.9201
[DP-Client 1] step 15/16, C=3.1737, σ=1.6700732421874998, ‖∇‖=6932.4746
[DP-Client 2] step 0/22, C=3.3364, σ=1.6700732421874998, ‖∇‖=7287.3643
[DP-Client 2] step 4/22, C=3.3364, σ=1.6700732421874998, ‖∇‖=7288.3938
[DP-Client 2] step 8/22, C=3.3364, σ=1.6700732421874998, ‖∇‖=7288.7262
[DP-Client 2] step 12/22, C=3.3364, σ=1.6700732421874998, ‖∇‖=7287.9339
[DP-Client 2] step 16/22, C=3.3364, σ=1.6700732421874998, ‖∇‖=7287.4658
[DP-Client 2] step 20/22, C=3.3364, σ=1.6700732421874998, ‖∇‖=7287.7245
[DP-Client 3] step 0/16, C=2.3363, σ=1.6700732421874998, ‖∇‖=5102.3699
[DP-Client 3] step 3/16, C=2.3363, σ=1.6700732421874998, ‖∇‖=5102.6547
[DP-Client 3] step 6/16, C=2.3363, σ=1.6700732421874998, ‖∇‖=5103.3172
[DP-Client 3] step 9/16, C=2.3363, σ=1.6700732421874998, ‖∇‖=5103.1709
[DP-Client 3] step 12/16, C=2.3363, σ=1.6700732421874998, ‖∇‖=5103.2042
[DP-Client 3] step 15/16, C=2.3363, σ=1.6700732421874998, ‖∇‖=5103.5117
[DP-Client 4] step 0/50, C=3.4390, σ=1.6700732421874998, ‖∇‖=7512.1447
[DP-Client 4] step 10/50, C=3.4390, σ=1.6700732421874998, ‖∇‖=7511.6853
[DP-Client 4] step 20/50, C=3.4390, σ=1.6700732421874998, ‖∇‖=7511.9654
[DP-Client 4] step 30/50, C=3.4390, σ=1.6700732421874998, ‖∇‖=7511.6034
[DP-Client 4] step 40/50, C=3.4390, σ=1.6700732421874998, ‖∇‖=7512.4046
[DP-Client 0] step 0/11, C=3.5424, σ=1.6700732421874998, ‖∇‖=7737.4867
[DP-Client 0] step 2/11, C=3.5424, σ=1.6700732421874998, ‖∇‖=7737.6699
[DP-Client 0] step 4/11, C=3.5424, σ=1.6700732421874998, ‖∇‖=7738.5976
[DP-Client 0] step 6/11, C=3.5424, σ=1.6700732421874998, ‖∇‖=7738.5034
[DP-Client 0] step 8/11, C=3.5424, σ=1.6700732421874998, ‖∇‖=7737.7636
[DP-Client 0] step 10/11, C=3.5424, σ=1.6700732421874998, ‖∇‖=7737.4588
[DP-Client 1] step 0/16, C=3.3521, σ=1.6700732421874998, ‖∇‖=7322.3659
[DP-Client 1] step 3/16, C=3.3521, σ=1.6700732421874998, ‖∇‖=7321.7169
[DP-Client 1] step 6/16, C=3.3521, σ=1.6700732421874998, ‖∇‖=7321.9490
[DP-Client 1] step 9/16, C=3.3521, σ=1.6700732421874998, ‖∇‖=7322.4789
[DP-Client 1] step 12/16, C=3.3521, σ=1.6700732421874998, ‖∇‖=7322.6771
[DP-Client 1] step 15/16, C=3.3521, σ=1.6700732421874998, ‖∇‖=7322.1509
[DP-Client 2] step 0/22, C=4.1139, σ=1.6700732421874998, ‖∇‖=8986.5240
[DP-Client 2] step 4/22, C=4.1139, σ=1.6700732421874998, ‖∇‖=8985.6611
[DP-Client 2] step 8/22, C=4.1139, σ=1.6700732421874998, ‖∇‖=8986.1781
[DP-Client 2] step 12/22, C=4.1139, σ=1.6700732421874998, ‖∇‖=8986.1940
[DP-Client 2] step 16/22, C=4.1139, σ=1.6700732421874998, ‖∇‖=8985.6631
[DP-Client 2] step 20/22, C=4.1139, σ=1.6700732421874998, ‖∇‖=8985.4411
[DP-Client 3] step 0/16, C=2.8774, σ=1.6700732421874998, ‖∇‖=6284.7874
[DP-Client 3] step 3/16, C=2.8774, σ=1.6700732421874998, ‖∇‖=6285.3315
[DP-Client 3] step 6/16, C=2.8774, σ=1.6700732421874998, ‖∇‖=6285.2705
[DP-Client 3] step 9/16, C=2.8774, σ=1.6700732421874998, ‖∇‖=6285.5096
[DP-Client 3] step 12/16, C=2.8774, σ=1.6700732421874998, ‖∇‖=6286.6735
[DP-Client 3] step 15/16, C=2.8774, σ=1.6700732421874998, ‖∇‖=6285.4438
[DP-Client 4] step 0/50, C=3.5001, σ=1.6700732421874998, ‖∇‖=7644.7532
[DP-Client 4] step 10/50, C=3.5001, σ=1.6700732421874998, ‖∇‖=7645.0791
[DP-Client 4] step 20/50, C=3.5001, σ=1.6700732421874998, ‖∇‖=7645.7060
[DP-Client 4] step 30/50, C=3.5001, σ=1.6700732421874998, ‖∇‖=7644.9724
[DP-Client 4] step 40/50, C=3.5001, σ=1.6700732421874998, ‖∇‖=7644.6552
[DP-Client 0] step 0/11, C=3.5020, σ=1.6700732421874998, ‖∇‖=7650.1874
[DP-Client 0] step 2/11, C=3.5020, σ=1.6700732421874998, ‖∇‖=7649.6134
[DP-Client 0] step 4/11, C=3.5020, σ=1.6700732421874998, ‖∇‖=7649.4795
[DP-Client 0] step 6/11, C=3.5020, σ=1.6700732421874998, ‖∇‖=7649.4515
[DP-Client 0] step 8/11, C=3.5020, σ=1.6700732421874998, ‖∇‖=7649.1639
[DP-Client 0] step 10/11, C=3.5020, σ=1.6700732421874998, ‖∇‖=7649.1215
[DP-Client 1] step 0/16, C=4.5574, σ=1.6700732421874998, ‖∇‖=9955.0300
[DP-Client 1] step 3/16, C=4.5574, σ=1.6700732421874998, ‖∇‖=9954.1531
[DP-Client 1] step 6/16, C=4.5574, σ=1.6700732421874998, ‖∇‖=9955.6812
[DP-Client 1] step 9/16, C=4.5574, σ=1.6700732421874998, ‖∇‖=9956.2634
[DP-Client 1] step 12/16, C=4.5574, σ=1.6700732421874998, ‖∇‖=9954.6714
[DP-Client 1] step 15/16, C=4.5574, σ=1.6700732421874998, ‖∇‖=9955.0903
[DP-Client 2] step 0/22, C=4.5267, σ=1.6700732421874998, ‖∇‖=9888.0438
[DP-Client 2] step 4/22, C=4.5267, σ=1.6700732421874998, ‖∇‖=9888.6400
[DP-Client 2] step 8/22, C=4.5267, σ=1.6700732421874998, ‖∇‖=9888.5132
[DP-Client 2] step 12/22, C=4.5267, σ=1.6700732421874998, ‖∇‖=9887.0155
[DP-Client 2] step 16/22, C=4.5267, σ=1.6700732421874998, ‖∇‖=9888.2889
[DP-Client 2] step 20/22, C=4.5267, σ=1.6700732421874998, ‖∇‖=9887.9525
[DP-Client 3] step 0/16, C=3.1223, σ=1.6700732421874998, ‖∇‖=6819.3668
[DP-Client 3] step 3/16, C=3.1223, σ=1.6700732421874998, ‖∇‖=6820.7720
[DP-Client 3] step 6/16, C=3.1223, σ=1.6700732421874998, ‖∇‖=6820.4253
[DP-Client 3] step 9/16, C=3.1223, σ=1.6700732421874998, ‖∇‖=6820.4707
[DP-Client 3] step 12/16, C=3.1223, σ=1.6700732421874998, ‖∇‖=6820.1016
[DP-Client 3] step 15/16, C=3.1223, σ=1.6700732421874998, ‖∇‖=6820.5329
[DP-Client 4] step 0/50, C=4.2818, σ=1.6700732421874998, ‖∇‖=9351.3095
[DP-Client 4] step 10/50, C=4.2818, σ=1.6700732421874998, ‖∇‖=9353.4945
[DP-Client 4] step 20/50, C=4.2818, σ=1.6700732421874998, ‖∇‖=9352.6322
[DP-Client 4] step 30/50, C=4.2818, σ=1.6700732421874998, ‖∇‖=9353.1016
[DP-Client 4] step 40/50, C=4.2818, σ=1.6700732421874998, ‖∇‖=9353.4090
[DP-Client 0] step 0/11, C=21.0050, σ=1.6700732421874998, ‖∇‖=45875.6657
[DP-Client 0] step 2/11, C=21.0050, σ=1.6700732421874998, ‖∇‖=45878.8815
[DP-Client 0] step 4/11, C=21.0050, σ=1.6700732421874998, ‖∇‖=45886.4932
[DP-Client 0] step 6/11, C=21.0050, σ=1.6700732421874998, ‖∇‖=45881.2286
[DP-Client 0] step 8/11, C=21.0050, σ=1.6700732421874998, ‖∇‖=45877.0787
[DP-Client 0] step 10/11, C=21.0050, σ=1.6700732421874998, ‖∇‖=45881.5089
[DP-Client 1] step 0/16, C=18.4998, σ=1.6700732421874998, ‖∇‖=40407.7328
[DP-Client 1] step 3/16, C=18.4998, σ=1.6700732421874998, ‖∇‖=40414.0477
[DP-Client 1] step 6/16, C=18.4998, σ=1.6700732421874998, ‖∇‖=40411.0380
[DP-Client 1] step 9/16, C=18.4998, σ=1.6700732421874998, ‖∇‖=40408.6861
[DP-Client 1] step 12/16, C=18.4998, σ=1.6700732421874998, ‖∇‖=40410.0288
[DP-Client 1] step 15/16, C=18.4998, σ=1.6700732421874998, ‖∇‖=40412.1779
[DP-Client 2] step 0/22, C=15.5036, σ=1.6700732421874998, ‖∇‖=33867.7346
[DP-Client 2] step 4/22, C=15.5036, σ=1.6700732421874998, ‖∇‖=33862.9662
[DP-Client 2] step 8/22, C=15.5036, σ=1.6700732421874998, ‖∇‖=33862.7404
[DP-Client 2] step 12/22, C=15.5036, σ=1.6700732421874998, ‖∇‖=33864.1419
[DP-Client 2] step 16/22, C=15.5036, σ=1.6700732421874998, ‖∇‖=33864.5958
[DP-Client 2] step 20/22, C=15.5036, σ=1.6700732421874998, ‖∇‖=33869.5877
[DP-Client 3] step 0/16, C=19.9500, σ=1.6700732421874998, ‖∇‖=43571.9863
[DP-Client 3] step 3/16, C=19.9500, σ=1.6700732421874998, ‖∇‖=43577.5471
[DP-Client 3] step 6/16, C=19.9500, σ=1.6700732421874998, ‖∇‖=43577.7201
[DP-Client 3] step 9/16, C=19.9500, σ=1.6700732421874998, ‖∇‖=43573.9651
[DP-Client 3] step 12/16, C=19.9500, σ=1.6700732421874998, ‖∇‖=43578.6545
[DP-Client 3] step 15/16, C=19.9500, σ=1.6700732421874998, ‖∇‖=43575.4162
[DP-Client 4] step 0/50, C=17.4175, σ=1.6700732421874998, ‖∇‖=38051.4224
[DP-Client 4] step 10/50, C=17.4175, σ=1.6700732421874998, ‖∇‖=38046.0041
[DP-Client 4] step 20/50, C=17.4175, σ=1.6700732421874998, ‖∇‖=38046.8268
[DP-Client 4] step 30/50, C=17.4175, σ=1.6700732421874998, ‖∇‖=38050.4993
[DP-Client 4] step 40/50, C=17.4175, σ=1.6700732421874998, ‖∇‖=38042.7364
[DP-Client 0] step 0/11, C=14.4842, σ=1.6700732421874998, ‖∇‖=31641.5294
[DP-Client 0] step 2/11, C=14.4842, σ=1.6700732421874998, ‖∇‖=31645.4396
[DP-Client 0] step 4/11, C=14.4842, σ=1.6700732421874998, ‖∇‖=31635.7588
[DP-Client 0] step 6/11, C=14.4842, σ=1.6700732421874998, ‖∇‖=31640.0066
[DP-Client 0] step 8/11, C=14.4842, σ=1.6700732421874998, ‖∇‖=31634.6529
[DP-Client 0] step 10/11, C=14.4842, σ=1.6700732421874998, ‖∇‖=31635.4770
[DP-Client 1] step 0/16, C=11.9686, σ=1.6700732421874998, ‖∇‖=26144.8477
[DP-Client 1] step 3/16, C=11.9686, σ=1.6700732421874998, ‖∇‖=26141.2824
[DP-Client 1] step 6/16, C=11.9686, σ=1.6700732421874998, ‖∇‖=26143.0161
[DP-Client 1] step 9/16, C=11.9686, σ=1.6700732421874998, ‖∇‖=26142.3329
[DP-Client 1] step 12/16, C=11.9686, σ=1.6700732421874998, ‖∇‖=26144.8011
[DP-Client 1] step 15/16, C=11.9686, σ=1.6700732421874998, ‖∇‖=26143.8639
[DP-Client 2] step 0/22, C=21.4909, σ=1.6700732421874998, ‖∇‖=46942.2693
[DP-Client 2] step 4/22, C=21.4909, σ=1.6700732421874998, ‖∇‖=46944.6649
[DP-Client 2] step 8/22, C=21.4909, σ=1.6700732421874998, ‖∇‖=46942.9417
[DP-Client 2] step 12/22, C=21.4909, σ=1.6700732421874998, ‖∇‖=46946.0870
[DP-Client 2] step 16/22, C=21.4909, σ=1.6700732421874998, ‖∇‖=46947.3587
[DP-Client 2] step 20/22, C=21.4909, σ=1.6700732421874998, ‖∇‖=46943.7042
[DP-Client 3] step 0/16, C=18.0658, σ=1.6700732421874998, ‖∇‖=39455.7461
[DP-Client 3] step 3/16, C=18.0658, σ=1.6700732421874998, ‖∇‖=39459.8969
[DP-Client 3] step 6/16, C=18.0658, σ=1.6700732421874998, ‖∇‖=39462.7722
[DP-Client 3] step 9/16, C=18.0658, σ=1.6700732421874998, ‖∇‖=39464.1402
[DP-Client 3] step 12/16, C=18.0658, σ=1.6700732421874998, ‖∇‖=39460.5263
[DP-Client 3] step 15/16, C=18.0658, σ=1.6700732421874998, ‖∇‖=39457.2592
[DP-Client 4] step 0/50, C=18.7221, σ=1.6700732421874998, ‖∇‖=40892.4067
[DP-Client 4] step 10/50, C=18.7221, σ=1.6700732421874998, ‖∇‖=40891.5362
[DP-Client 4] step 20/50, C=18.7221, σ=1.6700732421874998, ‖∇‖=40891.6734
[DP-Client 4] step 30/50, C=18.7221, σ=1.6700732421874998, ‖∇‖=40893.5461
[DP-Client 4] step 40/50, C=18.7221, σ=1.6700732421874998, ‖∇‖=40899.6551
[DP-Client 0] step 0/11, C=7.1999, σ=1.6700732421874998, ‖∇‖=15726.1841
[DP-Client 0] step 2/11, C=7.1999, σ=1.6700732421874998, ‖∇‖=15727.6375
[DP-Client 0] step 4/11, C=7.1999, σ=1.6700732421874998, ‖∇‖=15727.7860
[DP-Client 0] step 6/11, C=7.1999, σ=1.6700732421874998, ‖∇‖=15725.7116
[DP-Client 0] step 8/11, C=7.1999, σ=1.6700732421874998, ‖∇‖=15727.7753
[DP-Client 0] step 10/11, C=7.1999, σ=1.6700732421874998, ‖∇‖=15726.7593
[DP-Client 1] step 0/16, C=8.8328, σ=1.6700732421874998, ‖∇‖=19292.3045
[DP-Client 1] step 3/16, C=8.8328, σ=1.6700732421874998, ‖∇‖=19292.5265
[DP-Client 1] step 6/16, C=8.8328, σ=1.6700732421874998, ‖∇‖=19293.9967
[DP-Client 1] step 9/16, C=8.8328, σ=1.6700732421874998, ‖∇‖=19292.2720
[DP-Client 1] step 12/16, C=8.8328, σ=1.6700732421874998, ‖∇‖=19293.1772
[DP-Client 1] step 15/16, C=8.8328, σ=1.6700732421874998, ‖∇‖=19292.9053
[DP-Client 2] step 0/22, C=8.1185, σ=1.6700732421874998, ‖∇‖=17733.7315
[DP-Client 2] step 4/22, C=8.1185, σ=1.6700732421874998, ‖∇‖=17732.9870
[DP-Client 2] step 8/22, C=8.1185, σ=1.6700732421874998, ‖∇‖=17733.6840
[DP-Client 2] step 12/22, C=8.1185, σ=1.6700732421874998, ‖∇‖=17733.8200
[DP-Client 2] step 16/22, C=8.1185, σ=1.6700732421874998, ‖∇‖=17733.8779
[DP-Client 2] step 20/22, C=8.1185, σ=1.6700732421874998, ‖∇‖=17734.5378
[DP-Client 3] step 0/16, C=11.9070, σ=1.6700732421874998, ‖∇‖=26009.2802
[DP-Client 3] step 3/16, C=11.9070, σ=1.6700732421874998, ‖∇‖=26006.5943
[DP-Client 3] step 6/16, C=11.9070, σ=1.6700732421874998, ‖∇‖=26008.0514
[DP-Client 3] step 9/16, C=11.9070, σ=1.6700732421874998, ‖∇‖=26007.6132
[DP-Client 3] step 12/16, C=11.9070, σ=1.6700732421874998, ‖∇‖=26011.9879
[DP-Client 3] step 15/16, C=11.9070, σ=1.6700732421874998, ‖∇‖=26012.4570
[DP-Client 4] step 0/50, C=7.8009, σ=1.6700732421874998, ‖∇‖=17038.1213
[DP-Client 4] step 10/50, C=7.8009, σ=1.6700732421874998, ‖∇‖=17041.2713
[DP-Client 4] step 20/50, C=7.8009, σ=1.6700732421874998, ‖∇‖=17041.1682
[DP-Client 4] step 30/50, C=7.8009, σ=1.6700732421874998, ‖∇‖=17041.7700
[DP-Client 4] step 40/50, C=7.8009, σ=1.6700732421874998, ‖∇‖=17040.0906
[DP-Client 0] step 0/11, C=7.2002, σ=1.6700732421874998, ‖∇‖=15726.0408
[DP-Client 0] step 2/11, C=7.2002, σ=1.6700732421874998, ‖∇‖=15726.4961
[DP-Client 0] step 4/11, C=7.2002, σ=1.6700732421874998, ‖∇‖=15727.8168
[DP-Client 0] step 6/11, C=7.2002, σ=1.6700732421874998, ‖∇‖=15728.4286
[DP-Client 0] step 8/11, C=7.2002, σ=1.6700732421874998, ‖∇‖=15728.4622
[DP-Client 0] step 10/11, C=7.2002, σ=1.6700732421874998, ‖∇‖=15727.8519
[DP-Client 1] step 0/16, C=7.0638, σ=1.6700732421874998, ‖∇‖=15428.4529
[DP-Client 1] step 3/16, C=7.0638, σ=1.6700732421874998, ‖∇‖=15429.7899
[DP-Client 1] step 6/16, C=7.0638, σ=1.6700732421874998, ‖∇‖=15427.3020
[DP-Client 1] step 9/16, C=7.0638, σ=1.6700732421874998, ‖∇‖=15430.2696
[DP-Client 1] step 12/16, C=7.0638, σ=1.6700732421874998, ‖∇‖=15429.0328
[DP-Client 1] step 15/16, C=7.0638, σ=1.6700732421874998, ‖∇‖=15429.1084
[DP-Client 2] step 0/22, C=6.2709, σ=1.6700732421874998, ‖∇‖=13697.3111
[DP-Client 2] step 4/22, C=6.2709, σ=1.6700732421874998, ‖∇‖=13698.2332
[DP-Client 2] step 8/22, C=6.2709, σ=1.6700732421874998, ‖∇‖=13697.7970
[DP-Client 2] step 12/22, C=6.2709, σ=1.6700732421874998, ‖∇‖=13697.8796
[DP-Client 2] step 16/22, C=6.2709, σ=1.6700732421874998, ‖∇‖=13697.4328
[DP-Client 2] step 20/22, C=6.2709, σ=1.6700732421874998, ‖∇‖=13698.1602
[DP-Client 3] step 0/16, C=6.3468, σ=1.6700732421874998, ‖∇‖=13862.8121
[DP-Client 3] step 3/16, C=6.3468, σ=1.6700732421874998, ‖∇‖=13862.9369
[DP-Client 3] step 6/16, C=6.3468, σ=1.6700732421874998, ‖∇‖=13864.6153
[DP-Client 3] step 9/16, C=6.3468, σ=1.6700732421874998, ‖∇‖=13864.4923
[DP-Client 3] step 12/16, C=6.3468, σ=1.6700732421874998, ‖∇‖=13861.6807
[DP-Client 3] step 15/16, C=6.3468, σ=1.6700732421874998, ‖∇‖=13863.5864
[DP-Client 4] step 0/50, C=6.9960, σ=1.6700732421874998, ‖∇‖=15283.2564
[DP-Client 4] step 10/50, C=6.9960, σ=1.6700732421874998, ‖∇‖=15282.3001
[DP-Client 4] step 20/50, C=6.9960, σ=1.6700732421874998, ‖∇‖=15281.7262
[DP-Client 4] step 30/50, C=6.9960, σ=1.6700732421874998, ‖∇‖=15281.6628
[DP-Client 4] step 40/50, C=6.9960, σ=1.6700732421874998, ‖∇‖=15282.9782
[DP-Client 0] step 0/11, C=4.2898, σ=1.6700732421874998, ‖∇‖=9370.0118
[DP-Client 0] step 2/11, C=4.2898, σ=1.6700732421874998, ‖∇‖=9369.3598
[DP-Client 0] step 4/11, C=4.2898, σ=1.6700732421874998, ‖∇‖=9371.7343
[DP-Client 0] step 6/11, C=4.2898, σ=1.6700732421874998, ‖∇‖=9370.6982
[DP-Client 0] step 8/11, C=4.2898, σ=1.6700732421874998, ‖∇‖=9370.3908
[DP-Client 0] step 10/11, C=4.2898, σ=1.6700732421874998, ‖∇‖=9370.1768
[DP-Client 1] step 0/16, C=4.1612, σ=1.6700732421874998, ‖∇‖=9089.4036
[DP-Client 1] step 3/16, C=4.1612, σ=1.6700732421874998, ‖∇‖=9088.9255
[DP-Client 1] step 6/16, C=4.1612, σ=1.6700732421874998, ‖∇‖=9090.1392
[DP-Client 1] step 9/16, C=4.1612, σ=1.6700732421874998, ‖∇‖=9088.7992
[DP-Client 1] step 12/16, C=4.1612, σ=1.6700732421874998, ‖∇‖=9089.9229
[DP-Client 1] step 15/16, C=4.1612, σ=1.6700732421874998, ‖∇‖=9089.3812
[DP-Client 2] step 0/22, C=3.6384, σ=1.6700732421874998, ‖∇‖=7947.6613
[DP-Client 2] step 4/22, C=3.6384, σ=1.6700732421874998, ‖∇‖=7947.3216
[DP-Client 2] step 8/22, C=3.6384, σ=1.6700732421874998, ‖∇‖=7947.6039
[DP-Client 2] step 12/22, C=3.6384, σ=1.6700732421874998, ‖∇‖=7946.9007
[DP-Client 2] step 16/22, C=3.6384, σ=1.6700732421874998, ‖∇‖=7946.7206
[DP-Client 2] step 20/22, C=3.6384, σ=1.6700732421874998, ‖∇‖=7947.7426
[DP-Client 3] step 0/16, C=4.7412, σ=1.6700732421874998, ‖∇‖=10355.6823
[DP-Client 3] step 3/16, C=4.7412, σ=1.6700732421874998, ‖∇‖=10355.6894
[DP-Client 3] step 6/16, C=4.7412, σ=1.6700732421874998, ‖∇‖=10355.5073
[DP-Client 3] step 9/16, C=4.7412, σ=1.6700732421874998, ‖∇‖=10356.8955
[DP-Client 3] step 12/16, C=4.7412, σ=1.6700732421874998, ‖∇‖=10355.2279
[DP-Client 3] step 15/16, C=4.7412, σ=1.6700732421874998, ‖∇‖=10356.3462
[DP-Client 4] step 0/50, C=4.6956, σ=1.6700732421874998, ‖∇‖=10255.8260
[DP-Client 4] step 10/50, C=4.6956, σ=1.6700732421874998, ‖∇‖=10256.4485
[DP-Client 4] step 20/50, C=4.6956, σ=1.6700732421874998, ‖∇‖=10257.4479
[DP-Client 4] step 30/50, C=4.6956, σ=1.6700732421874998, ‖∇‖=10256.3444
[DP-Client 4] step 40/50, C=4.6956, σ=1.6700732421874998, ‖∇‖=10256.3825

[DP-FedRAG] Training complete. Check logs for final privacy report.
